[2026-09-01 15:26:19] round attempt 1/12
base datasets: ['clear_t06lap']
resuming: found 9 prior DAgger round(s) in dagger_clear_t06lap, continuing at round 9
resuming from 'teacher_clear_t06lap_dagger_r06', the newest policy this run actually trained (round 6); not 'teacher_clear_t06lap_bc'
  server is 51s old: world is already fresh, skipping reload

################################################################
# DAgger round 9 — evaluating policy 'teacher_clear_t06lap_dagger_r06'
################################################################
Terminated
[2026-09-01 15:27:32]   round trained (rc=143)
Traceback (most recent call last):
  File "/home/za/ad-assurance--workspace/formal-verification--steering--code/scripts/gate_teacher_lap.py", line 30, in <module>
    from preprocess import preprocess_for_model                    # noqa: E402
ModuleNotFoundError: No module named 'preprocess'
Traceback (most recent call last):
  File "/home/za/ad-assurance--workspace/formal-verification--steering--code/scripts/gate_teacher_lap.py", line 30, in <module>
    from preprocess import preprocess_for_model                    # noqa: E402
ModuleNotFoundError: No module named 'preprocess'
Traceback (most recent call last):
  File "/home/za/ad-assurance--workspace/formal-verification--steering--code/scripts/gate_teacher_lap.py", line 30, in <module>
    from preprocess import preprocess_for_model                    # noqa: E402
ModuleNotFoundError: No module named 'preprocess'
[2026-09-01 15:30:52]   gate: 0/3 laps passed with teacher_clear_t06lap_dagger_r06
[2026-09-01 15:30:52] round attempt 2/12
base datasets: ['clear_t06lap']
resuming: found 9 prior DAgger round(s) in dagger_clear_t06lap, continuing at round 9
resuming from 'teacher_clear_t06lap_dagger_r06', the newest policy this run actually trained (round 6); not 'teacher_clear_t06lap_bc'
  server is 51s old: world is already fresh, skipping reload

################################################################
# DAgger round 9 — evaluating policy 'teacher_clear_t06lap_dagger_r06'
################################################################
Terminated
[2026-09-01 15:32:01]   round trained (rc=143)
Traceback (most recent call last):
  File "/home/za/ad-assurance--workspace/formal-verification--steering--code/scripts/gate_teacher_lap.py", line 30, in <module>
    from preprocess import preprocess_for_model                    # noqa: E402
ModuleNotFoundError: No module named 'preprocess'
Traceback (most recent call last):
  File "/home/za/ad-assurance--workspace/formal-verification--steering--code/scripts/gate_teacher_lap.py", line 30, in <module>
    from preprocess import preprocess_for_model                    # noqa: E402
ModuleNotFoundError: No module named 'preprocess'
Traceback (most recent call last):
  File "/home/za/ad-assurance--workspace/formal-verification--steering--code/scripts/gate_teacher_lap.py", line 30, in <module>
    from preprocess import preprocess_for_model                    # noqa: E402
ModuleNotFoundError: No module named 'preprocess'
[2026-09-01 15:35:18]   gate: 0/3 laps passed with teacher_clear_t06lap_dagger_r06
[2026-09-01 15:35:18] round attempt 3/12
base datasets: ['clear_t06lap']
resuming: found 9 prior DAgger round(s) in dagger_clear_t06lap, continuing at round 9
resuming from 'teacher_clear_t06lap_dagger_r06', the newest policy this run actually trained (round 6); not 'teacher_clear_t06lap_bc'
  server is 59s old: world is already fresh, skipping reload

################################################################
# DAgger round 9 — evaluating policy 'teacher_clear_t06lap_dagger_r06'
################################################################
Terminated
[2026-09-01 15:36:36]   round trained (rc=143)
Traceback (most recent call last):
  File "/home/za/ad-assurance--workspace/formal-verification--steering--code/scripts/gate_teacher_lap.py", line 30, in <module>
    from preprocess import preprocess_for_model                    # noqa: E402
ModuleNotFoundError: No module named 'preprocess'
Traceback (most recent call last):
  File "/home/za/ad-assurance--workspace/formal-verification--steering--code/scripts/gate_teacher_lap.py", line 30, in <module>
    from preprocess import preprocess_for_model                    # noqa: E402
ModuleNotFoundError: No module named 'preprocess'
Traceback (most recent call last):
  File "/home/za/ad-assurance--workspace/formal-verification--steering--code/scripts/gate_teacher_lap.py", line 30, in <module>
    from preprocess import preprocess_for_model                    # noqa: E402
ModuleNotFoundError: No module named 'preprocess'
[2026-09-01 15:39:56]   gate: 0/3 laps passed with teacher_clear_t06lap_dagger_r06
[2026-09-01 15:39:56] round attempt 4/12
base datasets: ['clear_t06lap']
resuming: found 9 prior DAgger round(s) in dagger_clear_t06lap, continuing at round 9
resuming from 'teacher_clear_t06lap_dagger_r06', the newest policy this run actually trained (round 6); not 'teacher_clear_t06lap_bc'
  server is 51s old: world is already fresh, skipping reload

################################################################
# DAgger round 9 — evaluating policy 'teacher_clear_t06lap_dagger_r06'
################################################################
Terminated
[2026-09-01 15:41:06]   round trained (rc=143)
Traceback (most recent call last):
  File "/home/za/ad-assurance--workspace/formal-verification--steering--code/scripts/gate_teacher_lap.py", line 30, in <module>
    from preprocess import preprocess_for_model                    # noqa: E402
ModuleNotFoundError: No module named 'preprocess'
Traceback (most recent call last):
  File "/home/za/ad-assurance--workspace/formal-verification--steering--code/scripts/gate_teacher_lap.py", line 30, in <module>
    from preprocess import preprocess_for_model                    # noqa: E402
ModuleNotFoundError: No module named 'preprocess'
Traceback (most recent call last):
  File "/home/za/ad-assurance--workspace/formal-verification--steering--code/scripts/gate_teacher_lap.py", line 30, in <module>
    from preprocess import preprocess_for_model                    # noqa: E402
ModuleNotFoundError: No module named 'preprocess'
[2026-09-01 15:44:03]   gate: 0/3 laps passed with teacher_clear_t06lap_dagger_r06
[2026-09-01 15:44:03] round attempt 5/12
base datasets: ['clear_t06lap']
resuming: found 9 prior DAgger round(s) in dagger_clear_t06lap, continuing at round 9
resuming from 'teacher_clear_t06lap_dagger_r06', the newest policy this run actually trained (round 6); not 'teacher_clear_t06lap_bc'
  server is 50s old: world is already fresh, skipping reload

################################################################
# DAgger round 9 — evaluating policy 'teacher_clear_t06lap_dagger_r06'
################################################################
  [clear/lap] over-budget=  0.0%  max|CTE|= 1.51ft  (gate 2.19ft) -> PASS
  collected 1280 frames at beta=0.00

*** PASSED at round 9 with policy 'teacher_clear_t06lap_dagger_r06' ***

===== DAgger summary =====
  round 9: teacher_clear_t06lap_dagger_r06 PASS
[2026-09-01 15:45:57]   round trained (rc=0)
[2026-09-01 15:46:51]   restart failed before gate lap 0
[2026-09-01 15:46:51]   gate: 0/3 laps passed with teacher_clear_t06lap_dagger_r06
[2026-09-01 15:46:51] round attempt 6/12
base datasets: ['clear_t06lap']
resuming: found 10 prior DAgger round(s) in dagger_clear_t06lap, continuing at round 10
resuming from 'teacher_clear_t06lap_dagger_r06', the newest policy this run actually trained (round 6); not 'teacher_clear_t06lap_bc'
  server is 51s old: world is already fresh, skipping reload

################################################################
# DAgger round 10 — evaluating policy 'teacher_clear_t06lap_dagger_r06'
################################################################
  [clear/lap] over-budget=  0.0%  max|CTE|= 1.21ft  (gate 2.19ft) -> PASS
  collected 1280 frames at beta=0.00

*** PASSED at round 10 with policy 'teacher_clear_t06lap_dagger_r06' ***

===== DAgger summary =====
  round 10: teacher_clear_t06lap_dagger_r06 PASS
[2026-09-01 15:48:41]   round trained (rc=0)
Traceback (most recent call last):
  File "/home/za/ad-assurance--workspace/formal-verification--steering--code/scripts/gate_teacher_lap.py", line 30, in <module>
    from preprocess import preprocess_for_model                    # noqa: E402
ModuleNotFoundError: No module named 'preprocess'
Traceback (most recent call last):
  File "/home/za/ad-assurance--workspace/formal-verification--steering--code/scripts/gate_teacher_lap.py", line 30, in <module>
    from preprocess import preprocess_for_model                    # noqa: E402
ModuleNotFoundError: No module named 'preprocess'
