[2026-09-01 15:20:37] round attempt 1/12
base datasets: ['mixed_t06lap']
  server is 53s old: world is already fresh, skipping reload

################################################################
# DAgger round 0 — evaluating policy 'teacher_mixed_t06lap_bc'
################################################################
  [clear/lap] over-budget=  0.4%  max|CTE|= 6.67ft  (gate 2.19ft) -> FAIL
  [fog/lap] over-budget=  1.3%  max|CTE|=34.43ft  (gate 2.19ft) -> FAIL
    lap: aborted at step 721 (stall/offroad)
  [night/lap] over-budget=  3.7%  max|CTE|=30.97ft  (gate 2.19ft) -> FAIL
    lap: aborted at step 723 (stall/offroad)
  [shadows/lap] over-budget=  3.9%  max|CTE|=30.09ft  (gate 2.19ft) -> FAIL
  collected 4006 frames at beta=0.00
  aggregating 2 manifests, warm-start from 'teacher_mixed_t06lap_bc' -> teacher_mixed_t06lap_dagger_r00
  server is 47s old: world is already fresh, skipping reload
Terminated
[2026-09-01 15:26:20]   round trained (rc=143)
Traceback (most recent call last):
  File "/home/za/ad-assurance--workspace/formal-verification--steering--code/scripts/gate_teacher_lap.py", line 30, in <module>
    from preprocess import preprocess_for_model                    # noqa: E402
ModuleNotFoundError: No module named 'preprocess'
Traceback (most recent call last):
  File "/home/za/ad-assurance--workspace/formal-verification--steering--code/scripts/gate_teacher_lap.py", line 30, in <module>
    from preprocess import preprocess_for_model                    # noqa: E402
ModuleNotFoundError: No module named 'preprocess'
Traceback (most recent call last):
  File "/home/za/ad-assurance--workspace/formal-verification--steering--code/scripts/gate_teacher_lap.py", line 30, in <module>
    from preprocess import preprocess_for_model                    # noqa: E402
ModuleNotFoundError: No module named 'preprocess'
Traceback (most recent call last):
  File "/home/za/ad-assurance--workspace/formal-verification--steering--code/scripts/gate_teacher_lap.py", line 30, in <module>
    from preprocess import preprocess_for_model                    # noqa: E402
ModuleNotFoundError: No module named 'preprocess'
Traceback (most recent call last):
  File "/home/za/ad-assurance--workspace/formal-verification--steering--code/scripts/gate_teacher_lap.py", line 30, in <module>
    from preprocess import preprocess_for_model                    # noqa: E402
ModuleNotFoundError: No module named 'preprocess'
Traceback (most recent call last):
  File "/home/za/ad-assurance--workspace/formal-verification--steering--code/scripts/gate_teacher_lap.py", line 30, in <module>
    from preprocess import preprocess_for_model                    # noqa: E402
ModuleNotFoundError: No module named 'preprocess'
Traceback (most recent call last):
  File "/home/za/ad-assurance--workspace/formal-verification--steering--code/scripts/gate_teacher_lap.py", line 30, in <module>
    from preprocess import preprocess_for_model                    # noqa: E402
ModuleNotFoundError: No module named 'preprocess'
Traceback (most recent call last):
  File "/home/za/ad-assurance--workspace/formal-verification--steering--code/scripts/gate_teacher_lap.py", line 30, in <module>
    from preprocess import preprocess_for_model                    # noqa: E402
ModuleNotFoundError: No module named 'preprocess'
Traceback (most recent call last):
  File "/home/za/ad-assurance--workspace/formal-verification--steering--code/scripts/gate_teacher_lap.py", line 30, in <module>
    from preprocess import preprocess_for_model                    # noqa: E402
ModuleNotFoundError: No module named 'preprocess'
Traceback (most recent call last):
  File "/home/za/ad-assurance--workspace/formal-verification--steering--code/scripts/gate_teacher_lap.py", line 30, in <module>
    from preprocess import preprocess_for_model                    # noqa: E402
ModuleNotFoundError: No module named 'preprocess'
Traceback (most recent call last):
  File "/home/za/ad-assurance--workspace/formal-verification--steering--code/scripts/gate_teacher_lap.py", line 30, in <module>
    from preprocess import preprocess_for_model                    # noqa: E402
ModuleNotFoundError: No module named 'preprocess'
Traceback (most recent call last):
  File "/home/za/ad-assurance--workspace/formal-verification--steering--code/scripts/gate_teacher_lap.py", line 30, in <module>
    from preprocess import preprocess_for_model                    # noqa: E402
ModuleNotFoundError: No module named 'preprocess'
[2026-09-01 15:29:57]   gate: 0/12 laps passed with teacher_mixed_t06lap_dagger_r00
[2026-09-01 15:29:57] round attempt 2/12
Terminated
[2026-09-01 15:30:52]   round trained (rc=143)
Traceback (most recent call last):
  File "/home/za/ad-assurance--workspace/formal-verification--steering--code/scripts/gate_teacher_lap.py", line 30, in <module>
    from preprocess import preprocess_for_model                    # noqa: E402
ModuleNotFoundError: No module named 'preprocess'
Traceback (most recent call last):
  File "/home/za/ad-assurance--workspace/formal-verification--steering--code/scripts/gate_teacher_lap.py", line 30, in <module>
    from preprocess import preprocess_for_model                    # noqa: E402
ModuleNotFoundError: No module named 'preprocess'
Traceback (most recent call last):
  File "/home/za/ad-assurance--workspace/formal-verification--steering--code/scripts/gate_teacher_lap.py", line 30, in <module>
    from preprocess import preprocess_for_model                    # noqa: E402
ModuleNotFoundError: No module named 'preprocess'
Traceback (most recent call last):
  File "/home/za/ad-assurance--workspace/formal-verification--steering--code/scripts/gate_teacher_lap.py", line 30, in <module>
    from preprocess import preprocess_for_model                    # noqa: E402
ModuleNotFoundError: No module named 'preprocess'
Traceback (most recent call last):
  File "/home/za/ad-assurance--workspace/formal-verification--steering--code/scripts/gate_teacher_lap.py", line 30, in <module>
    from preprocess import preprocess_for_model                    # noqa: E402
ModuleNotFoundError: No module named 'preprocess'
Traceback (most recent call last):
  File "/home/za/ad-assurance--workspace/formal-verification--steering--code/scripts/gate_teacher_lap.py", line 30, in <module>
    from preprocess import preprocess_for_model                    # noqa: E402
ModuleNotFoundError: No module named 'preprocess'
Traceback (most recent call last):
  File "/home/za/ad-assurance--workspace/formal-verification--steering--code/scripts/gate_teacher_lap.py", line 30, in <module>
    from preprocess import preprocess_for_model                    # noqa: E402
ModuleNotFoundError: No module named 'preprocess'
Traceback (most recent call last):
  File "/home/za/ad-assurance--workspace/formal-verification--steering--code/scripts/gate_teacher_lap.py", line 30, in <module>
    from preprocess import preprocess_for_model                    # noqa: E402
ModuleNotFoundError: No module named 'preprocess'
Traceback (most recent call last):
  File "/home/za/ad-assurance--workspace/formal-verification--steering--code/scripts/gate_teacher_lap.py", line 30, in <module>
    from preprocess import preprocess_for_model                    # noqa: E402
ModuleNotFoundError: No module named 'preprocess'
Traceback (most recent call last):
  File "/home/za/ad-assurance--workspace/formal-verification--steering--code/scripts/gate_teacher_lap.py", line 30, in <module>
    from preprocess import preprocess_for_model                    # noqa: E402
ModuleNotFoundError: No module named 'preprocess'
Traceback (most recent call last):
  File "/home/za/ad-assurance--workspace/formal-verification--steering--code/scripts/gate_teacher_lap.py", line 30, in <module>
    from preprocess import preprocess_for_model                    # noqa: E402
ModuleNotFoundError: No module named 'preprocess'
Traceback (most recent call last):
  File "/home/za/ad-assurance--workspace/formal-verification--steering--code/scripts/gate_teacher_lap.py", line 30, in <module>
    from preprocess import preprocess_for_model                    # noqa: E402
ModuleNotFoundError: No module named 'preprocess'
[2026-09-01 15:34:22]   gate: 0/12 laps passed with teacher_mixed_t06lap_dagger_r00
[2026-09-01 15:34:22] round attempt 3/12
Terminated
[2026-09-01 15:35:19]   round trained (rc=143)
Traceback (most recent call last):
  File "/home/za/ad-assurance--workspace/formal-verification--steering--code/scripts/gate_teacher_lap.py", line 30, in <module>
    from preprocess import preprocess_for_model                    # noqa: E402
ModuleNotFoundError: No module named 'preprocess'
Traceback (most recent call last):
  File "/home/za/ad-assurance--workspace/formal-verification--steering--code/scripts/gate_teacher_lap.py", line 30, in <module>
    from preprocess import preprocess_for_model                    # noqa: E402
ModuleNotFoundError: No module named 'preprocess'
Traceback (most recent call last):
  File "/home/za/ad-assurance--workspace/formal-verification--steering--code/scripts/gate_teacher_lap.py", line 30, in <module>
    from preprocess import preprocess_for_model                    # noqa: E402
ModuleNotFoundError: No module named 'preprocess'
Traceback (most recent call last):
  File "/home/za/ad-assurance--workspace/formal-verification--steering--code/scripts/gate_teacher_lap.py", line 30, in <module>
    from preprocess import preprocess_for_model                    # noqa: E402
ModuleNotFoundError: No module named 'preprocess'
Traceback (most recent call last):
  File "/home/za/ad-assurance--workspace/formal-verification--steering--code/scripts/gate_teacher_lap.py", line 30, in <module>
    from preprocess import preprocess_for_model                    # noqa: E402
ModuleNotFoundError: No module named 'preprocess'
Traceback (most recent call last):
  File "/home/za/ad-assurance--workspace/formal-verification--steering--code/scripts/gate_teacher_lap.py", line 30, in <module>
    from preprocess import preprocess_for_model                    # noqa: E402
ModuleNotFoundError: No module named 'preprocess'
Traceback (most recent call last):
  File "/home/za/ad-assurance--workspace/formal-verification--steering--code/scripts/gate_teacher_lap.py", line 30, in <module>
    from preprocess import preprocess_for_model                    # noqa: E402
ModuleNotFoundError: No module named 'preprocess'
Traceback (most recent call last):
  File "/home/za/ad-assurance--workspace/formal-verification--steering--code/scripts/gate_teacher_lap.py", line 30, in <module>
    from preprocess import preprocess_for_model                    # noqa: E402
ModuleNotFoundError: No module named 'preprocess'
Traceback (most recent call last):
  File "/home/za/ad-assurance--workspace/formal-verification--steering--code/scripts/gate_teacher_lap.py", line 30, in <module>
    from preprocess import preprocess_for_model                    # noqa: E402
ModuleNotFoundError: No module named 'preprocess'
Traceback (most recent call last):
  File "/home/za/ad-assurance--workspace/formal-verification--steering--code/scripts/gate_teacher_lap.py", line 30, in <module>
    from preprocess import preprocess_for_model                    # noqa: E402
ModuleNotFoundError: No module named 'preprocess'
Traceback (most recent call last):
  File "/home/za/ad-assurance--workspace/formal-verification--steering--code/scripts/gate_teacher_lap.py", line 30, in <module>
    from preprocess import preprocess_for_model                    # noqa: E402
ModuleNotFoundError: No module named 'preprocess'
Traceback (most recent call last):
  File "/home/za/ad-assurance--workspace/formal-verification--steering--code/scripts/gate_teacher_lap.py", line 30, in <module>
    from preprocess import preprocess_for_model                    # noqa: E402
ModuleNotFoundError: No module named 'preprocess'
[2026-09-01 15:38:58]   gate: 0/12 laps passed with teacher_mixed_t06lap_dagger_r00
[2026-09-01 15:38:58] round attempt 4/12
Terminated
[2026-09-01 15:39:56]   round trained (rc=143)
Traceback (most recent call last):
  File "/home/za/ad-assurance--workspace/formal-verification--steering--code/scripts/gate_teacher_lap.py", line 30, in <module>
    from preprocess import preprocess_for_model                    # noqa: E402
ModuleNotFoundError: No module named 'preprocess'
Traceback (most recent call last):
  File "/home/za/ad-assurance--workspace/formal-verification--steering--code/scripts/gate_teacher_lap.py", line 30, in <module>
    from preprocess import preprocess_for_model                    # noqa: E402
ModuleNotFoundError: No module named 'preprocess'
Traceback (most recent call last):
  File "/home/za/ad-assurance--workspace/formal-verification--steering--code/scripts/gate_teacher_lap.py", line 30, in <module>
    from preprocess import preprocess_for_model                    # noqa: E402
ModuleNotFoundError: No module named 'preprocess'
Traceback (most recent call last):
  File "/home/za/ad-assurance--workspace/formal-verification--steering--code/scripts/gate_teacher_lap.py", line 30, in <module>
    from preprocess import preprocess_for_model                    # noqa: E402
ModuleNotFoundError: No module named 'preprocess'
