=== capture gate (precondition) ===

CAPTURE GATE -- Town04, condition 'clear', threshold 0.05
  S_clear   eastbound  mean|capture-driven| 0.0066  (1488 poses)  PASS
  S_clear   westbound  mean|capture-driven| 0.0066  (1487 poses)  PASS
  S_mixed   eastbound  mean|capture-driven| 0.0054  (1488 poses)  PASS
  S_mixed   westbound  mean|capture-driven| 0.0051  (1487 poses)  PASS

  worst 0.0066 against 0.05  over 4/4 cells  -> PASS
  -> results/town04_v2/calibration/capture_gate.json

=== sustained-bias bound ===
/home/za/.local/lib/python3.10/site-packages/torch/jit/_script.py:1488: DeprecationWarning: `torch.jit.script` is deprecated. Please switch to `torch.compile` or `torch.export`.
  warnings.warn(
/home/za/ad-assurance--workspace/formal-verification--steering--code/scripts/certify_cell.py:423: UserWarning: Converting a tensor with requires_grad=True to a scalar may lead to unexpected behavior.
Consider using tensor.detach() first. (Triggered internally at /__w/pytorch/pytorch/torch/csrc/autograd/generated/python_variable_methods.cpp:822.)
  return float(lb.min()), float(ub.max())

SUSTAINED-BIAS BOUND over s in [0,1]   tolerance 0.0120
  stride 8, 16-way branch and bound, 12 cells expected

  dir        model     cond      base                 bias bound        x tol  verdict     drive
  westbound  S_clear   fog       foreign  [-0.00286,+0.00790] [-0.24,+0.66]  CERTIFIED   
  westbound  S_clear   night     foreign  [-0.04872,+0.00950] [-4.06,+0.79]  FALSIFIED   
  westbound  S_clear   shadows   foreign  [-0.00789,+0.01831] [-0.66,+1.52]  FALSIFIED   
  westbound  S_mixed   fog       foreign  [-0.00121,+0.00149] [-0.10,+0.12]  CERTIFIED   
  westbound  S_mixed   night     foreign  [-0.00232,+0.00302] [-0.19,+0.25]  CERTIFIED   
  westbound  S_mixed   shadows   foreign  [-0.00211,+0.00086] [-0.18,+0.07]  CERTIFIED   
  eastbound  S_clear   fog       foreign  [-0.00387,+0.00586] [-0.32,+0.49]  CERTIFIED   
  eastbound  S_clear   night     foreign  [-0.05226,+0.01114] [-4.35,+0.93]  FALSIFIED   
  eastbound  S_clear   shadows   foreign  [-0.00930,+0.01856] [-0.77,+1.55]  FALSIFIED   
  eastbound  S_mixed   fog       foreign  [-0.00083,+0.00192] [-0.07,+0.16]  CERTIFIED   
  eastbound  S_mixed   night     foreign  [-0.00182,+0.00375] [-0.15,+0.31]  CERTIFIED   
  eastbound  S_mixed   shadows   foreign  [-0.00202,+0.00148] [-0.17,+0.12]  CERTIFIED   

  12 cells bounded. NO agreement column: these are different
  students from the published ones, so the hardcoded outcomes do not
  apply. Agreement comes from this redo's OWN ledger.

CERTIFY TOWN04 DONE -> results/town04_v2/calibration/sustained_bound.json
