condition filter ['clear']: kept 6779 of 27112 frames
manifests=1 total=6779 train=5779 val=1000 | balance=False augment=False | device=cuda
  epoch   0 | train 3.686e-03 | val 1.910e-04 | rmse 0.0138 *
  epoch   1 | train 2.629e-04 | val 1.800e-04 | rmse 0.0134 *
  epoch   7 | train 2.487e-04 | val 1.725e-04 | rmse 0.0131 *
  epoch   9 | train 2.374e-04 | val 1.669e-04 | rmse 0.0129 *
  epoch  10 | train 2.386e-04 | val 1.583e-04 | rmse 0.0126 *
  epoch  11 | train 2.429e-04 | val 1.438e-04 | rmse 0.0120 *
  epoch  13 | train 2.317e-04 | val 1.377e-04 | rmse 0.0117 *
  epoch  14 | train 2.092e-04 | val 1.076e-04 | rmse 0.0104 *
  epoch  19 | train 1.389e-04 | val 8.163e-05 | rmse 0.0090 *
  epoch  20 | train 1.171e-04 | val 5.344e-05 | rmse 0.0073 *
  epoch  22 | train 9.261e-05 | val 4.520e-05 | rmse 0.0067 *
  epoch  23 | train 7.462e-05 | val 4.321e-05 | rmse 0.0066 *
  epoch  24 | train 5.832e-05 | val 4.210e-05 | rmse 0.0065 *
  epoch  25 | train 4.796e-05 | val 3.017e-05 | rmse 0.0055 *
  epoch  30 | train 3.251e-05 | val 2.980e-05 | rmse 0.0055 *
  epoch  32 | train 3.067e-05 | val 2.950e-05 | rmse 0.0054 *
  epoch  33 | train 3.207e-05 | val 2.661e-05 | rmse 0.0052 *
  epoch  35 | train 2.514e-05 | val 2.282e-05 | rmse 0.0048 *
  epoch  39 | train 2.397e-05 | val 2.099e-05 | rmse 0.0046 *
  epoch  40 | train 2.636e-05 | val 1.940e-05 | rmse 0.0044 *
  epoch  44 | train 2.011e-05 | val 1.891e-05 | rmse 0.0043 *
  epoch  45 | train 2.140e-05 | val 1.737e-05 | rmse 0.0042 *
  epoch  50 | train 1.850e-05 | val 3.458e-05 | rmse 0.0059
  epoch  54 | train 2.087e-05 | val 1.725e-05 | rmse 0.0042 *
  epoch  57 | train 1.576e-05 | val 1.589e-05 | rmse 0.0040 *
  epoch  60 | train 1.565e-05 | val 1.554e-05 | rmse 0.0039 *
  epoch  70 | train 1.119e-05 | val 2.280e-05 | rmse 0.0048
  epoch  76 | train 1.026e-05 | val 1.443e-05 | rmse 0.0038 *
  epoch  80 | train 1.013e-05 | val 1.880e-05 | rmse 0.0043
  epoch  90 | train 9.032e-06 | val 2.279e-05 | rmse 0.0048
  early stop at epoch 96
BEST val MSE=1.443e-05 RMSE=0.0038 -> /home/za/ad-assurance--workspace/formal-verification--steering--code/pipeline/checkpoints/teacher_clear_v2_bc.pth
