[2026-09-04 07:05:43] === E1b bimodal probe: S_mixed_res_252x84_s1 / fog, 252x84 ===
[2026-09-04 07:05:43] arm A: ONE process, 12 laps

STUDENT VARIANT COMPARISON -- fog, 12 lap(s) each, clean server before every lap
  budget 2.19 ft

  S_mixed_res_252x84_s1                        lap0  max|CTE|    7.54 ft over   1.5%  steps 1180/1280  FAIL
  S_mixed_res_252x84_s1                        lap1  max|CTE|    7.51 ft over   1.3%  steps 1180/1280  FAIL
  S_mixed_res_252x84_s1                        lap2  max|CTE|   22.58 ft over   5.3%  steps 304/1280  DEPARTED  FAIL
  S_mixed_res_252x84_s1                        lap3  max|CTE|   22.58 ft over   5.3%  steps 304/1280  DEPARTED  FAIL
  S_mixed_res_252x84_s1                        lap4  max|CTE|    1.45 ft over   0.0%  steps 1179/1280  PASS
  S_mixed_res_252x84_s1                        lap5  max|CTE|    1.77 ft over   0.0%  steps 1179/1280  PASS
  S_mixed_res_252x84_s1                        lap6  max|CTE|    3.40 ft over   1.4%  steps 1179/1280  FAIL
  S_mixed_res_252x84_s1                        lap7  max|CTE|   22.96 ft over   5.3%  steps 304/1280  DEPARTED  FAIL
  S_mixed_res_252x84_s1                        lap8  max|CTE|    7.51 ft over   1.3%  steps 1180/1280  FAIL
  S_mixed_res_252x84_s1                        lap9  max|CTE|    7.51 ft over   1.2%  steps 1180/1280  FAIL
  S_mixed_res_252x84_s1                        lap10  max|CTE|   22.58 ft over   5.3%  steps 304/1280  DEPARTED  FAIL
  S_mixed_res_252x84_s1                        lap11  max|CTE|   22.58 ft over   5.3%  steps 304/1280  DEPARTED  FAIL

checkpoint                                      laps held  worst |CTE|  % of budget
S_mixed_res_252x84_s1                               2/12        22.96ft        1048%

  -> /home/za/ad-assurance--workspace/formal-verification--steering--code/results/town06/bimodal/armA_one_process_12reps.json
[2026-09-04 07:16:58] arm B: process 1 of 12, 1 lap

STUDENT VARIANT COMPARISON -- fog, 1 lap(s) each, clean server before every lap
  budget 2.19 ft

  S_mixed_res_252x84_s1                        lap0  max|CTE|   22.58 ft over   5.3%  steps 304/1280  DEPARTED  FAIL

checkpoint                                      laps held  worst |CTE|  % of budget
S_mixed_res_252x84_s1                               0/1         22.58ft        1030%

  -> /home/za/ad-assurance--workspace/formal-verification--steering--code/results/town06/bimodal/armB_proc01.json
[2026-09-04 07:17:52] arm B: process 2 of 12, 1 lap

STUDENT VARIANT COMPARISON -- fog, 1 lap(s) each, clean server before every lap
  budget 2.19 ft

  S_mixed_res_252x84_s1                        lap0  max|CTE|   23.43 ft over   5.3%  steps 303/1280  DEPARTED  FAIL

checkpoint                                      laps held  worst |CTE|  % of budget
S_mixed_res_252x84_s1                               0/1         23.43ft        1069%

  -> /home/za/ad-assurance--workspace/formal-verification--steering--code/results/town06/bimodal/armB_proc02.json
[2026-09-04 07:18:45] arm B: process 3 of 12, 1 lap

STUDENT VARIANT COMPARISON -- fog, 1 lap(s) each, clean server before every lap
  budget 2.19 ft

  S_mixed_res_252x84_s1                        lap0  max|CTE|    7.51 ft over   1.3%  steps 1180/1280  FAIL

checkpoint                                      laps held  worst |CTE|  % of budget
S_mixed_res_252x84_s1                               0/1          7.51ft         343%

  -> /home/za/ad-assurance--workspace/formal-verification--steering--code/results/town06/bimodal/armB_proc03.json
[2026-09-04 07:19:43] arm B: process 4 of 12, 1 lap

STUDENT VARIANT COMPARISON -- fog, 1 lap(s) each, clean server before every lap
  budget 2.19 ft

  S_mixed_res_252x84_s1                        lap0  max|CTE|   23.43 ft over   5.3%  steps 303/1280  DEPARTED  FAIL

checkpoint                                      laps held  worst |CTE|  % of budget
S_mixed_res_252x84_s1                               0/1         23.43ft        1069%

  -> /home/za/ad-assurance--workspace/formal-verification--steering--code/results/town06/bimodal/armB_proc04.json
[2026-09-04 07:20:37] arm B: process 5 of 12, 1 lap

STUDENT VARIANT COMPARISON -- fog, 1 lap(s) each, clean server before every lap
  budget 2.19 ft

  S_mixed_res_252x84_s1                        lap0  max|CTE|   22.96 ft over   5.3%  steps 304/1280  DEPARTED  FAIL

checkpoint                                      laps held  worst |CTE|  % of budget
S_mixed_res_252x84_s1                               0/1         22.96ft        1048%

  -> /home/za/ad-assurance--workspace/formal-verification--steering--code/results/town06/bimodal/armB_proc05.json
[2026-09-04 07:21:31] arm B: process 6 of 12, 1 lap

STUDENT VARIANT COMPARISON -- fog, 1 lap(s) each, clean server before every lap
  budget 2.19 ft

  S_mixed_res_252x84_s1                        lap0  max|CTE|   22.58 ft over   5.3%  steps 304/1280  DEPARTED  FAIL

checkpoint                                      laps held  worst |CTE|  % of budget
S_mixed_res_252x84_s1                               0/1         22.58ft        1030%

  -> /home/za/ad-assurance--workspace/formal-verification--steering--code/results/town06/bimodal/armB_proc06.json
[2026-09-04 07:22:24] arm B: process 7 of 12, 1 lap

STUDENT VARIANT COMPARISON -- fog, 1 lap(s) each, clean server before every lap
  budget 2.19 ft

  S_mixed_res_252x84_s1                        lap0  max|CTE|   22.96 ft over   5.3%  steps 304/1280  DEPARTED  FAIL

checkpoint                                      laps held  worst |CTE|  % of budget
S_mixed_res_252x84_s1                               0/1         22.96ft        1048%

  -> /home/za/ad-assurance--workspace/formal-verification--steering--code/results/town06/bimodal/armB_proc07.json
[2026-09-04 07:23:17] arm B: process 8 of 12, 1 lap

STUDENT VARIANT COMPARISON -- fog, 1 lap(s) each, clean server before every lap
  budget 2.19 ft

  S_mixed_res_252x84_s1                        lap0  max|CTE|    2.13 ft over   0.0%  steps 1179/1280  PASS

checkpoint                                      laps held  worst |CTE|  % of budget
S_mixed_res_252x84_s1                               1/1          2.13ft          97%

  -> /home/za/ad-assurance--workspace/formal-verification--steering--code/results/town06/bimodal/armB_proc08.json
[2026-09-04 07:24:16] arm B: process 9 of 12, 1 lap

STUDENT VARIANT COMPARISON -- fog, 1 lap(s) each, clean server before every lap
  budget 2.19 ft

  S_mixed_res_252x84_s1                        lap0  max|CTE|    7.51 ft over   1.2%  steps 1180/1280  FAIL

checkpoint                                      laps held  worst |CTE|  % of budget
S_mixed_res_252x84_s1                               0/1          7.51ft         343%

  -> /home/za/ad-assurance--workspace/formal-verification--steering--code/results/town06/bimodal/armB_proc09.json
[2026-09-04 07:25:14] arm B: process 10 of 12, 1 lap

STUDENT VARIANT COMPARISON -- fog, 1 lap(s) each, clean server before every lap
  budget 2.19 ft

  S_mixed_res_252x84_s1                        lap0  max|CTE|   23.43 ft over   5.3%  steps 303/1280  DEPARTED  FAIL

checkpoint                                      laps held  worst |CTE|  % of budget
S_mixed_res_252x84_s1                               0/1         23.43ft        1069%

  -> /home/za/ad-assurance--workspace/formal-verification--steering--code/results/town06/bimodal/armB_proc10.json
[2026-09-04 07:26:08] arm B: process 11 of 12, 1 lap

STUDENT VARIANT COMPARISON -- fog, 1 lap(s) each, clean server before every lap
  budget 2.19 ft

  S_mixed_res_252x84_s1                        lap0  max|CTE|   22.58 ft over   5.3%  steps 304/1280  DEPARTED  FAIL

checkpoint                                      laps held  worst |CTE|  % of budget
S_mixed_res_252x84_s1                               0/1         22.58ft        1030%

  -> /home/za/ad-assurance--workspace/formal-verification--steering--code/results/town06/bimodal/armB_proc11.json
[2026-09-04 07:27:01] arm B: process 12 of 12, 1 lap

STUDENT VARIANT COMPARISON -- fog, 1 lap(s) each, clean server before every lap
  budget 2.19 ft

  S_mixed_res_252x84_s1                        lap0  max|CTE|    7.51 ft over   1.2%  steps 1180/1280  FAIL

checkpoint                                      laps held  worst |CTE|  % of budget
S_mixed_res_252x84_s1                               0/1          7.51ft         343%

  -> /home/za/ad-assurance--workspace/formal-verification--steering--code/results/town06/bimodal/armB_proc12.json
[2026-09-04 07:28:00] === E1b complete; summarise with scripts/e1b_summarise.py ===
