[2026-09-04 07:42:16] === E2 tail-sensitive loss: alphas [0.0 2.0 8.0] + baseline 0.0, seeds [0 1 2 3 4 5] ===
[2026-09-04 07:42:16] distil S_mixed_tail_a0p0_s0  (alpha 0.0, seed 0)
[2026-09-04 07:46:38]   KD error: alpha 0.0 seed 0
S_mixed_tail_a0p0_s0  (101,888 ReLU)  vs  teacher_mixed_t06lap_dagger_r03
52,180 frames, 67,468 cached teacher targets

condition   frames   KD RMSE      bias  teacher|s|  student|s|  p99 |err|
  --------------------------------------------------------------------------
clear        3,000    0.0193   +0.0005      0.0411      0.0409     0.0753
fog          3,000    0.0277   +0.0007      0.0515      0.0522     0.1036
night        3,000    0.0289   +0.0009      0.0426      0.0389     0.0887
low_sun      3,000    0.0199   +0.0025      0.0313      0.0296     0.0724
shadows      none

  steering tolerance delta_tol = 0.0120 (normalised units), for scale
  wrote /home/za/ad-assurance--workspace/formal-verification--steering--code/results/town06/tail_loss/kd_a0p0_s0.json
[2026-09-04 07:47:14]   drive a0.0 s0 fog: 3 laps

STUDENT VARIANT COMPARISON -- fog, 3 lap(s) each, clean server before every lap
  budget 2.19 ft

  S_mixed_tail_a0p0_s0                         lap0  max|CTE|   11.51 ft over   3.6%  steps 1179/1280  FAIL
  S_mixed_tail_a0p0_s0                         lap1  max|CTE|   11.51 ft over   2.7%  steps 1179/1280  FAIL
  S_mixed_tail_a0p0_s0                         lap2  max|CTE|   11.51 ft over   2.8%  steps 1179/1280  FAIL

checkpoint                                      laps held  worst |CTE|  % of budget
S_mixed_tail_a0p0_s0                                0/3         11.51ft         525%

  -> /home/za/ad-assurance--workspace/formal-verification--steering--code/results/town06/tail_loss/e2_a0p0_s0_fog.json
[2026-09-04 07:50:10]     worst 11.51 ft 
[2026-09-04 07:50:10]   drive a0.0 s0 clear: 3 laps

STUDENT VARIANT COMPARISON -- clear, 3 lap(s) each, clean server before every lap
  budget 2.19 ft

  S_mixed_tail_a0p0_s0                         lap0  max|CTE|    0.86 ft over   0.0%  steps 1179/1280  PASS
  S_mixed_tail_a0p0_s0                         lap1  max|CTE|    0.86 ft over   0.0%  steps 1179/1280  PASS
  S_mixed_tail_a0p0_s0                         lap2  max|CTE|    0.86 ft over   0.0%  steps 1179/1280  PASS

checkpoint                                      laps held  worst |CTE|  % of budget
S_mixed_tail_a0p0_s0                                3/3          0.86ft          39%

  -> /home/za/ad-assurance--workspace/formal-verification--steering--code/results/town06/tail_loss/e2_a0p0_s0_clear.json
[2026-09-04 07:53:08]     worst 0.86 ft 
[2026-09-04 07:53:08] distil S_mixed_tail_a0p0_s1  (alpha 0.0, seed 1)
[2026-09-04 07:56:16]   KD error: alpha 0.0 seed 1
S_mixed_tail_a0p0_s1  (101,888 ReLU)  vs  teacher_mixed_t06lap_dagger_r03
52,180 frames, 67,468 cached teacher targets

condition   frames   KD RMSE      bias  teacher|s|  student|s|  p99 |err|
  --------------------------------------------------------------------------
clear        3,000    0.0183   +0.0013      0.0411      0.0378     0.0517
fog          3,000    0.0232   -0.0011      0.0515      0.0498     0.0755
night        3,000    0.0265   -0.0000      0.0426      0.0378     0.0728
low_sun      3,000    0.0226   +0.0016      0.0313      0.0285     0.0579
shadows      none

  steering tolerance delta_tol = 0.0120 (normalised units), for scale
  wrote /home/za/ad-assurance--workspace/formal-verification--steering--code/results/town06/tail_loss/kd_a0p0_s1.json
[2026-09-04 07:56:52]   drive a0.0 s1 fog: 3 laps

STUDENT VARIANT COMPARISON -- fog, 3 lap(s) each, clean server before every lap
  budget 2.19 ft

  S_mixed_tail_a0p0_s1                         lap0  max|CTE|    2.18 ft over   0.0%  steps 1179/1280  PASS
  S_mixed_tail_a0p0_s1                         lap1  max|CTE|    2.18 ft over   0.0%  steps 1179/1280  PASS
  S_mixed_tail_a0p0_s1                         lap2  max|CTE|    2.18 ft over   0.0%  steps 1179/1280  PASS

checkpoint                                      laps held  worst |CTE|  % of budget
S_mixed_tail_a0p0_s1                                3/3          2.18ft          99%

  -> /home/za/ad-assurance--workspace/formal-verification--steering--code/results/town06/tail_loss/e2_a0p0_s1_fog.json
[2026-09-04 07:59:48]     worst 2.18 ft 
[2026-09-04 07:59:48]   drive a0.0 s1 clear: 3 laps

STUDENT VARIANT COMPARISON -- clear, 3 lap(s) each, clean server before every lap
  budget 2.19 ft

  S_mixed_tail_a0p0_s1                         lap0  max|CTE|    1.70 ft over   0.0%  steps 1180/1280  PASS
  S_mixed_tail_a0p0_s1                         lap1  max|CTE|    1.69 ft over   0.0%  steps 1180/1280  PASS
  S_mixed_tail_a0p0_s1                         lap2  max|CTE|    1.63 ft over   0.0%  steps 1180/1280  PASS

checkpoint                                      laps held  worst |CTE|  % of budget
S_mixed_tail_a0p0_s1                                3/3          1.70ft          78%

  -> /home/za/ad-assurance--workspace/formal-verification--steering--code/results/town06/tail_loss/e2_a0p0_s1_clear.json
[2026-09-04 08:02:46]     worst 1.70 ft 
[2026-09-04 08:02:46] distil S_mixed_tail_a0p0_s2  (alpha 0.0, seed 2)
[2026-09-04 08:05:10]   KD error: alpha 0.0 seed 2
S_mixed_tail_a0p0_s2  (101,888 ReLU)  vs  teacher_mixed_t06lap_dagger_r03
52,180 frames, 67,468 cached teacher targets

condition   frames   KD RMSE      bias  teacher|s|  student|s|  p99 |err|
  --------------------------------------------------------------------------
clear        3,000    0.0205   -0.0002      0.0411      0.0372     0.0855
fog          3,000    0.0329   +0.0054      0.0515      0.0485     0.1265
night        3,000    0.0299   +0.0005      0.0426      0.0357     0.1140
low_sun      3,000    0.0194   +0.0000      0.0313      0.0294     0.0748
shadows      none

  steering tolerance delta_tol = 0.0120 (normalised units), for scale
  wrote /home/za/ad-assurance--workspace/formal-verification--steering--code/results/town06/tail_loss/kd_a0p0_s2.json
[2026-09-04 08:05:46]   drive a0.0 s2 fog: 3 laps

STUDENT VARIANT COMPARISON -- fog, 3 lap(s) each, clean server before every lap
  budget 2.19 ft

  S_mixed_tail_a0p0_s2                         lap0  max|CTE|   14.48 ft over  33.0%  steps 221/1280  DEPARTED  FAIL
  S_mixed_tail_a0p0_s2                         lap1  max|CTE|   14.48 ft over  33.0%  steps 221/1280  DEPARTED  FAIL
  S_mixed_tail_a0p0_s2                         lap2  max|CTE|   14.48 ft over  33.0%  steps 221/1280  DEPARTED  FAIL

checkpoint                                      laps held  worst |CTE|  % of budget
S_mixed_tail_a0p0_s2                                0/3         14.48ft         661%

  -> /home/za/ad-assurance--workspace/formal-verification--steering--code/results/town06/tail_loss/e2_a0p0_s2_fog.json
[2026-09-04 08:08:24]     worst 14.48 ft 
[2026-09-04 08:08:24]   drive a0.0 s2 clear: 3 laps

STUDENT VARIANT COMPARISON -- clear, 3 lap(s) each, clean server before every lap
  budget 2.19 ft

  S_mixed_tail_a0p0_s2                         lap0  max|CTE|    1.00 ft over   0.0%  steps 1179/1280  PASS
  S_mixed_tail_a0p0_s2                         lap1  max|CTE|    0.77 ft over   0.0%  steps 1179/1280  PASS
  S_mixed_tail_a0p0_s2                         lap2  max|CTE|    0.80 ft over   0.0%  steps 1179/1280  PASS

checkpoint                                      laps held  worst |CTE|  % of budget
S_mixed_tail_a0p0_s2                                3/3          1.00ft          46%

  -> /home/za/ad-assurance--workspace/formal-verification--steering--code/results/town06/tail_loss/e2_a0p0_s2_clear.json
[2026-09-04 08:11:22]     worst 1.00 ft 
[2026-09-04 08:11:22] distil S_mixed_tail_a0p0_s3  (alpha 0.0, seed 3)
[2026-09-04 08:13:57]   KD error: alpha 0.0 seed 3
S_mixed_tail_a0p0_s3  (101,888 ReLU)  vs  teacher_mixed_t06lap_dagger_r03
52,180 frames, 67,468 cached teacher targets

condition   frames   KD RMSE      bias  teacher|s|  student|s|  p99 |err|
  --------------------------------------------------------------------------
clear        3,000    0.0171   +0.0012      0.0411      0.0388     0.0701
fog          3,000    0.0255   -0.0006      0.0515      0.0483     0.0944
night        3,000    0.0278   -0.0014      0.0426      0.0385     0.0894
low_sun      3,000    0.0208   -0.0001      0.0313      0.0297     0.0660
shadows      none

  steering tolerance delta_tol = 0.0120 (normalised units), for scale
  wrote /home/za/ad-assurance--workspace/formal-verification--steering--code/results/town06/tail_loss/kd_a0p0_s3.json
[2026-09-04 08:14:33]   drive a0.0 s3 fog: 3 laps

STUDENT VARIANT COMPARISON -- fog, 3 lap(s) each, clean server before every lap
  budget 2.19 ft

  S_mixed_tail_a0p0_s3                         lap0  max|CTE|    1.39 ft over   0.0%  steps 1179/1280  PASS
  S_mixed_tail_a0p0_s3                         lap1  max|CTE|    1.20 ft over   0.0%  steps 1179/1280  PASS
  S_mixed_tail_a0p0_s3                         lap2  max|CTE|    1.17 ft over   0.0%  steps 1179/1280  PASS

checkpoint                                      laps held  worst |CTE|  % of budget
S_mixed_tail_a0p0_s3                                3/3          1.39ft          63%

  -> /home/za/ad-assurance--workspace/formal-verification--steering--code/results/town06/tail_loss/e2_a0p0_s3_fog.json
[2026-09-04 08:17:29]     worst 1.39 ft 
[2026-09-04 08:17:29]   drive a0.0 s3 clear: 3 laps

STUDENT VARIANT COMPARISON -- clear, 3 lap(s) each, clean server before every lap
  budget 2.19 ft

  S_mixed_tail_a0p0_s3                         lap0  max|CTE|    1.88 ft over   0.0%  steps 1180/1280  PASS
  S_mixed_tail_a0p0_s3                         lap1  max|CTE|    1.55 ft over   0.0%  steps 1180/1280  PASS
  S_mixed_tail_a0p0_s3                         lap2  max|CTE|    1.89 ft over   0.0%  steps 1180/1280  PASS

checkpoint                                      laps held  worst |CTE|  % of budget
S_mixed_tail_a0p0_s3                                3/3          1.89ft          86%

  -> /home/za/ad-assurance--workspace/formal-verification--steering--code/results/town06/tail_loss/e2_a0p0_s3_clear.json
[2026-09-04 08:20:27]     worst 1.89 ft 
[2026-09-04 08:20:27] distil S_mixed_tail_a0p0_s4  (alpha 0.0, seed 4)
[2026-09-04 08:22:47]   KD error: alpha 0.0 seed 4
S_mixed_tail_a0p0_s4  (101,888 ReLU)  vs  teacher_mixed_t06lap_dagger_r03
52,180 frames, 67,468 cached teacher targets

condition   frames   KD RMSE      bias  teacher|s|  student|s|  p99 |err|
  --------------------------------------------------------------------------
clear        3,000    0.0170   +0.0012      0.0411      0.0386     0.0673
fog          3,000    0.0216   +0.0019      0.0515      0.0486     0.0835
night        3,000    0.0275   +0.0050      0.0426      0.0404     0.0955
low_sun      3,000    0.0173   +0.0018      0.0313      0.0299     0.0610
shadows      none

  steering tolerance delta_tol = 0.0120 (normalised units), for scale
  wrote /home/za/ad-assurance--workspace/formal-verification--steering--code/results/town06/tail_loss/kd_a0p0_s4.json
[2026-09-04 08:23:23]   drive a0.0 s4 fog: 3 laps

STUDENT VARIANT COMPARISON -- fog, 3 lap(s) each, clean server before every lap
  budget 2.19 ft

  S_mixed_tail_a0p0_s4                         lap0  max|CTE|    1.66 ft over   0.0%  steps 1179/1280  PASS
  S_mixed_tail_a0p0_s4                         lap1  max|CTE|    1.66 ft over   0.0%  steps 1179/1280  PASS
  S_mixed_tail_a0p0_s4                         lap2  max|CTE|    1.66 ft over   0.0%  steps 1179/1280  PASS

checkpoint                                      laps held  worst |CTE|  % of budget
S_mixed_tail_a0p0_s4                                3/3          1.66ft          76%

  -> /home/za/ad-assurance--workspace/formal-verification--steering--code/results/town06/tail_loss/e2_a0p0_s4_fog.json
[2026-09-04 08:26:19]     worst 1.66 ft 
[2026-09-04 08:26:19]   drive a0.0 s4 clear: 3 laps

STUDENT VARIANT COMPARISON -- clear, 3 lap(s) each, clean server before every lap
  budget 2.19 ft

  S_mixed_tail_a0p0_s4                         lap0  max|CTE|    1.83 ft over   0.0%  steps 1180/1280  PASS
  S_mixed_tail_a0p0_s4                         lap1  max|CTE|    1.88 ft over   0.0%  steps 1180/1280  PASS
  S_mixed_tail_a0p0_s4                         lap2  max|CTE|    1.81 ft over   0.0%  steps 1180/1280  PASS

checkpoint                                      laps held  worst |CTE|  % of budget
S_mixed_tail_a0p0_s4                                3/3          1.88ft          86%

  -> /home/za/ad-assurance--workspace/formal-verification--steering--code/results/town06/tail_loss/e2_a0p0_s4_clear.json
[2026-09-04 08:29:17]     worst 1.88 ft 
[2026-09-04 08:29:17] distil S_mixed_tail_a0p0_s5  (alpha 0.0, seed 5)
[2026-09-04 08:32:10]   KD error: alpha 0.0 seed 5
S_mixed_tail_a0p0_s5  (101,888 ReLU)  vs  teacher_mixed_t06lap_dagger_r03
52,180 frames, 67,468 cached teacher targets

condition   frames   KD RMSE      bias  teacher|s|  student|s|  p99 |err|
  --------------------------------------------------------------------------
clear        3,000    0.0157   -0.0013      0.0411      0.0399     0.0556
fog          3,000    0.0272   +0.0015      0.0515      0.0490     0.0817
night        3,000    0.0262   -0.0009      0.0426      0.0389     0.0713
low_sun      3,000    0.0212   +0.0013      0.0313      0.0293     0.0460
shadows      none

  steering tolerance delta_tol = 0.0120 (normalised units), for scale
  wrote /home/za/ad-assurance--workspace/formal-verification--steering--code/results/town06/tail_loss/kd_a0p0_s5.json
[2026-09-04 08:32:46]   drive a0.0 s5 fog: 3 laps

STUDENT VARIANT COMPARISON -- fog, 3 lap(s) each, clean server before every lap
  budget 2.19 ft

  S_mixed_tail_a0p0_s5                         lap0  max|CTE|   16.08 ft over   3.4%  steps 1180/1280  FAIL
  S_mixed_tail_a0p0_s5                         lap1  max|CTE|   16.08 ft over   3.4%  steps 1180/1280  FAIL
  S_mixed_tail_a0p0_s5                         lap2  max|CTE|   16.08 ft over   2.1%  steps 1180/1280  FAIL

checkpoint                                      laps held  worst |CTE|  % of budget
S_mixed_tail_a0p0_s5                                0/3         16.08ft         734%

  -> /home/za/ad-assurance--workspace/formal-verification--steering--code/results/town06/tail_loss/e2_a0p0_s5_fog.json
[2026-09-04 08:35:42]     worst 16.08 ft 
[2026-09-04 08:35:42]   drive a0.0 s5 clear: 3 laps

STUDENT VARIANT COMPARISON -- clear, 3 lap(s) each, clean server before every lap
  budget 2.19 ft

  S_mixed_tail_a0p0_s5                         lap0  max|CTE|    1.29 ft over   0.0%  steps 1179/1280  PASS
  S_mixed_tail_a0p0_s5                         lap1  max|CTE|    1.30 ft over   0.0%  steps 1179/1280  PASS
  S_mixed_tail_a0p0_s5                         lap2  max|CTE|    1.31 ft over   0.0%  steps 1179/1280  PASS

checkpoint                                      laps held  worst |CTE|  % of budget
S_mixed_tail_a0p0_s5                                3/3          1.31ft          60%

  -> /home/za/ad-assurance--workspace/formal-verification--steering--code/results/town06/tail_loss/e2_a0p0_s5_clear.json
[2026-09-04 08:38:40]     worst 1.31 ft 
[2026-09-04 08:38:40]   KD error: alpha 2.0 seed 0
S_mixed_tail_a2p0_s0  (101,888 ReLU)  vs  teacher_mixed_t06lap_dagger_r03
52,180 frames, 67,468 cached teacher targets

condition   frames   KD RMSE      bias  teacher|s|  student|s|  p99 |err|
  --------------------------------------------------------------------------
clear        3,000    0.0228   -0.0008      0.0411      0.0408     0.0942
fog          3,000    0.0353   +0.0010      0.0515      0.0483     0.1331
night        3,000    0.0339   -0.0021      0.0426      0.0418     0.1314
low_sun      3,000    0.0257   -0.0008      0.0313      0.0286     0.0893
shadows      none

  steering tolerance delta_tol = 0.0120 (normalised units), for scale
  wrote /home/za/ad-assurance--workspace/formal-verification--steering--code/results/town06/tail_loss/kd_a2p0_s0.json
[2026-09-04 08:39:16]   drive a2.0 s0 fog: 3 laps

STUDENT VARIANT COMPARISON -- fog, 3 lap(s) each, clean server before every lap
  budget 2.19 ft

  S_mixed_tail_a2p0_s0                         lap0  max|CTE|   11.46 ft over   2.4%  steps 1178/1280  FAIL
  S_mixed_tail_a2p0_s0                         lap1  max|CTE|   11.46 ft over   2.4%  steps 1178/1280  FAIL
  S_mixed_tail_a2p0_s0                         lap2  max|CTE|   11.46 ft over   6.0%  steps 1179/1280  FAIL

checkpoint                                      laps held  worst |CTE|  % of budget
S_mixed_tail_a2p0_s0                                0/3         11.46ft         523%

  -> /home/za/ad-assurance--workspace/formal-verification--steering--code/results/town06/tail_loss/e2_a2p0_s0_fog.json
[2026-09-04 08:42:12]     worst 11.46 ft 
[2026-09-04 08:42:12]   drive a2.0 s0 clear: 3 laps

STUDENT VARIANT COMPARISON -- clear, 3 lap(s) each, clean server before every lap
  budget 2.19 ft

  S_mixed_tail_a2p0_s0                         lap0  max|CTE|    1.51 ft over   0.0%  steps 1179/1280  PASS
  S_mixed_tail_a2p0_s0                         lap1  max|CTE|    1.40 ft over   0.0%  steps 1179/1280  PASS
  S_mixed_tail_a2p0_s0                         lap2  max|CTE|    1.51 ft over   0.0%  steps 1179/1280  PASS

checkpoint                                      laps held  worst |CTE|  % of budget
S_mixed_tail_a2p0_s0                                3/3          1.51ft          69%

  -> /home/za/ad-assurance--workspace/formal-verification--steering--code/results/town06/tail_loss/e2_a2p0_s0_clear.json
[2026-09-04 08:45:10]     worst 1.51 ft 
[2026-09-04 08:45:10] distil S_mixed_tail_a2p0_s1  (alpha 2.0, seed 1)
[2026-09-04 08:49:43]   KD error: alpha 2.0 seed 1
S_mixed_tail_a2p0_s1  (101,888 ReLU)  vs  teacher_mixed_t06lap_dagger_r03
52,180 frames, 67,468 cached teacher targets

condition   frames   KD RMSE      bias  teacher|s|  student|s|  p99 |err|
  --------------------------------------------------------------------------
clear        3,000    0.0118   +0.0016      0.0411      0.0396     0.0409
fog          3,000    0.0224   +0.0005      0.0515      0.0494     0.0701
night        3,000    0.0255   +0.0005      0.0426      0.0390     0.0606
low_sun      3,000    0.0161   +0.0020      0.0313      0.0294     0.0408
shadows      none

  steering tolerance delta_tol = 0.0120 (normalised units), for scale
  wrote /home/za/ad-assurance--workspace/formal-verification--steering--code/results/town06/tail_loss/kd_a2p0_s1.json
[2026-09-04 08:50:19]   drive a2.0 s1 fog: 3 laps

STUDENT VARIANT COMPARISON -- fog, 3 lap(s) each, clean server before every lap
  budget 2.19 ft

  S_mixed_tail_a2p0_s1                         lap0  max|CTE|    2.32 ft over   0.1%  steps 1179/1280  FAIL
  S_mixed_tail_a2p0_s1                         lap1  max|CTE|    2.32 ft over   0.1%  steps 1179/1280  FAIL
  S_mixed_tail_a2p0_s1                         lap2  max|CTE|    2.17 ft over   0.0%  steps 1179/1280  PASS

checkpoint                                      laps held  worst |CTE|  % of budget
S_mixed_tail_a2p0_s1                                1/3          2.32ft         106%

  -> /home/za/ad-assurance--workspace/formal-verification--steering--code/results/town06/tail_loss/e2_a2p0_s1_fog.json
[2026-09-04 08:53:15]     worst 2.32 ft 
[2026-09-04 08:53:15]   drive a2.0 s1 clear: 3 laps

STUDENT VARIANT COMPARISON -- clear, 3 lap(s) each, clean server before every lap
  budget 2.19 ft

  S_mixed_tail_a2p0_s1                         lap0  max|CTE|    1.77 ft over   0.0%  steps 1180/1280  PASS
  S_mixed_tail_a2p0_s1                         lap1  max|CTE|    1.70 ft over   0.0%  steps 1180/1280  PASS
  S_mixed_tail_a2p0_s1                         lap2  max|CTE|    1.74 ft over   0.0%  steps 1180/1280  PASS

checkpoint                                      laps held  worst |CTE|  % of budget
S_mixed_tail_a2p0_s1                                3/3          1.77ft          81%

  -> /home/za/ad-assurance--workspace/formal-verification--steering--code/results/town06/tail_loss/e2_a2p0_s1_clear.json
[2026-09-04 08:56:13]     worst 1.77 ft 
[2026-09-04 08:56:13] distil S_mixed_tail_a2p0_s2  (alpha 2.0, seed 2)
[2026-09-04 08:58:37]   KD error: alpha 2.0 seed 2
S_mixed_tail_a2p0_s2  (101,888 ReLU)  vs  teacher_mixed_t06lap_dagger_r03
52,180 frames, 67,468 cached teacher targets

condition   frames   KD RMSE      bias  teacher|s|  student|s|  p99 |err|
  --------------------------------------------------------------------------
clear        3,000    0.0244   -0.0004      0.0411      0.0425     0.1068
fog          3,000    0.0366   +0.0068      0.0515      0.0487     0.1619
night        3,000    0.0406   +0.0059      0.0426      0.0376     0.1749
low_sun      3,000    0.0232   +0.0000      0.0313      0.0305     0.0965
shadows      none

  steering tolerance delta_tol = 0.0120 (normalised units), for scale
  wrote /home/za/ad-assurance--workspace/formal-verification--steering--code/results/town06/tail_loss/kd_a2p0_s2.json
[2026-09-04 08:59:13]   drive a2.0 s2 fog: 3 laps

STUDENT VARIANT COMPARISON -- fog, 3 lap(s) each, clean server before every lap
  budget 2.19 ft

  S_mixed_tail_a2p0_s2                         lap0  max|CTE|   11.78 ft over   3.2%  steps 1178/1280  FAIL
  S_mixed_tail_a2p0_s2                         lap1  max|CTE|   11.78 ft over   3.2%  steps 1178/1280  FAIL
  S_mixed_tail_a2p0_s2                         lap2  max|CTE|   11.78 ft over   2.5%  steps 1178/1280  FAIL

checkpoint                                      laps held  worst |CTE|  % of budget
S_mixed_tail_a2p0_s2                                0/3         11.78ft         538%

  -> /home/za/ad-assurance--workspace/formal-verification--steering--code/results/town06/tail_loss/e2_a2p0_s2_fog.json
[2026-09-04 09:02:09]     worst 11.78 ft 
[2026-09-04 09:02:09]   drive a2.0 s2 clear: 3 laps

STUDENT VARIANT COMPARISON -- clear, 3 lap(s) each, clean server before every lap
  budget 2.19 ft

  S_mixed_tail_a2p0_s2                         lap0  max|CTE|    0.77 ft over   0.0%  steps 1179/1280  PASS
  S_mixed_tail_a2p0_s2                         lap1  max|CTE|    0.77 ft over   0.0%  steps 1179/1280  PASS
  S_mixed_tail_a2p0_s2                         lap2  max|CTE|    0.77 ft over   0.0%  steps 1179/1280  PASS

checkpoint                                      laps held  worst |CTE|  % of budget
S_mixed_tail_a2p0_s2                                3/3          0.77ft          35%

  -> /home/za/ad-assurance--workspace/formal-verification--steering--code/results/town06/tail_loss/e2_a2p0_s2_clear.json
[2026-09-04 09:05:07]     worst 0.77 ft 
[2026-09-04 09:05:07] distil S_mixed_tail_a2p0_s3  (alpha 2.0, seed 3)
[2026-09-04 09:07:56]   KD error: alpha 2.0 seed 3
S_mixed_tail_a2p0_s3  (101,888 ReLU)  vs  teacher_mixed_t06lap_dagger_r03
52,180 frames, 67,468 cached teacher targets

condition   frames   KD RMSE      bias  teacher|s|  student|s|  p99 |err|
  --------------------------------------------------------------------------
clear        3,000    0.0171   -0.0009      0.0411      0.0382     0.0731
fog          3,000    0.0309   -0.0052      0.0515      0.0526     0.1247
night        3,000    0.0275   -0.0026      0.0426      0.0395     0.0901
low_sun      3,000    0.0191   -0.0018      0.0313      0.0294     0.0638
shadows      none

  steering tolerance delta_tol = 0.0120 (normalised units), for scale
  wrote /home/za/ad-assurance--workspace/formal-verification--steering--code/results/town06/tail_loss/kd_a2p0_s3.json
[2026-09-04 09:08:32]   drive a2.0 s3 fog: 3 laps

STUDENT VARIANT COMPARISON -- fog, 3 lap(s) each, clean server before every lap
  budget 2.19 ft

  S_mixed_tail_a2p0_s3                         lap0  max|CTE|    9.65 ft over   1.4%  steps 1179/1280  FAIL
  S_mixed_tail_a2p0_s3                         lap1  max|CTE|    9.65 ft over   1.4%  steps 1179/1280  FAIL
  S_mixed_tail_a2p0_s3                         lap2  max|CTE|    9.65 ft over   1.4%  steps 1179/1280  FAIL

checkpoint                                      laps held  worst |CTE|  % of budget
S_mixed_tail_a2p0_s3                                0/3          9.65ft         440%

  -> /home/za/ad-assurance--workspace/formal-verification--steering--code/results/town06/tail_loss/e2_a2p0_s3_fog.json
[2026-09-04 09:11:28]     worst 9.65 ft 
[2026-09-04 09:11:28]   drive a2.0 s3 clear: 3 laps

STUDENT VARIANT COMPARISON -- clear, 3 lap(s) each, clean server before every lap
  budget 2.19 ft

  S_mixed_tail_a2p0_s3                         lap0  max|CTE|    1.17 ft over   0.0%  steps 1179/1280  PASS
  S_mixed_tail_a2p0_s3                         lap1  max|CTE|    1.17 ft over   0.0%  steps 1179/1280  PASS
  S_mixed_tail_a2p0_s3                         lap2  max|CTE|    1.17 ft over   0.0%  steps 1179/1280  PASS

checkpoint                                      laps held  worst |CTE|  % of budget
S_mixed_tail_a2p0_s3                                3/3          1.17ft          53%

  -> /home/za/ad-assurance--workspace/formal-verification--steering--code/results/town06/tail_loss/e2_a2p0_s3_clear.json
[2026-09-04 09:14:26]     worst 1.17 ft 
[2026-09-04 09:14:26] distil S_mixed_tail_a2p0_s4  (alpha 2.0, seed 4)
[2026-09-04 09:17:26]   KD error: alpha 2.0 seed 4
S_mixed_tail_a2p0_s4  (101,888 ReLU)  vs  teacher_mixed_t06lap_dagger_r03
52,180 frames, 67,468 cached teacher targets

condition   frames   KD RMSE      bias  teacher|s|  student|s|  p99 |err|
  --------------------------------------------------------------------------
clear        3,000    0.0178   +0.0003      0.0411      0.0395     0.0621
fog          3,000    0.0304   -0.0011      0.0515      0.0536     0.1112
night        3,000    0.0267   +0.0019      0.0426      0.0402     0.0837
low_sun      3,000    0.0239   +0.0028      0.0313      0.0292     0.0738
shadows      none

  steering tolerance delta_tol = 0.0120 (normalised units), for scale
  wrote /home/za/ad-assurance--workspace/formal-verification--steering--code/results/town06/tail_loss/kd_a2p0_s4.json
[2026-09-04 09:18:02]   drive a2.0 s4 fog: 3 laps

STUDENT VARIANT COMPARISON -- fog, 3 lap(s) each, clean server before every lap
  budget 2.19 ft

  S_mixed_tail_a2p0_s4                         lap0  max|CTE|   11.07 ft over   1.6%  steps 1179/1280  FAIL
  S_mixed_tail_a2p0_s4                         lap1  max|CTE|   11.07 ft over   1.6%  steps 1179/1280  FAIL
  S_mixed_tail_a2p0_s4                         lap2  max|CTE|   11.07 ft over   1.6%  steps 1179/1280  FAIL

checkpoint                                      laps held  worst |CTE|  % of budget
S_mixed_tail_a2p0_s4                                0/3         11.07ft         505%

  -> /home/za/ad-assurance--workspace/formal-verification--steering--code/results/town06/tail_loss/e2_a2p0_s4_fog.json
[2026-09-04 09:20:58]     worst 11.07 ft 
[2026-09-04 09:20:58]   drive a2.0 s4 clear: 3 laps

STUDENT VARIANT COMPARISON -- clear, 3 lap(s) each, clean server before every lap
  budget 2.19 ft

  S_mixed_tail_a2p0_s4                         lap0  max|CTE|    0.83 ft over   0.0%  steps 1179/1280  PASS
  S_mixed_tail_a2p0_s4                         lap1  max|CTE|    0.83 ft over   0.0%  steps 1179/1280  PASS
  S_mixed_tail_a2p0_s4                         lap2  max|CTE|    0.86 ft over   0.0%  steps 1179/1280  PASS

checkpoint                                      laps held  worst |CTE|  % of budget
S_mixed_tail_a2p0_s4                                3/3          0.86ft          39%

  -> /home/za/ad-assurance--workspace/formal-verification--steering--code/results/town06/tail_loss/e2_a2p0_s4_clear.json
[2026-09-04 09:23:56]     worst 0.86 ft 
[2026-09-04 09:23:56] distil S_mixed_tail_a2p0_s5  (alpha 2.0, seed 5)
[2026-09-04 09:27:28]   KD error: alpha 2.0 seed 5
S_mixed_tail_a2p0_s5  (101,888 ReLU)  vs  teacher_mixed_t06lap_dagger_r03
52,180 frames, 67,468 cached teacher targets

condition   frames   KD RMSE      bias  teacher|s|  student|s|  p99 |err|
  --------------------------------------------------------------------------
clear        3,000    0.0155   +0.0021      0.0411      0.0402     0.0520
fog          3,000    0.0241   +0.0033      0.0515      0.0498     0.0932
night        3,000    0.0252   +0.0004      0.0426      0.0392     0.0747
low_sun      3,000    0.0172   +0.0027      0.0313      0.0299     0.0453
shadows      none

  steering tolerance delta_tol = 0.0120 (normalised units), for scale
  wrote /home/za/ad-assurance--workspace/formal-verification--steering--code/results/town06/tail_loss/kd_a2p0_s5.json
[2026-09-04 09:28:04]   drive a2.0 s5 fog: 3 laps

STUDENT VARIANT COMPARISON -- fog, 3 lap(s) each, clean server before every lap
  budget 2.19 ft

  S_mixed_tail_a2p0_s5                         lap0  max|CTE|    2.78 ft over   0.3%  steps 1179/1280  FAIL
  S_mixed_tail_a2p0_s5                         lap1  max|CTE|    2.78 ft over   0.3%  steps 1179/1280  FAIL
  S_mixed_tail_a2p0_s5                         lap2  max|CTE|    2.78 ft over   0.3%  steps 1179/1280  FAIL

checkpoint                                      laps held  worst |CTE|  % of budget
S_mixed_tail_a2p0_s5                                0/3          2.78ft         127%

  -> /home/za/ad-assurance--workspace/formal-verification--steering--code/results/town06/tail_loss/e2_a2p0_s5_fog.json
[2026-09-04 09:31:00]     worst 2.78 ft 
[2026-09-04 09:31:00]   drive a2.0 s5 clear: 3 laps

STUDENT VARIANT COMPARISON -- clear, 3 lap(s) each, clean server before every lap
  budget 2.19 ft

  S_mixed_tail_a2p0_s5                         lap0  max|CTE|    0.89 ft over   0.0%  steps 1179/1280  PASS
  S_mixed_tail_a2p0_s5                         lap1  max|CTE|    0.98 ft over   0.0%  steps 1179/1280  PASS
  S_mixed_tail_a2p0_s5                         lap2  max|CTE|    1.15 ft over   0.0%  steps 1179/1280  PASS

checkpoint                                      laps held  worst |CTE|  % of budget
S_mixed_tail_a2p0_s5                                3/3          1.15ft          52%

  -> /home/za/ad-assurance--workspace/formal-verification--steering--code/results/town06/tail_loss/e2_a2p0_s5_clear.json
[2026-09-04 09:33:58]     worst 1.15 ft 
[2026-09-04 09:33:58] distil S_mixed_tail_a8p0_s0  (alpha 8.0, seed 0)
[2026-09-04 09:37:01]   KD error: alpha 8.0 seed 0
S_mixed_tail_a8p0_s0  (101,888 ReLU)  vs  teacher_mixed_t06lap_dagger_r03
52,180 frames, 67,468 cached teacher targets

condition   frames   KD RMSE      bias  teacher|s|  student|s|  p99 |err|
  --------------------------------------------------------------------------
clear        3,000    0.0253   -0.0017      0.0411      0.0382     0.0759
fog          3,000    0.0266   -0.0013      0.0515      0.0484     0.0882
night        3,000    0.0312   -0.0044      0.0426      0.0372     0.1034
low_sun      3,000    0.0238   -0.0006      0.0313      0.0278     0.0653
shadows      none

  steering tolerance delta_tol = 0.0120 (normalised units), for scale
  wrote /home/za/ad-assurance--workspace/formal-verification--steering--code/results/town06/tail_loss/kd_a8p0_s0.json
[2026-09-04 09:37:37]   drive a8.0 s0 fog: 3 laps

STUDENT VARIANT COMPARISON -- fog, 3 lap(s) each, clean server before every lap
  budget 2.19 ft

  S_mixed_tail_a8p0_s0                         lap0  max|CTE|    7.24 ft over   2.8%  steps 1179/1280  FAIL
  S_mixed_tail_a8p0_s0                         lap1  max|CTE|    7.24 ft over   2.8%  steps 1179/1280  FAIL
  S_mixed_tail_a8p0_s0                         lap2  max|CTE|    7.24 ft over   2.8%  steps 1179/1280  FAIL

checkpoint                                      laps held  worst |CTE|  % of budget
S_mixed_tail_a8p0_s0                                0/3          7.24ft         330%

  -> /home/za/ad-assurance--workspace/formal-verification--steering--code/results/town06/tail_loss/e2_a8p0_s0_fog.json
[2026-09-04 09:40:33]     worst 7.24 ft 
[2026-09-04 09:40:33]   drive a8.0 s0 clear: 3 laps

STUDENT VARIANT COMPARISON -- clear, 3 lap(s) each, clean server before every lap
  budget 2.19 ft

  S_mixed_tail_a8p0_s0                         lap0  max|CTE|    1.69 ft over   0.0%  steps 1179/1280  PASS
  S_mixed_tail_a8p0_s0                         lap1  max|CTE|    1.19 ft over   0.0%  steps 1179/1280  PASS
  S_mixed_tail_a8p0_s0                         lap2  max|CTE|    1.20 ft over   0.0%  steps 1179/1280  PASS

checkpoint                                      laps held  worst |CTE|  % of budget
S_mixed_tail_a8p0_s0                                3/3          1.69ft          77%

  -> /home/za/ad-assurance--workspace/formal-verification--steering--code/results/town06/tail_loss/e2_a8p0_s0_clear.json
[2026-09-04 09:43:31]     worst 1.69 ft 
[2026-09-04 09:43:31] distil S_mixed_tail_a8p0_s1  (alpha 8.0, seed 1)
[2026-09-04 09:46:46]   KD error: alpha 8.0 seed 1
S_mixed_tail_a8p0_s1  (101,888 ReLU)  vs  teacher_mixed_t06lap_dagger_r03
52,180 frames, 67,468 cached teacher targets

condition   frames   KD RMSE      bias  teacher|s|  student|s|  p99 |err|
  --------------------------------------------------------------------------
clear        3,000    0.0144   -0.0011      0.0411      0.0402     0.0428
fog          3,000    0.0180   -0.0020      0.0515      0.0504     0.0587
night        3,000    0.0254   -0.0021      0.0426      0.0393     0.0696
low_sun      3,000    0.0157   -0.0012      0.0313      0.0304     0.0409
shadows      none

  steering tolerance delta_tol = 0.0120 (normalised units), for scale
  wrote /home/za/ad-assurance--workspace/formal-verification--steering--code/results/town06/tail_loss/kd_a8p0_s1.json
[2026-09-04 09:47:22]   drive a8.0 s1 fog: 3 laps

STUDENT VARIANT COMPARISON -- fog, 3 lap(s) each, clean server before every lap
  budget 2.19 ft

  S_mixed_tail_a8p0_s1                         lap0  max|CTE|    1.84 ft over   0.0%  steps 1179/1280  PASS
  S_mixed_tail_a8p0_s1                         lap1  max|CTE|    2.16 ft over   0.0%  steps 1179/1280  PASS
  S_mixed_tail_a8p0_s1                         lap2  max|CTE|    2.16 ft over   0.0%  steps 1179/1280  PASS

checkpoint                                      laps held  worst |CTE|  % of budget
S_mixed_tail_a8p0_s1                                3/3          2.16ft          99%

  -> /home/za/ad-assurance--workspace/formal-verification--steering--code/results/town06/tail_loss/e2_a8p0_s1_fog.json
[2026-09-04 09:50:18]     worst 2.16 ft 
[2026-09-04 09:50:18]   drive a8.0 s1 clear: 3 laps

STUDENT VARIANT COMPARISON -- clear, 3 lap(s) each, clean server before every lap
  budget 2.19 ft

  S_mixed_tail_a8p0_s1                         lap0  max|CTE|    1.06 ft over   0.0%  steps 1179/1280  PASS
  S_mixed_tail_a8p0_s1                         lap1  max|CTE|    1.08 ft over   0.0%  steps 1179/1280  PASS
  S_mixed_tail_a8p0_s1                         lap2  max|CTE|    1.08 ft over   0.0%  steps 1179/1280  PASS

checkpoint                                      laps held  worst |CTE|  % of budget
S_mixed_tail_a8p0_s1                                3/3          1.08ft          49%

  -> /home/za/ad-assurance--workspace/formal-verification--steering--code/results/town06/tail_loss/e2_a8p0_s1_clear.json
[2026-09-04 09:53:16]     worst 1.08 ft 
[2026-09-04 09:53:16] distil S_mixed_tail_a8p0_s2  (alpha 8.0, seed 2)
[2026-09-04 09:57:45]   KD error: alpha 8.0 seed 2
S_mixed_tail_a8p0_s2  (101,888 ReLU)  vs  teacher_mixed_t06lap_dagger_r03
52,180 frames, 67,468 cached teacher targets

condition   frames   KD RMSE      bias  teacher|s|  student|s|  p99 |err|
  --------------------------------------------------------------------------
clear        3,000    0.0152   -0.0014      0.0411      0.0410     0.0425
fog          3,000    0.0263   -0.0023      0.0515      0.0498     0.0590
night        3,000    0.0220   -0.0024      0.0426      0.0407     0.0460
low_sun      3,000    0.0170   -0.0001      0.0313      0.0305     0.0374
shadows      none

  steering tolerance delta_tol = 0.0120 (normalised units), for scale
  wrote /home/za/ad-assurance--workspace/formal-verification--steering--code/results/town06/tail_loss/kd_a8p0_s2.json
[2026-09-04 09:58:21]   drive a8.0 s2 fog: 3 laps

STUDENT VARIANT COMPARISON -- fog, 3 lap(s) each, clean server before every lap
  budget 2.19 ft

  S_mixed_tail_a8p0_s2                         lap0  max|CTE|   11.53 ft over   5.3%  steps 1178/1280  FAIL
  S_mixed_tail_a8p0_s2                         lap1  max|CTE|   11.53 ft over   5.3%  steps 1178/1280  FAIL
  S_mixed_tail_a8p0_s2                         lap2  max|CTE|   11.53 ft over   5.3%  steps 1178/1280  FAIL

checkpoint                                      laps held  worst |CTE|  % of budget
S_mixed_tail_a8p0_s2                                0/3         11.53ft         526%

  -> /home/za/ad-assurance--workspace/formal-verification--steering--code/results/town06/tail_loss/e2_a8p0_s2_fog.json
[2026-09-04 10:01:17]     worst 11.53 ft 
[2026-09-04 10:01:17]   drive a8.0 s2 clear: 3 laps

STUDENT VARIANT COMPARISON -- clear, 3 lap(s) each, clean server before every lap
  budget 2.19 ft

  S_mixed_tail_a8p0_s2                         lap0  max|CTE|    0.83 ft over   0.0%  steps 1179/1280  PASS
  S_mixed_tail_a8p0_s2                         lap1  max|CTE|    0.97 ft over   0.0%  steps 1179/1280  PASS
  S_mixed_tail_a8p0_s2                         lap2  max|CTE|    1.20 ft over   0.0%  steps 1179/1280  PASS

checkpoint                                      laps held  worst |CTE|  % of budget
S_mixed_tail_a8p0_s2                                3/3          1.20ft          55%

  -> /home/za/ad-assurance--workspace/formal-verification--steering--code/results/town06/tail_loss/e2_a8p0_s2_clear.json
[2026-09-04 10:04:15]     worst 1.20 ft 
[2026-09-04 10:04:15] distil S_mixed_tail_a8p0_s3  (alpha 8.0, seed 3)
[2026-09-04 10:07:12]   KD error: alpha 8.0 seed 3
S_mixed_tail_a8p0_s3  (101,888 ReLU)  vs  teacher_mixed_t06lap_dagger_r03
52,180 frames, 67,468 cached teacher targets

condition   frames   KD RMSE      bias  teacher|s|  student|s|  p99 |err|
  --------------------------------------------------------------------------
clear        3,000    0.0193   +0.0059      0.0411      0.0431     0.0695
fog          3,000    0.0233   +0.0023      0.0515      0.0533     0.0887
night        3,000    0.0277   +0.0069      0.0426      0.0408     0.0790
low_sun      3,000    0.0189   +0.0062      0.0313      0.0302     0.0546
shadows      none

  steering tolerance delta_tol = 0.0120 (normalised units), for scale
  wrote /home/za/ad-assurance--workspace/formal-verification--steering--code/results/town06/tail_loss/kd_a8p0_s3.json
[2026-09-04 10:07:48]   drive a8.0 s3 fog: 3 laps

STUDENT VARIANT COMPARISON -- fog, 3 lap(s) each, clean server before every lap
  budget 2.19 ft

  S_mixed_tail_a8p0_s3                         lap0  max|CTE|    1.95 ft over   0.0%  steps 1179/1280  PASS
  S_mixed_tail_a8p0_s3                         lap1  max|CTE|    1.95 ft over   0.0%  steps 1179/1280  PASS
  S_mixed_tail_a8p0_s3                         lap2  max|CTE|    1.95 ft over   0.0%  steps 1179/1280  PASS

checkpoint                                      laps held  worst |CTE|  % of budget
S_mixed_tail_a8p0_s3                                3/3          1.95ft          89%

  -> /home/za/ad-assurance--workspace/formal-verification--steering--code/results/town06/tail_loss/e2_a8p0_s3_fog.json
[2026-09-04 10:10:44]     worst 1.95 ft 
[2026-09-04 10:10:44]   drive a8.0 s3 clear: 3 laps

STUDENT VARIANT COMPARISON -- clear, 3 lap(s) each, clean server before every lap
  budget 2.19 ft

  S_mixed_tail_a8p0_s3                         lap0  max|CTE|    1.75 ft over   0.0%  steps 1180/1280  PASS
  S_mixed_tail_a8p0_s3                         lap1  max|CTE|    1.14 ft over   0.0%  steps 1179/1280  PASS
  S_mixed_tail_a8p0_s3                         lap2  max|CTE|    1.74 ft over   0.0%  steps 1180/1280  PASS

checkpoint                                      laps held  worst |CTE|  % of budget
S_mixed_tail_a8p0_s3                                3/3          1.75ft          80%

  -> /home/za/ad-assurance--workspace/formal-verification--steering--code/results/town06/tail_loss/e2_a8p0_s3_clear.json
[2026-09-04 10:13:42]     worst 1.75 ft 
[2026-09-04 10:13:42] distil S_mixed_tail_a8p0_s4  (alpha 8.0, seed 4)
[2026-09-04 10:16:00]   KD error: alpha 8.0 seed 4
S_mixed_tail_a8p0_s4  (101,888 ReLU)  vs  teacher_mixed_t06lap_dagger_r03
52,180 frames, 67,468 cached teacher targets

condition   frames   KD RMSE      bias  teacher|s|  student|s|  p99 |err|
  --------------------------------------------------------------------------
clear        3,000    0.0250   +0.0048      0.0411      0.0386     0.0993
fog          3,000    0.0352   +0.0002      0.0515      0.0468     0.1314
night        3,000    0.0326   +0.0024      0.0426      0.0388     0.1055
low_sun      3,000    0.0261   +0.0049      0.0313      0.0288     0.0942
shadows      none

  steering tolerance delta_tol = 0.0120 (normalised units), for scale
  wrote /home/za/ad-assurance--workspace/formal-verification--steering--code/results/town06/tail_loss/kd_a8p0_s4.json
[2026-09-04 10:16:36]   drive a8.0 s4 fog: 3 laps

STUDENT VARIANT COMPARISON -- fog, 3 lap(s) each, clean server before every lap
  budget 2.19 ft

  S_mixed_tail_a8p0_s4                         lap0  max|CTE|    2.41 ft over   0.3%  steps 1179/1280  FAIL
  S_mixed_tail_a8p0_s4                         lap1  max|CTE|    1.85 ft over   0.0%  steps 1179/1280  PASS
  S_mixed_tail_a8p0_s4                         lap2  max|CTE|    1.85 ft over   0.0%  steps 1179/1280  PASS

checkpoint                                      laps held  worst |CTE|  % of budget
S_mixed_tail_a8p0_s4                                2/3          2.41ft         110%

  -> /home/za/ad-assurance--workspace/formal-verification--steering--code/results/town06/tail_loss/e2_a8p0_s4_fog.json
[2026-09-04 10:19:32]     worst 2.41 ft 
[2026-09-04 10:19:32]   drive a8.0 s4 clear: 3 laps

STUDENT VARIANT COMPARISON -- clear, 3 lap(s) each, clean server before every lap
  budget 2.19 ft

  S_mixed_tail_a8p0_s4                         lap0  max|CTE|    2.08 ft over   0.0%  steps 1180/1280  PASS
  S_mixed_tail_a8p0_s4                         lap1  max|CTE|    2.05 ft over   0.0%  steps 1180/1280  PASS
  S_mixed_tail_a8p0_s4                         lap2  max|CTE|    2.24 ft over   0.2%  steps 1180/1280  FAIL

checkpoint                                      laps held  worst |CTE|  % of budget
S_mixed_tail_a8p0_s4                                2/3          2.24ft         102%

  -> /home/za/ad-assurance--workspace/formal-verification--steering--code/results/town06/tail_loss/e2_a8p0_s4_clear.json
[2026-09-04 10:22:30]     worst 2.24 ft 
[2026-09-04 10:22:30] distil S_mixed_tail_a8p0_s5  (alpha 8.0, seed 5)
[2026-09-04 10:25:59]   KD error: alpha 8.0 seed 5
S_mixed_tail_a8p0_s5  (101,888 ReLU)  vs  teacher_mixed_t06lap_dagger_r03
52,180 frames, 67,468 cached teacher targets

condition   frames   KD RMSE      bias  teacher|s|  student|s|  p99 |err|
  --------------------------------------------------------------------------
clear        3,000    0.0146   -0.0004      0.0411      0.0412     0.0545
fog          3,000    0.0231   +0.0033      0.0515      0.0509     0.0864
night        3,000    0.0293   +0.0019      0.0426      0.0392     0.0809
low_sun      3,000    0.0136   +0.0003      0.0313      0.0303     0.0502
shadows      none

  steering tolerance delta_tol = 0.0120 (normalised units), for scale
  wrote /home/za/ad-assurance--workspace/formal-verification--steering--code/results/town06/tail_loss/kd_a8p0_s5.json
[2026-09-04 10:26:34]   drive a8.0 s5 fog: 3 laps

STUDENT VARIANT COMPARISON -- fog, 3 lap(s) each, clean server before every lap
  budget 2.19 ft

  S_mixed_tail_a8p0_s5                         lap0  max|CTE|    8.20 ft over   1.3%  steps 1179/1280  FAIL
  S_mixed_tail_a8p0_s5                         lap1  max|CTE|    8.20 ft over   1.4%  steps 1179/1280  FAIL
  S_mixed_tail_a8p0_s5                         lap2  max|CTE|    8.20 ft over   1.4%  steps 1179/1280  FAIL

checkpoint                                      laps held  worst |CTE|  % of budget
S_mixed_tail_a8p0_s5                                0/3          8.20ft         374%

  -> /home/za/ad-assurance--workspace/formal-verification--steering--code/results/town06/tail_loss/e2_a8p0_s5_fog.json
[2026-09-04 10:29:31]     worst 8.20 ft 
[2026-09-04 10:29:31]   drive a8.0 s5 clear: 3 laps

STUDENT VARIANT COMPARISON -- clear, 3 lap(s) each, clean server before every lap
  budget 2.19 ft

  S_mixed_tail_a8p0_s5                         lap0  max|CTE|    1.36 ft over   0.0%  steps 1179/1280  PASS
  S_mixed_tail_a8p0_s5                         lap1  max|CTE|    1.42 ft over   0.0%  steps 1179/1280  PASS
  S_mixed_tail_a8p0_s5                         lap2  max|CTE|    1.39 ft over   0.0%  steps 1179/1280  PASS

checkpoint                                      laps held  worst |CTE|  % of budget
S_mixed_tail_a8p0_s5                                3/3          1.42ft          65%

  -> /home/za/ad-assurance--workspace/formal-verification--steering--code/results/town06/tail_loss/e2_a8p0_s5_clear.json
[2026-09-04 10:32:29]     worst 1.42 ft 
[2026-09-04 10:32:29] === E2 complete; summarise with scripts/e2_summarise.py ===
