[2026-09-05 09:02:02] === arm sweep S_mixed_lr: seeds [6 7 8 9 10 11 12 13 14], conds [fog clear], deterministic kernels ===
[2026-09-05 09:02:02] --- arm lr1e3: channels 32,64,64, fc 128, env [none], flags [--lr 1e-3] ---
[2026-09-05 09:02:02] distil S_mixed_lr_lr1e3_s6
[2026-09-05 09:06:18]   KD error: lr1e3 s6
S_mixed_lr_lr1e3_s6  (101,888 ReLU)  vs  teacher_mixed_t06lap_dagger_r03
52,180 frames, 67,468 cached teacher targets

condition   frames   KD RMSE      bias  teacher|s|  student|s|  p99 |err|
  --------------------------------------------------------------------------
clear        3,000    0.0170   +0.0010      0.0411      0.0395     0.0563
fog          3,000    0.0247   +0.0009      0.0515      0.0479     0.0922
night        3,000    0.0266   -0.0002      0.0426      0.0377     0.0665
low_sun      3,000    0.0165   +0.0012      0.0313      0.0290     0.0540
shadows      none

  steering tolerance delta_tol = 0.0120 (normalised units), for scale
  wrote /home/za/ad-assurance--workspace/formal-verification--steering--code/results/town06/lr_confirm/kd_lr1e3_s6.json
[2026-09-05 09:06:54]   drive lr1e3 s6 fog: 3 laps

STUDENT VARIANT COMPARISON -- fog, 3 lap(s) each, clean server before every lap
  budget 2.19 ft

  S_mixed_lr_lr1e3_s6                          lap0  max|CTE|    1.36 ft over   0.0%  steps 1179/1280  PASS
  S_mixed_lr_lr1e3_s6                          lap1  max|CTE|    1.36 ft over   0.0%  steps 1179/1280  PASS
  S_mixed_lr_lr1e3_s6                          lap2  max|CTE|    1.36 ft over   0.0%  steps 1179/1280  PASS

checkpoint                                      laps held  worst |CTE|  % of budget
S_mixed_lr_lr1e3_s6                                 3/3          1.36ft          62%

  -> /home/za/ad-assurance--workspace/formal-verification--steering--code/results/town06/lr_confirm/drive_lr1e3_s6_fog.json
[2026-09-05 09:09:49]     worst 1.36 ft 
[2026-09-05 09:09:49]   drive lr1e3 s6 clear: 3 laps

STUDENT VARIANT COMPARISON -- clear, 3 lap(s) each, clean server before every lap
  budget 2.19 ft

  S_mixed_lr_lr1e3_s6                          lap0  max|CTE|    1.46 ft over   0.0%  steps 1180/1280  PASS
  S_mixed_lr_lr1e3_s6                          lap1  max|CTE|    1.44 ft over   0.0%  steps 1179/1280  PASS
  S_mixed_lr_lr1e3_s6                          lap2  max|CTE|    1.65 ft over   0.0%  steps 1180/1280  PASS

checkpoint                                      laps held  worst |CTE|  % of budget
S_mixed_lr_lr1e3_s6                                 3/3          1.65ft          75%

  -> /home/za/ad-assurance--workspace/formal-verification--steering--code/results/town06/lr_confirm/drive_lr1e3_s6_clear.json
[2026-09-05 09:12:48]     worst 1.65 ft 
[2026-09-05 09:12:48] distil S_mixed_lr_lr1e3_s7
[2026-09-05 09:15:17]   KD error: lr1e3 s7
S_mixed_lr_lr1e3_s7  (101,888 ReLU)  vs  teacher_mixed_t06lap_dagger_r03
52,180 frames, 67,468 cached teacher targets

condition   frames   KD RMSE      bias  teacher|s|  student|s|  p99 |err|
  --------------------------------------------------------------------------
clear        3,000    0.0211   -0.0015      0.0411      0.0377     0.0865
fog          3,000    0.0350   +0.0014      0.0515      0.0491     0.1458
night        3,000    0.0345   -0.0015      0.0426      0.0373     0.1355
low_sun      3,000    0.0254   -0.0004      0.0313      0.0272     0.0888
shadows      none

  steering tolerance delta_tol = 0.0120 (normalised units), for scale
  wrote /home/za/ad-assurance--workspace/formal-verification--steering--code/results/town06/lr_confirm/kd_lr1e3_s7.json
[2026-09-05 09:15:53]   drive lr1e3 s7 fog: 3 laps

STUDENT VARIANT COMPARISON -- fog, 3 lap(s) each, clean server before every lap
  budget 2.19 ft

  S_mixed_lr_lr1e3_s7                          lap0  max|CTE|    2.40 ft over   0.3%  steps 1179/1280  FAIL
  S_mixed_lr_lr1e3_s7                          lap1  max|CTE|    2.20 ft over   0.1%  steps 1179/1280  FAIL
  S_mixed_lr_lr1e3_s7                          lap2  max|CTE|    2.20 ft over   0.1%  steps 1180/1280  FAIL

checkpoint                                      laps held  worst |CTE|  % of budget
S_mixed_lr_lr1e3_s7                                 0/3          2.40ft         110%

  -> /home/za/ad-assurance--workspace/formal-verification--steering--code/results/town06/lr_confirm/drive_lr1e3_s7_fog.json
[2026-09-05 09:18:48]     worst 2.40 ft 
[2026-09-05 09:18:48]   drive lr1e3 s7 clear: 3 laps

STUDENT VARIANT COMPARISON -- clear, 3 lap(s) each, clean server before every lap
  budget 2.19 ft

  S_mixed_lr_lr1e3_s7                          lap0  max|CTE|    0.80 ft over   0.0%  steps 1179/1280  PASS
  S_mixed_lr_lr1e3_s7                          lap1  max|CTE|    0.82 ft over   0.0%  steps 1179/1280  PASS
  S_mixed_lr_lr1e3_s7                          lap2  max|CTE|    0.81 ft over   0.0%  steps 1179/1280  PASS

checkpoint                                      laps held  worst |CTE|  % of budget
S_mixed_lr_lr1e3_s7                                 3/3          0.82ft          37%

  -> /home/za/ad-assurance--workspace/formal-verification--steering--code/results/town06/lr_confirm/drive_lr1e3_s7_clear.json
[2026-09-05 09:21:45]     worst 0.82 ft 
[2026-09-05 09:21:45] distil S_mixed_lr_lr1e3_s8
[2026-09-05 09:24:37]   KD error: lr1e3 s8
S_mixed_lr_lr1e3_s8  (101,888 ReLU)  vs  teacher_mixed_t06lap_dagger_r03
52,180 frames, 67,468 cached teacher targets

condition   frames   KD RMSE      bias  teacher|s|  student|s|  p99 |err|
  --------------------------------------------------------------------------
clear        3,000    0.0196   +0.0016      0.0411      0.0390     0.0667
fog          3,000    0.0235   +0.0048      0.0515      0.0493     0.1041
night        3,000    0.0304   +0.0014      0.0426      0.0399     0.1082
low_sun      3,000    0.0192   +0.0034      0.0313      0.0289     0.0693
shadows      none

  steering tolerance delta_tol = 0.0120 (normalised units), for scale
  wrote /home/za/ad-assurance--workspace/formal-verification--steering--code/results/town06/lr_confirm/kd_lr1e3_s8.json
[2026-09-05 09:25:13]   drive lr1e3 s8 fog: 3 laps

STUDENT VARIANT COMPARISON -- fog, 3 lap(s) each, clean server before every lap
  budget 2.19 ft

  S_mixed_lr_lr1e3_s8                          lap0  max|CTE|    3.37 ft over   0.5%  steps 1179/1280  FAIL
  S_mixed_lr_lr1e3_s8                          lap1  max|CTE|    3.37 ft over   0.5%  steps 1179/1280  FAIL
  S_mixed_lr_lr1e3_s8                          lap2  max|CTE|    2.79 ft over   0.4%  steps 1179/1280  FAIL

checkpoint                                      laps held  worst |CTE|  % of budget
S_mixed_lr_lr1e3_s8                                 0/3          3.37ft         154%

  -> /home/za/ad-assurance--workspace/formal-verification--steering--code/results/town06/lr_confirm/drive_lr1e3_s8_fog.json
[2026-09-05 09:28:08]     worst 3.37 ft 
[2026-09-05 09:28:08]   drive lr1e3 s8 clear: 3 laps

STUDENT VARIANT COMPARISON -- clear, 3 lap(s) each, clean server before every lap
  budget 2.19 ft

  S_mixed_lr_lr1e3_s8                          lap0  max|CTE|    1.45 ft over   0.0%  steps 1180/1280  PASS
  S_mixed_lr_lr1e3_s8                          lap1  max|CTE|    1.49 ft over   0.0%  steps 1180/1280  PASS
  S_mixed_lr_lr1e3_s8                          lap2  max|CTE|    1.51 ft over   0.0%  steps 1180/1280  PASS

checkpoint                                      laps held  worst |CTE|  % of budget
S_mixed_lr_lr1e3_s8                                 3/3          1.51ft          69%

  -> /home/za/ad-assurance--workspace/formal-verification--steering--code/results/town06/lr_confirm/drive_lr1e3_s8_clear.json
[2026-09-05 09:31:05]     worst 1.51 ft 
[2026-09-05 09:31:05] distil S_mixed_lr_lr1e3_s9
[2026-09-05 09:34:26]   KD error: lr1e3 s9
S_mixed_lr_lr1e3_s9  (101,888 ReLU)  vs  teacher_mixed_t06lap_dagger_r03
52,180 frames, 67,468 cached teacher targets

condition   frames   KD RMSE      bias  teacher|s|  student|s|  p99 |err|
  --------------------------------------------------------------------------
clear        3,000    0.0268   -0.0077      0.0411      0.0418     0.1217
fog          3,000    0.0378   -0.0054      0.0515      0.0466     0.1678
night        3,000    0.0365   -0.0101      0.0426      0.0402     0.1271
low_sun      3,000    0.0250   -0.0050      0.0313      0.0308     0.0902
shadows      none

  steering tolerance delta_tol = 0.0120 (normalised units), for scale
  wrote /home/za/ad-assurance--workspace/formal-verification--steering--code/results/town06/lr_confirm/kd_lr1e3_s9.json
[2026-09-05 09:35:02]   drive lr1e3 s9 fog: 3 laps

STUDENT VARIANT COMPARISON -- fog, 3 lap(s) each, clean server before every lap
  budget 2.19 ft

  S_mixed_lr_lr1e3_s9                          lap0  max|CTE|    2.72 ft over   0.4%  steps 1180/1280  FAIL
  S_mixed_lr_lr1e3_s9                          lap1  max|CTE|    2.99 ft over   0.7%  steps 1179/1280  FAIL
  S_mixed_lr_lr1e3_s9                          lap2  max|CTE|    2.11 ft over   0.0%  steps 1179/1280  PASS

checkpoint                                      laps held  worst |CTE|  % of budget
S_mixed_lr_lr1e3_s9                                 1/3          2.99ft         136%

  -> /home/za/ad-assurance--workspace/formal-verification--steering--code/results/town06/lr_confirm/drive_lr1e3_s9_fog.json
[2026-09-05 09:37:57]     worst 2.99 ft 
[2026-09-05 09:37:57]   drive lr1e3 s9 clear: 3 laps

STUDENT VARIANT COMPARISON -- clear, 3 lap(s) each, clean server before every lap
  budget 2.19 ft

  S_mixed_lr_lr1e3_s9                          lap0  max|CTE|    1.86 ft over   0.0%  steps 1179/1280  PASS
  S_mixed_lr_lr1e3_s9                          lap1  max|CTE|    1.86 ft over   0.0%  steps 1179/1280  PASS
  S_mixed_lr_lr1e3_s9                          lap2  max|CTE|    2.01 ft over   0.0%  steps 1179/1280  PASS

checkpoint                                      laps held  worst |CTE|  % of budget
S_mixed_lr_lr1e3_s9                                 3/3          2.01ft          92%

  -> /home/za/ad-assurance--workspace/formal-verification--steering--code/results/town06/lr_confirm/drive_lr1e3_s9_clear.json
[2026-09-05 09:40:55]     worst 2.01 ft 
[2026-09-05 09:40:55] distil S_mixed_lr_lr1e3_s10
[2026-09-05 09:44:06]   KD error: lr1e3 s10
S_mixed_lr_lr1e3_s10  (101,888 ReLU)  vs  teacher_mixed_t06lap_dagger_r03
52,180 frames, 67,468 cached teacher targets

condition   frames   KD RMSE      bias  teacher|s|  student|s|  p99 |err|
  --------------------------------------------------------------------------
clear        3,000    0.0169   -0.0006      0.0411      0.0392     0.0604
fog          3,000    0.0253   +0.0006      0.0515      0.0481     0.1024
night        3,000    0.0300   -0.0012      0.0426      0.0356     0.0995
low_sun      3,000    0.0189   +0.0021      0.0313      0.0288     0.0675
shadows      none

  steering tolerance delta_tol = 0.0120 (normalised units), for scale
  wrote /home/za/ad-assurance--workspace/formal-verification--steering--code/results/town06/lr_confirm/kd_lr1e3_s10.json
[2026-09-05 09:44:42]   drive lr1e3 s10 fog: 3 laps

STUDENT VARIANT COMPARISON -- fog, 3 lap(s) each, clean server before every lap
  budget 2.19 ft

  S_mixed_lr_lr1e3_s10                         lap0  max|CTE|   37.63 ft over   5.0%  steps 301/1280  DEPARTED  FAIL
  S_mixed_lr_lr1e3_s10                         lap1  max|CTE|   37.60 ft over   5.0%  steps 301/1280  DEPARTED  FAIL
  S_mixed_lr_lr1e3_s10                         lap2  max|CTE|   37.60 ft over   5.0%  steps 301/1280  DEPARTED  FAIL

checkpoint                                      laps held  worst |CTE|  % of budget
S_mixed_lr_lr1e3_s10                                0/3         37.63ft        1717%

  -> /home/za/ad-assurance--workspace/formal-verification--steering--code/results/town06/lr_confirm/drive_lr1e3_s10_fog.json
[2026-09-05 09:47:21]     worst 37.63 ft 
[2026-09-05 09:47:21]   drive lr1e3 s10 clear: 3 laps

STUDENT VARIANT COMPARISON -- clear, 3 lap(s) each, clean server before every lap
  budget 2.19 ft

  S_mixed_lr_lr1e3_s10                         lap0  max|CTE|    1.16 ft over   0.0%  steps 1179/1280  PASS
  S_mixed_lr_lr1e3_s10                         lap1  max|CTE|    1.17 ft over   0.0%  steps 1179/1280  PASS
  S_mixed_lr_lr1e3_s10                         lap2  max|CTE|    1.12 ft over   0.0%  steps 1179/1280  PASS

checkpoint                                      laps held  worst |CTE|  % of budget
S_mixed_lr_lr1e3_s10                                3/3          1.17ft          53%

  -> /home/za/ad-assurance--workspace/formal-verification--steering--code/results/town06/lr_confirm/drive_lr1e3_s10_clear.json
[2026-09-05 09:50:18]     worst 1.17 ft 
[2026-09-05 09:50:18] distil S_mixed_lr_lr1e3_s11
[2026-09-05 09:54:27]   KD error: lr1e3 s11
S_mixed_lr_lr1e3_s11  (101,888 ReLU)  vs  teacher_mixed_t06lap_dagger_r03
52,180 frames, 67,468 cached teacher targets

condition   frames   KD RMSE      bias  teacher|s|  student|s|  p99 |err|
  --------------------------------------------------------------------------
clear        3,000    0.0141   -0.0005      0.0411      0.0403     0.0570
fog          3,000    0.0211   +0.0012      0.0515      0.0489     0.0726
night        3,000    0.0255   -0.0017      0.0426      0.0382     0.0608
low_sun      3,000    0.0175   +0.0008      0.0313      0.0294     0.0485
shadows      none

  steering tolerance delta_tol = 0.0120 (normalised units), for scale
  wrote /home/za/ad-assurance--workspace/formal-verification--steering--code/results/town06/lr_confirm/kd_lr1e3_s11.json
[2026-09-05 09:55:03]   drive lr1e3 s11 fog: 3 laps

STUDENT VARIANT COMPARISON -- fog, 3 lap(s) each, clean server before every lap
  budget 2.19 ft

  S_mixed_lr_lr1e3_s11                         lap0  max|CTE|    1.00 ft over   0.0%  steps 1179/1280  PASS
  S_mixed_lr_lr1e3_s11                         lap1  max|CTE|    0.76 ft over   0.0%  steps 1179/1280  PASS
  S_mixed_lr_lr1e3_s11                         lap2  max|CTE|    0.76 ft over   0.0%  steps 1179/1280  PASS

checkpoint                                      laps held  worst |CTE|  % of budget
S_mixed_lr_lr1e3_s11                                3/3          1.00ft          46%

  -> /home/za/ad-assurance--workspace/formal-verification--steering--code/results/town06/lr_confirm/drive_lr1e3_s11_fog.json
[2026-09-05 09:57:58]     worst 1.00 ft 
[2026-09-05 09:57:58]   drive lr1e3 s11 clear: 3 laps

STUDENT VARIANT COMPARISON -- clear, 3 lap(s) each, clean server before every lap
  budget 2.19 ft

  S_mixed_lr_lr1e3_s11                         lap0  max|CTE|    0.71 ft over   0.0%  steps 1179/1280  PASS
  S_mixed_lr_lr1e3_s11                         lap1  max|CTE|    0.98 ft over   0.0%  steps 1179/1280  PASS
  S_mixed_lr_lr1e3_s11                         lap2  max|CTE|    0.90 ft over   0.0%  steps 1179/1280  PASS

checkpoint                                      laps held  worst |CTE|  % of budget
S_mixed_lr_lr1e3_s11                                3/3          0.98ft          45%

  -> /home/za/ad-assurance--workspace/formal-verification--steering--code/results/town06/lr_confirm/drive_lr1e3_s11_clear.json
[2026-09-05 10:00:56]     worst 0.98 ft 
[2026-09-05 10:00:56] distil S_mixed_lr_lr1e3_s12
[2026-09-05 10:03:41]   KD error: lr1e3 s12
S_mixed_lr_lr1e3_s12  (101,888 ReLU)  vs  teacher_mixed_t06lap_dagger_r03
52,180 frames, 67,468 cached teacher targets

condition   frames   KD RMSE      bias  teacher|s|  student|s|  p99 |err|
  --------------------------------------------------------------------------
clear        3,000    0.0194   -0.0017      0.0411      0.0431     0.0776
fog          3,000    0.0275   +0.0022      0.0515      0.0506     0.1072
night        3,000    0.0281   -0.0028      0.0426      0.0435     0.0954
low_sun      3,000    0.0187   -0.0002      0.0313      0.0319     0.0691
shadows      none

  steering tolerance delta_tol = 0.0120 (normalised units), for scale
  wrote /home/za/ad-assurance--workspace/formal-verification--steering--code/results/town06/lr_confirm/kd_lr1e3_s12.json
[2026-09-05 10:04:17]   drive lr1e3 s12 fog: 3 laps

STUDENT VARIANT COMPARISON -- fog, 3 lap(s) each, clean server before every lap
  budget 2.19 ft

  S_mixed_lr_lr1e3_s12                         lap0  max|CTE|   12.20 ft over   4.0%  steps 1178/1280  FAIL
  S_mixed_lr_lr1e3_s12                         lap1  max|CTE|   12.20 ft over   3.3%  steps 1178/1280  FAIL
  S_mixed_lr_lr1e3_s12                         lap2  max|CTE|   12.20 ft over   4.2%  steps 1178/1280  FAIL

checkpoint                                      laps held  worst |CTE|  % of budget
S_mixed_lr_lr1e3_s12                                0/3         12.20ft         557%

  -> /home/za/ad-assurance--workspace/formal-verification--steering--code/results/town06/lr_confirm/drive_lr1e3_s12_fog.json
[2026-09-05 10:07:12]     worst 12.20 ft 
[2026-09-05 10:07:12]   drive lr1e3 s12 clear: 3 laps

STUDENT VARIANT COMPARISON -- clear, 3 lap(s) each, clean server before every lap
  budget 2.19 ft

  S_mixed_lr_lr1e3_s12                         lap0  max|CTE|    0.72 ft over   0.0%  steps 1179/1280  PASS
  S_mixed_lr_lr1e3_s12                         lap1  max|CTE|    0.72 ft over   0.0%  steps 1179/1280  PASS
  S_mixed_lr_lr1e3_s12                         lap2  max|CTE|    0.72 ft over   0.0%  steps 1179/1280  PASS

checkpoint                                      laps held  worst |CTE|  % of budget
S_mixed_lr_lr1e3_s12                                3/3          0.72ft          33%

  -> /home/za/ad-assurance--workspace/formal-verification--steering--code/results/town06/lr_confirm/drive_lr1e3_s12_clear.json
[2026-09-05 10:10:10]     worst 0.72 ft 
[2026-09-05 10:10:10] distil S_mixed_lr_lr1e3_s13
[2026-09-05 10:13:34]   KD error: lr1e3 s13
S_mixed_lr_lr1e3_s13  (101,888 ReLU)  vs  teacher_mixed_t06lap_dagger_r03
52,180 frames, 67,468 cached teacher targets

condition   frames   KD RMSE      bias  teacher|s|  student|s|  p99 |err|
  --------------------------------------------------------------------------
clear        3,000    0.0138   +0.0002      0.0411      0.0394     0.0487
fog          3,000    0.0201   +0.0014      0.0515      0.0499     0.0606
night        3,000    0.0222   -0.0011      0.0426      0.0381     0.0680
low_sun      3,000    0.0188   +0.0009      0.0313      0.0287     0.0469
shadows      none

  steering tolerance delta_tol = 0.0120 (normalised units), for scale
  wrote /home/za/ad-assurance--workspace/formal-verification--steering--code/results/town06/lr_confirm/kd_lr1e3_s13.json
[2026-09-05 10:14:10]   drive lr1e3 s13 fog: 3 laps

STUDENT VARIANT COMPARISON -- fog, 3 lap(s) each, clean server before every lap
  budget 2.19 ft

  S_mixed_lr_lr1e3_s13                         lap0  max|CTE|   10.43 ft over   1.8%  steps 1179/1280  FAIL
  S_mixed_lr_lr1e3_s13                         lap1  max|CTE|   10.43 ft over   1.8%  steps 1179/1280  FAIL
  S_mixed_lr_lr1e3_s13                         lap2  max|CTE|   10.43 ft over   2.4%  steps 1179/1280  FAIL

checkpoint                                      laps held  worst |CTE|  % of budget
S_mixed_lr_lr1e3_s13                                0/3         10.43ft         476%

  -> /home/za/ad-assurance--workspace/formal-verification--steering--code/results/town06/lr_confirm/drive_lr1e3_s13_fog.json
[2026-09-05 10:17:05]     worst 10.43 ft 
[2026-09-05 10:17:05]   drive lr1e3 s13 clear: 3 laps

STUDENT VARIANT COMPARISON -- clear, 3 lap(s) each, clean server before every lap
  budget 2.19 ft

  S_mixed_lr_lr1e3_s13                         lap0  max|CTE|    1.12 ft over   0.0%  steps 1179/1280  PASS
  S_mixed_lr_lr1e3_s13                         lap1  max|CTE|    1.20 ft over   0.0%  steps 1179/1280  PASS
  S_mixed_lr_lr1e3_s13                         lap2  max|CTE|    0.56 ft over   0.0%  steps 1179/1280  PASS

checkpoint                                      laps held  worst |CTE|  % of budget
S_mixed_lr_lr1e3_s13                                3/3          1.20ft          55%

  -> /home/za/ad-assurance--workspace/formal-verification--steering--code/results/town06/lr_confirm/drive_lr1e3_s13_clear.json
[2026-09-05 10:20:03]     worst 1.20 ft 
[2026-09-05 10:20:03] distil S_mixed_lr_lr1e3_s14
[2026-09-05 10:23:54]   KD error: lr1e3 s14
S_mixed_lr_lr1e3_s14  (101,888 ReLU)  vs  teacher_mixed_t06lap_dagger_r03
52,180 frames, 67,468 cached teacher targets

condition   frames   KD RMSE      bias  teacher|s|  student|s|  p99 |err|
  --------------------------------------------------------------------------
clear        3,000    0.0219   -0.0019      0.0411      0.0408     0.0762
fog          3,000    0.0284   -0.0005      0.0515      0.0492     0.0945
night        3,000    0.0300   -0.0008      0.0426      0.0377     0.0888
low_sun      3,000    0.0225   +0.0005      0.0313      0.0296     0.0613
shadows      none

  steering tolerance delta_tol = 0.0120 (normalised units), for scale
  wrote /home/za/ad-assurance--workspace/formal-verification--steering--code/results/town06/lr_confirm/kd_lr1e3_s14.json
[2026-09-05 10:24:30]   drive lr1e3 s14 fog: 3 laps

STUDENT VARIANT COMPARISON -- fog, 3 lap(s) each, clean server before every lap
  budget 2.19 ft

  S_mixed_lr_lr1e3_s14                         lap0  max|CTE|    5.84 ft over   1.7%  steps 1178/1280  FAIL
  S_mixed_lr_lr1e3_s14                         lap1  max|CTE|    5.84 ft over   1.7%  steps 1178/1280  FAIL
  S_mixed_lr_lr1e3_s14                         lap2  max|CTE|    5.79 ft over   1.3%  steps 1178/1280  FAIL

checkpoint                                      laps held  worst |CTE|  % of budget
S_mixed_lr_lr1e3_s14                                0/3          5.84ft         266%

  -> /home/za/ad-assurance--workspace/formal-verification--steering--code/results/town06/lr_confirm/drive_lr1e3_s14_fog.json
[2026-09-05 10:27:25]     worst 5.84 ft 
[2026-09-05 10:27:25]   drive lr1e3 s14 clear: 3 laps

STUDENT VARIANT COMPARISON -- clear, 3 lap(s) each, clean server before every lap
  budget 2.19 ft

  S_mixed_lr_lr1e3_s14                         lap0  max|CTE|    5.93 ft over   1.1%  steps 1178/1280  FAIL
  S_mixed_lr_lr1e3_s14                         lap1  max|CTE|    5.93 ft over   1.1%  steps 1178/1280  FAIL
  S_mixed_lr_lr1e3_s14                         lap2  max|CTE|    5.93 ft over   1.1%  steps 1178/1280  FAIL

checkpoint                                      laps held  worst |CTE|  % of budget
S_mixed_lr_lr1e3_s14                                0/3          5.93ft         271%

  -> /home/za/ad-assurance--workspace/formal-verification--steering--code/results/town06/lr_confirm/drive_lr1e3_s14_clear.json
[2026-09-05 10:30:22]     worst 5.93 ft 
[2026-09-05 10:30:22] --- arm lr3e4: channels 32,64,64, fc 128, env [none], flags [--lr 3e-4] ---
[2026-09-05 10:30:22] distil S_mixed_lr_lr3e4_s6
[2026-09-05 10:32:44]   KD error: lr3e4 s6
S_mixed_lr_lr3e4_s6  (101,888 ReLU)  vs  teacher_mixed_t06lap_dagger_r03
52,180 frames, 67,468 cached teacher targets

condition   frames   KD RMSE      bias  teacher|s|  student|s|  p99 |err|
  --------------------------------------------------------------------------
clear        3,000    0.0161   +0.0002      0.0411      0.0404     0.0460
fog          3,000    0.0188   -0.0002      0.0515      0.0499     0.0754
night        3,000    0.0222   +0.0009      0.0426      0.0402     0.0589
low_sun      3,000    0.0136   +0.0007      0.0313      0.0301     0.0431
shadows      none

  steering tolerance delta_tol = 0.0120 (normalised units), for scale
  wrote /home/za/ad-assurance--workspace/formal-verification--steering--code/results/town06/lr_confirm/kd_lr3e4_s6.json
[2026-09-05 10:33:20]   drive lr3e4 s6 fog: 3 laps

STUDENT VARIANT COMPARISON -- fog, 3 lap(s) each, clean server before every lap
  budget 2.19 ft

  S_mixed_lr_lr3e4_s6                          lap0  max|CTE|    2.50 ft over   1.0%  steps 1179/1280  FAIL
  S_mixed_lr_lr3e4_s6                          lap1  max|CTE|    2.75 ft over   1.2%  steps 1179/1280  FAIL
  S_mixed_lr_lr3e4_s6                          lap2  max|CTE|    2.72 ft over   1.2%  steps 1179/1280  FAIL

checkpoint                                      laps held  worst |CTE|  % of budget
S_mixed_lr_lr3e4_s6                                 0/3          2.75ft         125%

  -> /home/za/ad-assurance--workspace/formal-verification--steering--code/results/town06/lr_confirm/drive_lr3e4_s6_fog.json
[2026-09-05 10:36:15]     worst 2.75 ft 
[2026-09-05 10:36:15]   drive lr3e4 s6 clear: 3 laps

STUDENT VARIANT COMPARISON -- clear, 3 lap(s) each, clean server before every lap
  budget 2.19 ft

  S_mixed_lr_lr3e4_s6                          lap0  max|CTE|    1.08 ft over   0.0%  steps 1179/1280  PASS
  S_mixed_lr_lr3e4_s6                          lap1  max|CTE|    1.15 ft over   0.0%  steps 1179/1280  PASS
  S_mixed_lr_lr3e4_s6                          lap2  max|CTE|    1.13 ft over   0.0%  steps 1179/1280  PASS

checkpoint                                      laps held  worst |CTE|  % of budget
S_mixed_lr_lr3e4_s6                                 3/3          1.15ft          52%

  -> /home/za/ad-assurance--workspace/formal-verification--steering--code/results/town06/lr_confirm/drive_lr3e4_s6_clear.json
[2026-09-05 10:39:13]     worst 1.15 ft 
[2026-09-05 10:39:13] distil S_mixed_lr_lr3e4_s7
[2026-09-05 10:42:03]   KD error: lr3e4 s7
S_mixed_lr_lr3e4_s7  (101,888 ReLU)  vs  teacher_mixed_t06lap_dagger_r03
52,180 frames, 67,468 cached teacher targets

condition   frames   KD RMSE      bias  teacher|s|  student|s|  p99 |err|
  --------------------------------------------------------------------------
clear        3,000    0.0156   -0.0019      0.0411      0.0399     0.0517
fog          3,000    0.0202   -0.0019      0.0515      0.0499     0.0762
night        3,000    0.0237   -0.0008      0.0426      0.0400     0.0655
low_sun      3,000    0.0141   -0.0007      0.0313      0.0290     0.0441
shadows      none

  steering tolerance delta_tol = 0.0120 (normalised units), for scale
  wrote /home/za/ad-assurance--workspace/formal-verification--steering--code/results/town06/lr_confirm/kd_lr3e4_s7.json
[2026-09-05 10:42:39]   drive lr3e4 s7 fog: 3 laps

STUDENT VARIANT COMPARISON -- fog, 3 lap(s) each, clean server before every lap
  budget 2.19 ft

  S_mixed_lr_lr3e4_s7                          lap0  max|CTE|    1.42 ft over   0.0%  steps 1179/1280  PASS
  S_mixed_lr_lr3e4_s7                          lap1  max|CTE|    1.39 ft over   0.0%  steps 1179/1280  PASS
  S_mixed_lr_lr3e4_s7                          lap2  max|CTE|    1.42 ft over   0.0%  steps 1179/1280  PASS

checkpoint                                      laps held  worst |CTE|  % of budget
S_mixed_lr_lr3e4_s7                                 3/3          1.42ft          65%

  -> /home/za/ad-assurance--workspace/formal-verification--steering--code/results/town06/lr_confirm/drive_lr3e4_s7_fog.json
[2026-09-05 10:45:34]     worst 1.42 ft 
[2026-09-05 10:45:34]   drive lr3e4 s7 clear: 3 laps

STUDENT VARIANT COMPARISON -- clear, 3 lap(s) each, clean server before every lap
  budget 2.19 ft

  S_mixed_lr_lr3e4_s7                          lap0  max|CTE|    0.67 ft over   0.0%  steps 1179/1280  PASS
  S_mixed_lr_lr3e4_s7                          lap1  max|CTE|    0.55 ft over   0.0%  steps 1179/1280  PASS
  S_mixed_lr_lr3e4_s7                          lap2  max|CTE|    0.54 ft over   0.0%  steps 1179/1280  PASS

checkpoint                                      laps held  worst |CTE|  % of budget
S_mixed_lr_lr3e4_s7                                 3/3          0.67ft          31%

  -> /home/za/ad-assurance--workspace/formal-verification--steering--code/results/town06/lr_confirm/drive_lr3e4_s7_clear.json
[2026-09-05 10:48:31]     worst 0.67 ft 
[2026-09-05 10:48:31] distil S_mixed_lr_lr3e4_s8
[2026-09-05 10:50:57]   KD error: lr3e4 s8
S_mixed_lr_lr3e4_s8  (101,888 ReLU)  vs  teacher_mixed_t06lap_dagger_r03
52,180 frames, 67,468 cached teacher targets

condition   frames   KD RMSE      bias  teacher|s|  student|s|  p99 |err|
  --------------------------------------------------------------------------
clear        3,000    0.0135   -0.0002      0.0411      0.0397     0.0484
fog          3,000    0.0244   +0.0035      0.0515      0.0478     0.0930
night        3,000    0.0230   +0.0042      0.0426      0.0394     0.0788
low_sun      3,000    0.0153   +0.0017      0.0313      0.0286     0.0504
shadows      none

  steering tolerance delta_tol = 0.0120 (normalised units), for scale
  wrote /home/za/ad-assurance--workspace/formal-verification--steering--code/results/town06/lr_confirm/kd_lr3e4_s8.json
[2026-09-05 10:51:33]   drive lr3e4 s8 fog: 3 laps

STUDENT VARIANT COMPARISON -- fog, 3 lap(s) each, clean server before every lap
  budget 2.19 ft

  S_mixed_lr_lr3e4_s8                          lap0  max|CTE|    2.78 ft over   1.2%  steps 1179/1280  FAIL
  S_mixed_lr_lr3e4_s8                          lap1  max|CTE|    2.50 ft over   0.9%  steps 1179/1280  FAIL
  S_mixed_lr_lr3e4_s8                          lap2  max|CTE|    2.91 ft over   1.4%  steps 1179/1280  FAIL

checkpoint                                      laps held  worst |CTE|  % of budget
S_mixed_lr_lr3e4_s8                                 0/3          2.91ft         133%

  -> /home/za/ad-assurance--workspace/formal-verification--steering--code/results/town06/lr_confirm/drive_lr3e4_s8_fog.json
[2026-09-05 10:54:28]     worst 2.91 ft 
[2026-09-05 10:54:28]   drive lr3e4 s8 clear: 3 laps

STUDENT VARIANT COMPARISON -- clear, 3 lap(s) each, clean server before every lap
  budget 2.19 ft

  S_mixed_lr_lr3e4_s8                          lap0  max|CTE|    1.39 ft over   0.0%  steps 1180/1280  PASS
  S_mixed_lr_lr3e4_s8                          lap1  max|CTE|    1.31 ft over   0.0%  steps 1180/1280  PASS
  S_mixed_lr_lr3e4_s8                          lap2  max|CTE|    1.44 ft over   0.0%  steps 1180/1280  PASS

checkpoint                                      laps held  worst |CTE|  % of budget
S_mixed_lr_lr3e4_s8                                 3/3          1.44ft          66%

  -> /home/za/ad-assurance--workspace/formal-verification--steering--code/results/town06/lr_confirm/drive_lr3e4_s8_clear.json
[2026-09-05 10:57:25]     worst 1.44 ft 
[2026-09-05 10:57:25] distil S_mixed_lr_lr3e4_s9
[2026-09-05 11:02:01]   KD error: lr3e4 s9
S_mixed_lr_lr3e4_s9  (101,888 ReLU)  vs  teacher_mixed_t06lap_dagger_r03
52,180 frames, 67,468 cached teacher targets

condition   frames   KD RMSE      bias  teacher|s|  student|s|  p99 |err|
  --------------------------------------------------------------------------
clear        3,000    0.0120   +0.0014      0.0411      0.0396     0.0332
fog          3,000    0.0160   +0.0013      0.0515      0.0488     0.0470
night        3,000    0.0219   +0.0007      0.0426      0.0392     0.0422
low_sun      3,000    0.0178   +0.0016      0.0313      0.0294     0.0298
shadows      none

  steering tolerance delta_tol = 0.0120 (normalised units), for scale
  wrote /home/za/ad-assurance--workspace/formal-verification--steering--code/results/town06/lr_confirm/kd_lr3e4_s9.json
[2026-09-05 11:02:37]   drive lr3e4 s9 fog: 3 laps

STUDENT VARIANT COMPARISON -- fog, 3 lap(s) each, clean server before every lap
  budget 2.19 ft

  S_mixed_lr_lr3e4_s9                          lap0  max|CTE|   21.20 ft over   5.0%  steps 302/1280  DEPARTED  FAIL
  S_mixed_lr_lr3e4_s9                          lap1  max|CTE|   30.74 ft over   4.7%  steps 300/1280  DEPARTED  FAIL
  S_mixed_lr_lr3e4_s9                          lap2  max|CTE|   38.56 ft over   4.7%  steps 299/1280  DEPARTED  FAIL

checkpoint                                      laps held  worst |CTE|  % of budget
S_mixed_lr_lr3e4_s9                                 0/3         38.56ft        1759%

  -> /home/za/ad-assurance--workspace/formal-verification--steering--code/results/town06/lr_confirm/drive_lr3e4_s9_fog.json
[2026-09-05 11:05:16]     worst 38.56 ft 
[2026-09-05 11:05:16]   drive lr3e4 s9 clear: 3 laps

STUDENT VARIANT COMPARISON -- clear, 3 lap(s) each, clean server before every lap
  budget 2.19 ft

  S_mixed_lr_lr3e4_s9                          lap0  max|CTE|    1.05 ft over   0.0%  steps 1179/1280  PASS
  S_mixed_lr_lr3e4_s9                          lap1  max|CTE|    1.01 ft over   0.0%  steps 1179/1280  PASS
  S_mixed_lr_lr3e4_s9                          lap2  max|CTE|    1.10 ft over   0.0%  steps 1179/1280  PASS

checkpoint                                      laps held  worst |CTE|  % of budget
S_mixed_lr_lr3e4_s9                                 3/3          1.10ft          50%

  -> /home/za/ad-assurance--workspace/formal-verification--steering--code/results/town06/lr_confirm/drive_lr3e4_s9_clear.json
[2026-09-05 11:08:14]     worst 1.10 ft 
[2026-09-05 11:08:14] distil S_mixed_lr_lr3e4_s10
[2026-09-05 11:12:39]   KD error: lr3e4 s10
S_mixed_lr_lr3e4_s10  (101,888 ReLU)  vs  teacher_mixed_t06lap_dagger_r03
52,180 frames, 67,468 cached teacher targets

condition   frames   KD RMSE      bias  teacher|s|  student|s|  p99 |err|
  --------------------------------------------------------------------------
clear        3,000    0.0150   +0.0022      0.0411      0.0409     0.0375
fog          3,000    0.0147   +0.0007      0.0515      0.0509     0.0497
night        3,000    0.0221   +0.0021      0.0426      0.0413     0.0524
low_sun      3,000    0.0093   +0.0018      0.0313      0.0313     0.0333
shadows      none

  steering tolerance delta_tol = 0.0120 (normalised units), for scale
  wrote /home/za/ad-assurance--workspace/formal-verification--steering--code/results/town06/lr_confirm/kd_lr3e4_s10.json
[2026-09-05 11:13:15]   drive lr3e4 s10 fog: 3 laps

STUDENT VARIANT COMPARISON -- fog, 3 lap(s) each, clean server before every lap
  budget 2.19 ft

  S_mixed_lr_lr3e4_s10                         lap0  max|CTE|    2.30 ft over   0.2%  steps 1179/1280  FAIL
  S_mixed_lr_lr3e4_s10                         lap1  max|CTE|    2.36 ft over   0.3%  steps 1179/1280  FAIL
  S_mixed_lr_lr3e4_s10                         lap2  max|CTE|    2.30 ft over   0.2%  steps 1179/1280  FAIL

checkpoint                                      laps held  worst |CTE|  % of budget
S_mixed_lr_lr3e4_s10                                0/3          2.36ft         108%

  -> /home/za/ad-assurance--workspace/formal-verification--steering--code/results/town06/lr_confirm/drive_lr3e4_s10_fog.json
[2026-09-05 11:16:11]     worst 2.36 ft 
[2026-09-05 11:16:11]   drive lr3e4 s10 clear: 3 laps

STUDENT VARIANT COMPARISON -- clear, 3 lap(s) each, clean server before every lap
  budget 2.19 ft

  S_mixed_lr_lr3e4_s10                         lap0  max|CTE|    0.78 ft over   0.0%  steps 1179/1280  PASS
  S_mixed_lr_lr3e4_s10                         lap1  max|CTE|    0.78 ft over   0.0%  steps 1179/1280  PASS
  S_mixed_lr_lr3e4_s10                         lap2  max|CTE|    0.77 ft over   0.0%  steps 1179/1280  PASS

checkpoint                                      laps held  worst |CTE|  % of budget
S_mixed_lr_lr3e4_s10                                3/3          0.78ft          36%

  -> /home/za/ad-assurance--workspace/formal-verification--steering--code/results/town06/lr_confirm/drive_lr3e4_s10_clear.json
[2026-09-05 11:19:09]     worst 0.78 ft 
[2026-09-05 11:19:09] distil S_mixed_lr_lr3e4_s11
[2026-09-05 11:21:26]   KD error: lr3e4 s11
S_mixed_lr_lr3e4_s11  (101,888 ReLU)  vs  teacher_mixed_t06lap_dagger_r03
52,180 frames, 67,468 cached teacher targets

condition   frames   KD RMSE      bias  teacher|s|  student|s|  p99 |err|
  --------------------------------------------------------------------------
clear        3,000    0.0181   +0.0008      0.0411      0.0423     0.0695
fog          3,000    0.0194   +0.0017      0.0515      0.0505     0.0854
night        3,000    0.0254   +0.0009      0.0426      0.0396     0.0773
low_sun      3,000    0.0157   +0.0022      0.0313      0.0313     0.0617
shadows      none

  steering tolerance delta_tol = 0.0120 (normalised units), for scale
  wrote /home/za/ad-assurance--workspace/formal-verification--steering--code/results/town06/lr_confirm/kd_lr3e4_s11.json
[2026-09-05 11:22:02]   drive lr3e4 s11 fog: 3 laps

STUDENT VARIANT COMPARISON -- fog, 3 lap(s) each, clean server before every lap
  budget 2.19 ft

  S_mixed_lr_lr3e4_s11                         lap0  max|CTE|    2.29 ft over   0.1%  steps 1179/1280  FAIL
  S_mixed_lr_lr3e4_s11                         lap1  max|CTE|    2.24 ft over   0.1%  steps 1179/1280  FAIL
  S_mixed_lr_lr3e4_s11                         lap2  max|CTE|    1.88 ft over   0.0%  steps 1179/1280  PASS

checkpoint                                      laps held  worst |CTE|  % of budget
S_mixed_lr_lr3e4_s11                                1/3          2.29ft         104%

  -> /home/za/ad-assurance--workspace/formal-verification--steering--code/results/town06/lr_confirm/drive_lr3e4_s11_fog.json
[2026-09-05 11:24:57]     worst 2.29 ft 
[2026-09-05 11:24:57]   drive lr3e4 s11 clear: 3 laps

STUDENT VARIANT COMPARISON -- clear, 3 lap(s) each, clean server before every lap
  budget 2.19 ft

  S_mixed_lr_lr3e4_s11                         lap0  max|CTE|    0.55 ft over   0.0%  steps 1179/1280  PASS
  S_mixed_lr_lr3e4_s11                         lap1  max|CTE|    0.83 ft over   0.0%  steps 1179/1280  PASS
  S_mixed_lr_lr3e4_s11                         lap2  max|CTE|    0.56 ft over   0.0%  steps 1179/1280  PASS

checkpoint                                      laps held  worst |CTE|  % of budget
S_mixed_lr_lr3e4_s11                                3/3          0.83ft          38%

  -> /home/za/ad-assurance--workspace/formal-verification--steering--code/results/town06/lr_confirm/drive_lr3e4_s11_clear.json
[2026-09-05 11:27:54]     worst 0.83 ft 
[2026-09-05 11:27:54] distil S_mixed_lr_lr3e4_s12
[2026-09-05 11:30:41]   KD error: lr3e4 s12
S_mixed_lr_lr3e4_s12  (101,888 ReLU)  vs  teacher_mixed_t06lap_dagger_r03
52,180 frames, 67,468 cached teacher targets

condition   frames   KD RMSE      bias  teacher|s|  student|s|  p99 |err|
  --------------------------------------------------------------------------
clear        3,000    0.0139   +0.0008      0.0411      0.0395     0.0412
fog          3,000    0.0172   -0.0021      0.0515      0.0493     0.0563
night        3,000    0.0246   -0.0000      0.0426      0.0397     0.0563
low_sun      3,000    0.0133   +0.0003      0.0313      0.0297     0.0336
shadows      none

  steering tolerance delta_tol = 0.0120 (normalised units), for scale
  wrote /home/za/ad-assurance--workspace/formal-verification--steering--code/results/town06/lr_confirm/kd_lr3e4_s12.json
[2026-09-05 11:31:17]   drive lr3e4 s12 fog: 3 laps

STUDENT VARIANT COMPARISON -- fog, 3 lap(s) each, clean server before every lap
  budget 2.19 ft

  S_mixed_lr_lr3e4_s12                         lap0  max|CTE|    1.50 ft over   0.0%  steps 1179/1280  PASS
  S_mixed_lr_lr3e4_s12                         lap1  max|CTE|    1.52 ft over   0.0%  steps 1179/1280  PASS
  S_mixed_lr_lr3e4_s12                         lap2  max|CTE|    1.87 ft over   0.0%  steps 1179/1280  PASS

checkpoint                                      laps held  worst |CTE|  % of budget
S_mixed_lr_lr3e4_s12                                3/3          1.87ft          85%

  -> /home/za/ad-assurance--workspace/formal-verification--steering--code/results/town06/lr_confirm/drive_lr3e4_s12_fog.json
[2026-09-05 11:34:12]     worst 1.87 ft 
[2026-09-05 11:34:12]   drive lr3e4 s12 clear: 3 laps

STUDENT VARIANT COMPARISON -- clear, 3 lap(s) each, clean server before every lap
  budget 2.19 ft

  S_mixed_lr_lr3e4_s12                         lap0  max|CTE|    1.23 ft over   0.0%  steps 1179/1280  PASS
  S_mixed_lr_lr3e4_s12                         lap1  max|CTE|    1.20 ft over   0.0%  steps 1179/1280  PASS
  S_mixed_lr_lr3e4_s12                         lap2  max|CTE|    1.23 ft over   0.0%  steps 1179/1280  PASS

checkpoint                                      laps held  worst |CTE|  % of budget
S_mixed_lr_lr3e4_s12                                3/3          1.23ft          56%

  -> /home/za/ad-assurance--workspace/formal-verification--steering--code/results/town06/lr_confirm/drive_lr3e4_s12_clear.json
[2026-09-05 11:37:10]     worst 1.23 ft 
[2026-09-05 11:37:10] distil S_mixed_lr_lr3e4_s13
[2026-09-05 11:40:35]   KD error: lr3e4 s13
S_mixed_lr_lr3e4_s13  (101,888 ReLU)  vs  teacher_mixed_t06lap_dagger_r03
52,180 frames, 67,468 cached teacher targets

condition   frames   KD RMSE      bias  teacher|s|  student|s|  p99 |err|
  --------------------------------------------------------------------------
clear        3,000    0.0138   +0.0014      0.0411      0.0403     0.0443
fog          3,000    0.0174   +0.0062      0.0515      0.0527     0.0646
night        3,000    0.0253   +0.0059      0.0426      0.0423     0.0704
low_sun      3,000    0.0127   +0.0050      0.0313      0.0311     0.0453
shadows      none

  steering tolerance delta_tol = 0.0120 (normalised units), for scale
  wrote /home/za/ad-assurance--workspace/formal-verification--steering--code/results/town06/lr_confirm/kd_lr3e4_s13.json
[2026-09-05 11:41:11]   drive lr3e4 s13 fog: 3 laps

STUDENT VARIANT COMPARISON -- fog, 3 lap(s) each, clean server before every lap
  budget 2.19 ft

  S_mixed_lr_lr3e4_s13                         lap0  max|CTE|    2.44 ft over   0.3%  steps 1179/1280  FAIL
  S_mixed_lr_lr3e4_s13                         lap1  max|CTE|    2.38 ft over   0.2%  steps 1179/1280  FAIL
  S_mixed_lr_lr3e4_s13                         lap2  max|CTE|    2.41 ft over   0.3%  steps 1179/1280  FAIL

checkpoint                                      laps held  worst |CTE|  % of budget
S_mixed_lr_lr3e4_s13                                0/3          2.44ft         111%

  -> /home/za/ad-assurance--workspace/formal-verification--steering--code/results/town06/lr_confirm/drive_lr3e4_s13_fog.json
[2026-09-05 11:44:06]     worst 2.44 ft 
[2026-09-05 11:44:06]   drive lr3e4 s13 clear: 3 laps

STUDENT VARIANT COMPARISON -- clear, 3 lap(s) each, clean server before every lap
  budget 2.19 ft

  S_mixed_lr_lr3e4_s13                         lap0  max|CTE|    1.30 ft over   0.0%  steps 1179/1280  PASS
  S_mixed_lr_lr3e4_s13                         lap1  max|CTE|    1.16 ft over   0.0%  steps 1179/1280  PASS
  S_mixed_lr_lr3e4_s13                         lap2  max|CTE|    1.24 ft over   0.0%  steps 1179/1280  PASS

checkpoint                                      laps held  worst |CTE|  % of budget
S_mixed_lr_lr3e4_s13                                3/3          1.30ft          59%

  -> /home/za/ad-assurance--workspace/formal-verification--steering--code/results/town06/lr_confirm/drive_lr3e4_s13_clear.json
[2026-09-05 11:47:04]     worst 1.30 ft 
[2026-09-05 11:47:04] distil S_mixed_lr_lr3e4_s14
[2026-09-05 11:50:32]   KD error: lr3e4 s14
S_mixed_lr_lr3e4_s14  (101,888 ReLU)  vs  teacher_mixed_t06lap_dagger_r03
52,180 frames, 67,468 cached teacher targets

condition   frames   KD RMSE      bias  teacher|s|  student|s|  p99 |err|
  --------------------------------------------------------------------------
clear        3,000    0.0141   -0.0009      0.0411      0.0401     0.0406
fog          3,000    0.0194   -0.0027      0.0515      0.0523     0.0758
night        3,000    0.0230   +0.0004      0.0426      0.0398     0.0536
low_sun      3,000    0.0164   +0.0004      0.0313      0.0295     0.0431
shadows      none

  steering tolerance delta_tol = 0.0120 (normalised units), for scale
  wrote /home/za/ad-assurance--workspace/formal-verification--steering--code/results/town06/lr_confirm/kd_lr3e4_s14.json
[2026-09-05 11:51:08]   drive lr3e4 s14 fog: 3 laps

STUDENT VARIANT COMPARISON -- fog, 3 lap(s) each, clean server before every lap
  budget 2.19 ft

  S_mixed_lr_lr3e4_s14                         lap0  max|CTE|    3.20 ft over   0.6%  steps 1179/1280  FAIL
  S_mixed_lr_lr3e4_s14                         lap1  max|CTE|    3.29 ft over   0.8%  steps 1179/1280  FAIL
  S_mixed_lr_lr3e4_s14                         lap2  max|CTE|    3.36 ft over   0.8%  steps 1179/1280  FAIL

checkpoint                                      laps held  worst |CTE|  % of budget
S_mixed_lr_lr3e4_s14                                0/3          3.36ft         153%

  -> /home/za/ad-assurance--workspace/formal-verification--steering--code/results/town06/lr_confirm/drive_lr3e4_s14_fog.json
[2026-09-05 11:54:04]     worst 3.36 ft 
[2026-09-05 11:54:04]   drive lr3e4 s14 clear: 3 laps

STUDENT VARIANT COMPARISON -- clear, 3 lap(s) each, clean server before every lap
  budget 2.19 ft

  S_mixed_lr_lr3e4_s14                         lap0  max|CTE|    1.37 ft over   0.0%  steps 1179/1280  PASS
  S_mixed_lr_lr3e4_s14                         lap1  max|CTE|    1.34 ft over   0.0%  steps 1179/1280  PASS
  S_mixed_lr_lr3e4_s14                         lap2  max|CTE|    1.37 ft over   0.0%  steps 1179/1280  PASS

checkpoint                                      laps held  worst |CTE|  % of budget
S_mixed_lr_lr3e4_s14                                3/3          1.37ft          63%

  -> /home/za/ad-assurance--workspace/formal-verification--steering--code/results/town06/lr_confirm/drive_lr3e4_s14_clear.json
[2026-09-05 11:57:01]     worst 1.37 ft 
[2026-09-05 11:57:01] === sweep S_mixed_lr complete ===
