[2026-09-04 16:22:19] === arm sweep S_mixed_depth: seeds [0 1 2 3 4 5], conds [fog clear], deterministic kernels ===
[2026-09-04 16:22:19] --- arm d5: channels 32,32,24,24,36, fc 128, env [none], flags [none] ---
[2026-09-04 16:22:19] distil S_mixed_depth_d5_s0
[2026-09-04 16:23:28]   KD error: d5 s0
S_mixed_depth_d5_s0  (101,892 ReLU)  vs  teacher_mixed_t06lap_dagger_r03
52,180 frames, 67,468 cached teacher targets

condition   frames   KD RMSE      bias  teacher|s|  student|s|  p99 |err|
  --------------------------------------------------------------------------
clear        3,000    0.1127   +0.0086      0.0411      0.0068     0.5683
fog          3,000    0.1311   +0.0079      0.0515      0.0067     0.5560
night        3,000    0.0987   +0.0001      0.0426      0.0066     0.4964
low_sun      3,000    0.0842   -0.0024      0.0313      0.0067     0.5105
shadows      none

  steering tolerance delta_tol = 0.0120 (normalised units), for scale
  wrote /home/za/ad-assurance--workspace/formal-verification--steering--code/results/town06/depth/kd_d5_s0.json
[2026-09-04 16:24:04]   drive d5 s0 fog: 3 laps

STUDENT VARIANT COMPARISON -- fog, 3 lap(s) each, clean server before every lap
  budget 2.19 ft

  S_mixed_depth_d5_s0                          lap0  max|CTE|   40.19 ft over  70.8%  steps 24/1280  DEPARTED  FAIL
  S_mixed_depth_d5_s0                          lap1  max|CTE|   40.19 ft over  70.8%  steps 24/1280  DEPARTED  FAIL
  S_mixed_depth_d5_s0                          lap2  max|CTE|   40.19 ft over  70.8%  steps 24/1280  DEPARTED  FAIL

checkpoint                                      laps held  worst |CTE|  % of budget
S_mixed_depth_d5_s0                                 0/3         40.19ft        1834%

  -> /home/za/ad-assurance--workspace/formal-verification--steering--code/results/town06/depth/drive_d5_s0_fog.json
[2026-09-04 16:26:38]     worst 40.19 ft 
[2026-09-04 16:26:38]   drive d5 s0 clear: 3 laps

STUDENT VARIANT COMPARISON -- clear, 3 lap(s) each, clean server before every lap
  budget 2.19 ft

  S_mixed_depth_d5_s0                          lap0  max|CTE|   40.26 ft over  70.8%  steps 24/1280  DEPARTED  FAIL
  S_mixed_depth_d5_s0                          lap1  max|CTE|   40.26 ft over  70.8%  steps 24/1280  DEPARTED  FAIL
  S_mixed_depth_d5_s0                          lap2  max|CTE|   40.26 ft over  70.8%  steps 24/1280  DEPARTED  FAIL

checkpoint                                      laps held  worst |CTE|  % of budget
S_mixed_depth_d5_s0                                 0/3         40.26ft        1837%

  -> /home/za/ad-assurance--workspace/formal-verification--steering--code/results/town06/depth/drive_d5_s0_clear.json
[2026-09-04 16:29:12]     worst 40.26 ft 
[2026-09-04 16:29:12] distil S_mixed_depth_d5_s1
[2026-09-04 16:51:47] === arm sweep S_mixed_depth: seeds [0 1 2 3 4 5], conds [fog clear], deterministic kernels ===
[2026-09-04 16:51:47] --- arm d3lr3: channels 32,64,64, fc 128, env [none], flags [--lr 3e-4] ---
[2026-09-04 16:51:47] distil S_mixed_depth_d3lr3_s0
[2026-09-04 16:54:13]   KD error: d3lr3 s0
S_mixed_depth_d3lr3_s0  (101,888 ReLU)  vs  teacher_mixed_t06lap_dagger_r03
52,180 frames, 67,468 cached teacher targets

condition   frames   KD RMSE      bias  teacher|s|  student|s|  p99 |err|
  --------------------------------------------------------------------------
clear        3,000    0.0129   +0.0020      0.0411      0.0409     0.0468
fog          3,000    0.0179   -0.0005      0.0515      0.0507     0.0627
night        3,000    0.0236   -0.0011      0.0426      0.0398     0.0700
low_sun      3,000    0.0147   +0.0026      0.0313      0.0302     0.0404
shadows      none

  steering tolerance delta_tol = 0.0120 (normalised units), for scale
  wrote /home/za/ad-assurance--workspace/formal-verification--steering--code/results/town06/depth/kd_d3lr3_s0.json
[2026-09-04 16:54:50]   drive d3lr3 s0 fog: 3 laps

STUDENT VARIANT COMPARISON -- fog, 3 lap(s) each, clean server before every lap
  budget 2.19 ft

  S_mixed_depth_d3lr3_s0                       lap0  max|CTE|    0.98 ft over   0.0%  steps 1179/1280  PASS
  S_mixed_depth_d3lr3_s0                       lap1  max|CTE|    0.97 ft over   0.0%  steps 1179/1280  PASS
  S_mixed_depth_d3lr3_s0                       lap2  max|CTE|    0.97 ft over   0.0%  steps 1179/1280  PASS

checkpoint                                      laps held  worst |CTE|  % of budget
S_mixed_depth_d3lr3_s0                              3/3          0.98ft          45%

  -> /home/za/ad-assurance--workspace/formal-verification--steering--code/results/town06/depth/drive_d3lr3_s0_fog.json
[2026-09-04 16:57:45]     worst 0.98 ft 
[2026-09-04 16:57:45]   drive d3lr3 s0 clear: 3 laps

STUDENT VARIANT COMPARISON -- clear, 3 lap(s) each, clean server before every lap
  budget 2.19 ft

  S_mixed_depth_d3lr3_s0                       lap0  max|CTE|    1.15 ft over   0.0%  steps 1179/1280  PASS
  S_mixed_depth_d3lr3_s0                       lap1  max|CTE|    1.25 ft over   0.0%  steps 1179/1280  PASS
  S_mixed_depth_d3lr3_s0                       lap2  max|CTE|    1.24 ft over   0.0%  steps 1179/1280  PASS

checkpoint                                      laps held  worst |CTE|  % of budget
S_mixed_depth_d3lr3_s0                              3/3          1.25ft          57%

  -> /home/za/ad-assurance--workspace/formal-verification--steering--code/results/town06/depth/drive_d3lr3_s0_clear.json
[2026-09-04 17:00:44]     worst 1.25 ft 
[2026-09-04 17:00:44] distil S_mixed_depth_d3lr3_s1
[2026-09-04 17:03:46]   KD error: d3lr3 s1
S_mixed_depth_d3lr3_s1  (101,888 ReLU)  vs  teacher_mixed_t06lap_dagger_r03
52,180 frames, 67,468 cached teacher targets

condition   frames   KD RMSE      bias  teacher|s|  student|s|  p99 |err|
  --------------------------------------------------------------------------
clear        3,000    0.0121   +0.0022      0.0411      0.0403     0.0451
fog          3,000    0.0198   +0.0023      0.0515      0.0500     0.0682
night        3,000    0.0234   +0.0006      0.0426      0.0396     0.0607
low_sun      3,000    0.0162   +0.0030      0.0313      0.0297     0.0446
shadows      none

  steering tolerance delta_tol = 0.0120 (normalised units), for scale
  wrote /home/za/ad-assurance--workspace/formal-verification--steering--code/results/town06/depth/kd_d3lr3_s1.json
[2026-09-04 17:04:22]   drive d3lr3 s1 fog: 3 laps

STUDENT VARIANT COMPARISON -- fog, 3 lap(s) each, clean server before every lap
  budget 2.19 ft

  S_mixed_depth_d3lr3_s1                       lap0  max|CTE|   37.65 ft over   4.7%  steps 299/1280  DEPARTED  FAIL
  S_mixed_depth_d3lr3_s1                       lap1  max|CTE|   30.41 ft over   5.0%  steps 301/1280  DEPARTED  FAIL
  S_mixed_depth_d3lr3_s1                       lap2  max|CTE|   30.41 ft over   5.0%  steps 301/1280  DEPARTED  FAIL

checkpoint                                      laps held  worst |CTE|  % of budget
S_mixed_depth_d3lr3_s1                              0/3         37.65ft        1718%

  -> /home/za/ad-assurance--workspace/formal-verification--steering--code/results/town06/depth/drive_d3lr3_s1_fog.json
[2026-09-04 17:07:03]     worst 37.65 ft 
[2026-09-04 17:07:03]   drive d3lr3 s1 clear: 3 laps

STUDENT VARIANT COMPARISON -- clear, 3 lap(s) each, clean server before every lap
  budget 2.19 ft

  S_mixed_depth_d3lr3_s1                       lap0  max|CTE|    1.06 ft over   0.0%  steps 1179/1280  PASS
  S_mixed_depth_d3lr3_s1                       lap1  max|CTE|    1.01 ft over   0.0%  steps 1179/1280  PASS
  S_mixed_depth_d3lr3_s1                       lap2  max|CTE|    1.03 ft over   0.0%  steps 1179/1280  PASS

checkpoint                                      laps held  worst |CTE|  % of budget
S_mixed_depth_d3lr3_s1                              3/3          1.06ft          48%

  -> /home/za/ad-assurance--workspace/formal-verification--steering--code/results/town06/depth/drive_d3lr3_s1_clear.json
[2026-09-04 17:10:01]     worst 1.06 ft 
[2026-09-04 17:10:01] distil S_mixed_depth_d3lr3_s2
[2026-09-04 17:12:33]   KD error: d3lr3 s2
S_mixed_depth_d3lr3_s2  (101,888 ReLU)  vs  teacher_mixed_t06lap_dagger_r03
52,180 frames, 67,468 cached teacher targets

condition   frames   KD RMSE      bias  teacher|s|  student|s|  p99 |err|
  --------------------------------------------------------------------------
clear        3,000    0.0154   +0.0002      0.0411      0.0396     0.0638
fog          3,000    0.0264   +0.0080      0.0515      0.0503     0.1097
night        3,000    0.0256   +0.0021      0.0426      0.0405     0.0793
low_sun      3,000    0.0155   +0.0024      0.0313      0.0302     0.0615
shadows      none

  steering tolerance delta_tol = 0.0120 (normalised units), for scale
  wrote /home/za/ad-assurance--workspace/formal-verification--steering--code/results/town06/depth/kd_d3lr3_s2.json
[2026-09-04 17:13:09]   drive d3lr3 s2 fog: 3 laps

STUDENT VARIANT COMPARISON -- fog, 3 lap(s) each, clean server before every lap
  budget 2.19 ft

  S_mixed_depth_d3lr3_s2                       lap0  max|CTE|    2.16 ft over   0.0%  steps 1179/1280  PASS
  S_mixed_depth_d3lr3_s2                       lap1  max|CTE|    2.22 ft over   0.1%  steps 1179/1280  FAIL
  S_mixed_depth_d3lr3_s2                       lap2  max|CTE|    2.16 ft over   0.0%  steps 1179/1280  PASS

checkpoint                                      laps held  worst |CTE|  % of budget
S_mixed_depth_d3lr3_s2                              2/3          2.22ft         101%

  -> /home/za/ad-assurance--workspace/formal-verification--steering--code/results/town06/depth/drive_d3lr3_s2_fog.json
[2026-09-04 17:16:05]     worst 2.22 ft 
[2026-09-04 17:16:05]   drive d3lr3 s2 clear: 3 laps

STUDENT VARIANT COMPARISON -- clear, 3 lap(s) each, clean server before every lap
  budget 2.19 ft

  S_mixed_depth_d3lr3_s2                       lap0  max|CTE|    1.35 ft over   0.0%  steps 1179/1280  PASS
  S_mixed_depth_d3lr3_s2                       lap1  max|CTE|    1.43 ft over   0.0%  steps 1179/1280  PASS
  S_mixed_depth_d3lr3_s2                       lap2  max|CTE|    1.40 ft over   0.0%  steps 1179/1280  PASS

checkpoint                                      laps held  worst |CTE|  % of budget
S_mixed_depth_d3lr3_s2                              3/3          1.43ft          65%

  -> /home/za/ad-assurance--workspace/formal-verification--steering--code/results/town06/depth/drive_d3lr3_s2_clear.json
[2026-09-04 17:19:04]     worst 1.43 ft 
[2026-09-04 17:19:04] distil S_mixed_depth_d3lr3_s3
[2026-09-04 17:22:08]   KD error: d3lr3 s3
S_mixed_depth_d3lr3_s3  (101,888 ReLU)  vs  teacher_mixed_t06lap_dagger_r03
52,180 frames, 67,468 cached teacher targets

condition   frames   KD RMSE      bias  teacher|s|  student|s|  p99 |err|
  --------------------------------------------------------------------------
clear        3,000    0.0142   +0.0006      0.0411      0.0409     0.0501
fog          3,000    0.0198   -0.0014      0.0515      0.0505     0.0754
night        3,000    0.0246   -0.0005      0.0426      0.0394     0.0645
low_sun      3,000    0.0119   +0.0006      0.0313      0.0306     0.0403
shadows      none

  steering tolerance delta_tol = 0.0120 (normalised units), for scale
  wrote /home/za/ad-assurance--workspace/formal-verification--steering--code/results/town06/depth/kd_d3lr3_s3.json
[2026-09-04 17:22:44]   drive d3lr3 s3 fog: 3 laps

STUDENT VARIANT COMPARISON -- fog, 3 lap(s) each, clean server before every lap
  budget 2.19 ft

  S_mixed_depth_d3lr3_s3                       lap0  max|CTE|    1.18 ft over   0.0%  steps 1179/1280  PASS
  S_mixed_depth_d3lr3_s3                       lap1  max|CTE|    1.16 ft over   0.0%  steps 1179/1280  PASS
  S_mixed_depth_d3lr3_s3                       lap2  max|CTE|    1.16 ft over   0.0%  steps 1179/1280  PASS

checkpoint                                      laps held  worst |CTE|  % of budget
S_mixed_depth_d3lr3_s3                              3/3          1.18ft          54%

  -> /home/za/ad-assurance--workspace/formal-verification--steering--code/results/town06/depth/drive_d3lr3_s3_fog.json
[2026-09-04 17:25:41]     worst 1.18 ft 
[2026-09-04 17:25:41]   drive d3lr3 s3 clear: 3 laps

STUDENT VARIANT COMPARISON -- clear, 3 lap(s) each, clean server before every lap
  budget 2.19 ft

  S_mixed_depth_d3lr3_s3                       lap0  max|CTE|    1.16 ft over   0.0%  steps 1179/1280  PASS
  S_mixed_depth_d3lr3_s3                       lap1  max|CTE|    1.16 ft over   0.0%  steps 1179/1280  PASS
  S_mixed_depth_d3lr3_s3                       lap2  max|CTE|    1.16 ft over   0.0%  steps 1179/1280  PASS

checkpoint                                      laps held  worst |CTE|  % of budget
S_mixed_depth_d3lr3_s3                              3/3          1.16ft          53%

  -> /home/za/ad-assurance--workspace/formal-verification--steering--code/results/town06/depth/drive_d3lr3_s3_clear.json
[2026-09-04 17:28:40]     worst 1.16 ft 
[2026-09-04 17:28:40] distil S_mixed_depth_d3lr3_s4
[2026-09-04 17:33:17]   KD error: d3lr3 s4
S_mixed_depth_d3lr3_s4  (101,888 ReLU)  vs  teacher_mixed_t06lap_dagger_r03
52,180 frames, 67,468 cached teacher targets

condition   frames   KD RMSE      bias  teacher|s|  student|s|  p99 |err|
  --------------------------------------------------------------------------
clear        3,000    0.0099   -0.0002      0.0411      0.0399     0.0313
fog          3,000    0.0187   -0.0002      0.0515      0.0505     0.0546
night        3,000    0.0208   -0.0008      0.0426      0.0403     0.0447
low_sun      3,000    0.0162   +0.0009      0.0313      0.0296     0.0319
shadows      none

  steering tolerance delta_tol = 0.0120 (normalised units), for scale
  wrote /home/za/ad-assurance--workspace/formal-verification--steering--code/results/town06/depth/kd_d3lr3_s4.json
[2026-09-04 17:33:53]   drive d3lr3 s4 fog: 3 laps

STUDENT VARIANT COMPARISON -- fog, 3 lap(s) each, clean server before every lap
  budget 2.19 ft

  S_mixed_depth_d3lr3_s4                       lap0  max|CTE|    2.39 ft over   0.2%  steps 1179/1280  FAIL
  S_mixed_depth_d3lr3_s4                       lap1  max|CTE|    2.28 ft over   0.2%  steps 1179/1280  FAIL
  S_mixed_depth_d3lr3_s4                       lap2  max|CTE|    2.39 ft over   0.2%  steps 1179/1280  FAIL

checkpoint                                      laps held  worst |CTE|  % of budget
S_mixed_depth_d3lr3_s4                              0/3          2.39ft         109%

  -> /home/za/ad-assurance--workspace/formal-verification--steering--code/results/town06/depth/drive_d3lr3_s4_fog.json
[2026-09-04 17:36:49]     worst 2.39 ft 
[2026-09-04 17:36:49]   drive d3lr3 s4 clear: 3 laps

STUDENT VARIANT COMPARISON -- clear, 3 lap(s) each, clean server before every lap
  budget 2.19 ft

  S_mixed_depth_d3lr3_s4                       lap0  max|CTE|    0.95 ft over   0.0%  steps 1179/1280  PASS
  S_mixed_depth_d3lr3_s4                       lap1  max|CTE|    0.79 ft over   0.0%  steps 1179/1280  PASS
  S_mixed_depth_d3lr3_s4                       lap2  max|CTE|    0.95 ft over   0.0%  steps 1179/1280  PASS

checkpoint                                      laps held  worst |CTE|  % of budget
S_mixed_depth_d3lr3_s4                              3/3          0.95ft          43%

  -> /home/za/ad-assurance--workspace/formal-verification--steering--code/results/town06/depth/drive_d3lr3_s4_clear.json
[2026-09-04 17:39:48]     worst 0.95 ft 
[2026-09-04 17:39:48] distil S_mixed_depth_d3lr3_s5
[2026-09-04 17:42:57]   KD error: d3lr3 s5
S_mixed_depth_d3lr3_s5  (101,888 ReLU)  vs  teacher_mixed_t06lap_dagger_r03
52,180 frames, 67,468 cached teacher targets

condition   frames   KD RMSE      bias  teacher|s|  student|s|  p99 |err|
  --------------------------------------------------------------------------
clear        3,000    0.0129   +0.0020      0.0411      0.0399     0.0454
fog          3,000    0.0186   +0.0003      0.0515      0.0500     0.0732
night        3,000    0.0245   -0.0007      0.0426      0.0402     0.0735
low_sun      3,000    0.0123   +0.0029      0.0313      0.0306     0.0460
shadows      none

  steering tolerance delta_tol = 0.0120 (normalised units), for scale
  wrote /home/za/ad-assurance--workspace/formal-verification--steering--code/results/town06/depth/kd_d3lr3_s5.json
[2026-09-04 17:43:32]   drive d3lr3 s5 fog: 3 laps

STUDENT VARIANT COMPARISON -- fog, 3 lap(s) each, clean server before every lap
  budget 2.19 ft

  S_mixed_depth_d3lr3_s5                       lap0  max|CTE|    1.50 ft over   0.0%  steps 1179/1280  PASS
  S_mixed_depth_d3lr3_s5                       lap1  max|CTE|    1.47 ft over   0.0%  steps 1179/1280  PASS
  S_mixed_depth_d3lr3_s5                       lap2  max|CTE|    1.60 ft over   0.0%  steps 1179/1280  PASS

checkpoint                                      laps held  worst |CTE|  % of budget
S_mixed_depth_d3lr3_s5                              3/3          1.60ft          73%

  -> /home/za/ad-assurance--workspace/formal-verification--steering--code/results/town06/depth/drive_d3lr3_s5_fog.json
[2026-09-04 17:46:29]     worst 1.60 ft 
[2026-09-04 17:46:29]   drive d3lr3 s5 clear: 3 laps

STUDENT VARIANT COMPARISON -- clear, 3 lap(s) each, clean server before every lap
  budget 2.19 ft

  S_mixed_depth_d3lr3_s5                       lap0  max|CTE|    1.92 ft over   0.0%  steps 1180/1280  PASS
  S_mixed_depth_d3lr3_s5                       lap1  max|CTE|    1.92 ft over   0.0%  steps 1180/1280  PASS
  S_mixed_depth_d3lr3_s5                       lap2  max|CTE|    1.92 ft over   0.0%  steps 1180/1280  PASS

checkpoint                                      laps held  worst |CTE|  % of budget
S_mixed_depth_d3lr3_s5                              3/3          1.92ft          88%

  -> /home/za/ad-assurance--workspace/formal-verification--steering--code/results/town06/depth/drive_d3lr3_s5_clear.json
[2026-09-04 17:49:28]     worst 1.92 ft 
[2026-09-04 17:49:28] --- arm d5lr1: channels 32,32,24,24,36, fc 128, env [none], flags [--lr 1e-4] ---
[2026-09-04 17:49:28] distil S_mixed_depth_d5lr1_s0
[2026-09-04 17:54:56]   KD error: d5lr1 s0
S_mixed_depth_d5lr1_s0  (101,892 ReLU)  vs  teacher_mixed_t06lap_dagger_r03
52,180 frames, 67,468 cached teacher targets

condition   frames   KD RMSE      bias  teacher|s|  student|s|  p99 |err|
  --------------------------------------------------------------------------
clear        3,000    0.0142   -0.0018      0.0411      0.0399     0.0529
fog          3,000    0.0222   -0.0016      0.0515      0.0505     0.0841
night        3,000    0.0255   -0.0000      0.0426      0.0408     0.0729
low_sun      3,000    0.0180   -0.0019      0.0313      0.0312     0.0511
shadows      none

  steering tolerance delta_tol = 0.0120 (normalised units), for scale
  wrote /home/za/ad-assurance--workspace/formal-verification--steering--code/results/town06/depth/kd_d5lr1_s0.json
[2026-09-04 17:55:32]   drive d5lr1 s0 fog: 3 laps

STUDENT VARIANT COMPARISON -- fog, 3 lap(s) each, clean server before every lap
  budget 2.19 ft

  S_mixed_depth_d5lr1_s0                       lap0  max|CTE|    1.25 ft over   0.0%  steps 1179/1280  PASS
  S_mixed_depth_d5lr1_s0                       lap1  max|CTE|    1.23 ft over   0.0%  steps 1179/1280  PASS
  S_mixed_depth_d5lr1_s0                       lap2  max|CTE|    1.25 ft over   0.0%  steps 1179/1280  PASS

checkpoint                                      laps held  worst |CTE|  % of budget
S_mixed_depth_d5lr1_s0                              3/3          1.25ft          57%

  -> /home/za/ad-assurance--workspace/formal-verification--steering--code/results/town06/depth/drive_d5lr1_s0_fog.json
[2026-09-04 17:58:29]     worst 1.25 ft 
[2026-09-04 17:58:29]   drive d5lr1 s0 clear: 3 laps

STUDENT VARIANT COMPARISON -- clear, 3 lap(s) each, clean server before every lap
  budget 2.19 ft

  S_mixed_depth_d5lr1_s0                       lap0  max|CTE|    1.18 ft over   0.0%  steps 1179/1280  PASS
  S_mixed_depth_d5lr1_s0                       lap1  max|CTE|    1.29 ft over   0.0%  steps 1179/1280  PASS
  S_mixed_depth_d5lr1_s0                       lap2  max|CTE|    1.25 ft over   0.0%  steps 1179/1280  PASS

checkpoint                                      laps held  worst |CTE|  % of budget
S_mixed_depth_d5lr1_s0                              3/3          1.29ft          59%

  -> /home/za/ad-assurance--workspace/formal-verification--steering--code/results/town06/depth/drive_d5lr1_s0_clear.json
[2026-09-04 18:01:28]     worst 1.29 ft 
[2026-09-04 18:01:28] distil S_mixed_depth_d5lr1_s1
[2026-09-04 18:07:03]   KD error: d5lr1 s1
S_mixed_depth_d5lr1_s1  (101,892 ReLU)  vs  teacher_mixed_t06lap_dagger_r03
52,180 frames, 67,468 cached teacher targets

condition   frames   KD RMSE      bias  teacher|s|  student|s|  p99 |err|
  --------------------------------------------------------------------------
clear        3,000    0.0205   +0.0040      0.0411      0.0406     0.0805
fog          3,000    0.0318   +0.0007      0.0515      0.0524     0.1428
night        3,000    0.0344   +0.0003      0.0426      0.0410     0.1093
low_sun      3,000    0.0197   +0.0010      0.0313      0.0317     0.0753
shadows      none

  steering tolerance delta_tol = 0.0120 (normalised units), for scale
  wrote /home/za/ad-assurance--workspace/formal-verification--steering--code/results/town06/depth/kd_d5lr1_s1.json
[2026-09-04 18:07:39]   drive d5lr1 s1 fog: 3 laps

STUDENT VARIANT COMPARISON -- fog, 3 lap(s) each, clean server before every lap
  budget 2.19 ft

  S_mixed_depth_d5lr1_s1                       lap0  max|CTE|    4.39 ft over   0.8%  steps 1180/1280  FAIL
  S_mixed_depth_d5lr1_s1                       lap1  max|CTE|    4.67 ft over   1.0%  steps 1180/1280  FAIL
  S_mixed_depth_d5lr1_s1                       lap2  max|CTE|    4.39 ft over   0.8%  steps 1180/1280  FAIL

checkpoint                                      laps held  worst |CTE|  % of budget
S_mixed_depth_d5lr1_s1                              0/3          4.67ft         213%

  -> /home/za/ad-assurance--workspace/formal-verification--steering--code/results/town06/depth/drive_d5lr1_s1_fog.json
[2026-09-04 18:10:36]     worst 4.67 ft 
[2026-09-04 18:10:36]   drive d5lr1 s1 clear: 3 laps

STUDENT VARIANT COMPARISON -- clear, 3 lap(s) each, clean server before every lap
  budget 2.19 ft

  S_mixed_depth_d5lr1_s1                       lap0  max|CTE|    1.51 ft over   0.0%  steps 1180/1280  PASS
  S_mixed_depth_d5lr1_s1                       lap1  max|CTE|    0.93 ft over   0.0%  steps 1179/1280  PASS
  S_mixed_depth_d5lr1_s1                       lap2  max|CTE|    1.54 ft over   0.0%  steps 1180/1280  PASS

checkpoint                                      laps held  worst |CTE|  % of budget
S_mixed_depth_d5lr1_s1                              3/3          1.54ft          70%

  -> /home/za/ad-assurance--workspace/formal-verification--steering--code/results/town06/depth/drive_d5lr1_s1_clear.json
[2026-09-04 18:13:36]     worst 1.54 ft 
[2026-09-04 18:13:36] distil S_mixed_depth_d5lr1_s2
[2026-09-04 18:18:58]   KD error: d5lr1 s2
S_mixed_depth_d5lr1_s2  (101,892 ReLU)  vs  teacher_mixed_t06lap_dagger_r03
52,180 frames, 67,468 cached teacher targets

condition   frames   KD RMSE      bias  teacher|s|  student|s|  p99 |err|
  --------------------------------------------------------------------------
clear        3,000    0.0147   -0.0010      0.0411      0.0403     0.0502
fog          3,000    0.0201   -0.0013      0.0515      0.0510     0.0899
night        3,000    0.0279   +0.0010      0.0426      0.0415     0.0764
low_sun      3,000    0.0141   -0.0007      0.0313      0.0317     0.0484
shadows      none

  steering tolerance delta_tol = 0.0120 (normalised units), for scale
  wrote /home/za/ad-assurance--workspace/formal-verification--steering--code/results/town06/depth/kd_d5lr1_s2.json
[2026-09-04 18:19:34]   drive d5lr1 s2 fog: 3 laps

STUDENT VARIANT COMPARISON -- fog, 3 lap(s) each, clean server before every lap
  budget 2.19 ft

  S_mixed_depth_d5lr1_s2                       lap0  max|CTE|    5.37 ft over   0.8%  steps 1180/1280  FAIL
  S_mixed_depth_d5lr1_s2                       lap1  max|CTE|    5.80 ft over   0.9%  steps 1180/1280  FAIL
  S_mixed_depth_d5lr1_s2                       lap2  max|CTE|    5.37 ft over   0.8%  steps 1180/1280  FAIL

checkpoint                                      laps held  worst |CTE|  % of budget
S_mixed_depth_d5lr1_s2                              0/3          5.80ft         265%

  -> /home/za/ad-assurance--workspace/formal-verification--steering--code/results/town06/depth/drive_d5lr1_s2_fog.json
[2026-09-04 18:22:31]     worst 5.80 ft 
[2026-09-04 18:22:31]   drive d5lr1 s2 clear: 3 laps

STUDENT VARIANT COMPARISON -- clear, 3 lap(s) each, clean server before every lap
  budget 2.19 ft

  S_mixed_depth_d5lr1_s2                       lap0  max|CTE|    1.28 ft over   0.0%  steps 1179/1280  PASS
  S_mixed_depth_d5lr1_s2                       lap1  max|CTE|    1.31 ft over   0.0%  steps 1179/1280  PASS
  S_mixed_depth_d5lr1_s2                       lap2  max|CTE|    1.28 ft over   0.0%  steps 1179/1280  PASS

checkpoint                                      laps held  worst |CTE|  % of budget
S_mixed_depth_d5lr1_s2                              3/3          1.31ft          60%

  -> /home/za/ad-assurance--workspace/formal-verification--steering--code/results/town06/depth/drive_d5lr1_s2_clear.json
[2026-09-04 18:25:30]     worst 1.31 ft 
[2026-09-04 18:25:30] distil S_mixed_depth_d5lr1_s3
[2026-09-04 18:28:39]   KD error: d5lr1 s3
S_mixed_depth_d5lr1_s3  (101,892 ReLU)  vs  teacher_mixed_t06lap_dagger_r03
52,180 frames, 67,468 cached teacher targets

condition   frames   KD RMSE      bias  teacher|s|  student|s|  p99 |err|
  --------------------------------------------------------------------------
clear        3,000    0.0180   +0.0021      0.0411      0.0408     0.0701
fog          3,000    0.0252   +0.0013      0.0515      0.0512     0.1050
night        3,000    0.0305   -0.0004      0.0426      0.0411     0.1170
low_sun      3,000    0.0170   +0.0018      0.0313      0.0314     0.0692
shadows      none

  steering tolerance delta_tol = 0.0120 (normalised units), for scale
  wrote /home/za/ad-assurance--workspace/formal-verification--steering--code/results/town06/depth/kd_d5lr1_s3.json
[2026-09-04 18:29:15]   drive d5lr1 s3 fog: 3 laps

STUDENT VARIANT COMPARISON -- fog, 3 lap(s) each, clean server before every lap
  budget 2.19 ft

  S_mixed_depth_d5lr1_s3                       lap0  max|CTE|    2.00 ft over   0.0%  steps 1179/1280  PASS
  S_mixed_depth_d5lr1_s3                       lap1  max|CTE|    2.00 ft over   0.0%  steps 1179/1280  PASS
  S_mixed_depth_d5lr1_s3                       lap2  max|CTE|    2.00 ft over   0.0%  steps 1179/1280  PASS

checkpoint                                      laps held  worst |CTE|  % of budget
S_mixed_depth_d5lr1_s3                              3/3          2.00ft          91%

  -> /home/za/ad-assurance--workspace/formal-verification--steering--code/results/town06/depth/drive_d5lr1_s3_fog.json
[2026-09-04 18:32:12]     worst 2.00 ft 
[2026-09-04 18:32:12]   drive d5lr1 s3 clear: 3 laps

STUDENT VARIANT COMPARISON -- clear, 3 lap(s) each, clean server before every lap
  budget 2.19 ft

  S_mixed_depth_d5lr1_s3                       lap0  max|CTE|    2.04 ft over   0.0%  steps 1179/1280  PASS
  S_mixed_depth_d5lr1_s3                       lap1  max|CTE|    2.04 ft over   0.0%  steps 1179/1280  PASS
  S_mixed_depth_d5lr1_s3                       lap2  max|CTE|    2.88 ft over   0.6%  steps 1180/1280  FAIL

checkpoint                                      laps held  worst |CTE|  % of budget
S_mixed_depth_d5lr1_s3                              2/3          2.88ft         131%

  -> /home/za/ad-assurance--workspace/formal-verification--steering--code/results/town06/depth/drive_d5lr1_s3_clear.json
[2026-09-04 18:35:11]     worst 2.88 ft 
[2026-09-04 18:35:11] distil S_mixed_depth_d5lr1_s4
[2026-09-04 18:39:14]   KD error: d5lr1 s4
S_mixed_depth_d5lr1_s4  (101,892 ReLU)  vs  teacher_mixed_t06lap_dagger_r03
52,180 frames, 67,468 cached teacher targets

condition   frames   KD RMSE      bias  teacher|s|  student|s|  p99 |err|
  --------------------------------------------------------------------------
clear        3,000    0.0227   -0.0001      0.0411      0.0399     0.0799
fog          3,000    0.0328   +0.0018      0.0515      0.0513     0.1323
night        3,000    0.0308   -0.0003      0.0426      0.0409     0.0838
low_sun      3,000    0.0231   +0.0012      0.0313      0.0301     0.0721
shadows      none

  steering tolerance delta_tol = 0.0120 (normalised units), for scale
  wrote /home/za/ad-assurance--workspace/formal-verification--steering--code/results/town06/depth/kd_d5lr1_s4.json
[2026-09-04 18:39:50]   drive d5lr1 s4 fog: 3 laps

STUDENT VARIANT COMPARISON -- fog, 3 lap(s) each, clean server before every lap
  budget 2.19 ft

  S_mixed_depth_d5lr1_s4                       lap0  max|CTE|    3.60 ft over   1.5%  steps 1179/1280  FAIL
  S_mixed_depth_d5lr1_s4                       lap1  max|CTE|    3.60 ft over   1.5%  steps 1179/1280  FAIL
  S_mixed_depth_d5lr1_s4                       lap2  max|CTE|    3.60 ft over   1.5%  steps 1179/1280  FAIL

checkpoint                                      laps held  worst |CTE|  % of budget
S_mixed_depth_d5lr1_s4                              0/3          3.60ft         164%

  -> /home/za/ad-assurance--workspace/formal-verification--steering--code/results/town06/depth/drive_d5lr1_s4_fog.json
[2026-09-04 18:42:47]     worst 3.60 ft 
[2026-09-04 18:42:47]   drive d5lr1 s4 clear: 3 laps

STUDENT VARIANT COMPARISON -- clear, 3 lap(s) each, clean server before every lap
  budget 2.19 ft

  S_mixed_depth_d5lr1_s4                       lap0  max|CTE|    0.77 ft over   0.0%  steps 1179/1280  PASS
  S_mixed_depth_d5lr1_s4                       lap1  max|CTE|    0.89 ft over   0.0%  steps 1179/1280  PASS
  S_mixed_depth_d5lr1_s4                       lap2  max|CTE|    1.17 ft over   0.0%  steps 1180/1280  PASS

checkpoint                                      laps held  worst |CTE|  % of budget
S_mixed_depth_d5lr1_s4                              3/3          1.17ft          53%

  -> /home/za/ad-assurance--workspace/formal-verification--steering--code/results/town06/depth/drive_d5lr1_s4_clear.json
[2026-09-04 18:45:46]     worst 1.17 ft 
[2026-09-04 18:45:46] distil S_mixed_depth_d5lr1_s5
[2026-09-04 18:51:18]   KD error: d5lr1 s5
S_mixed_depth_d5lr1_s5  (101,892 ReLU)  vs  teacher_mixed_t06lap_dagger_r03
52,180 frames, 67,468 cached teacher targets

condition   frames   KD RMSE      bias  teacher|s|  student|s|  p99 |err|
  --------------------------------------------------------------------------
clear        3,000    0.0168   +0.0018      0.0411      0.0408     0.0537
fog          3,000    0.0256   +0.0009      0.0515      0.0499     0.0805
night        3,000    0.0288   +0.0005      0.0426      0.0403     0.0798
low_sun      3,000    0.0127   +0.0030      0.0313      0.0309     0.0463
shadows      none

  steering tolerance delta_tol = 0.0120 (normalised units), for scale
  wrote /home/za/ad-assurance--workspace/formal-verification--steering--code/results/town06/depth/kd_d5lr1_s5.json
[2026-09-04 18:51:54]   drive d5lr1 s5 fog: 3 laps

STUDENT VARIANT COMPARISON -- fog, 3 lap(s) each, clean server before every lap
  budget 2.19 ft

  S_mixed_depth_d5lr1_s5                       lap0  max|CTE|    1.86 ft over   0.0%  steps 1179/1280  PASS
  S_mixed_depth_d5lr1_s5                       lap1  max|CTE|    1.74 ft over   0.0%  steps 1179/1280  PASS
  S_mixed_depth_d5lr1_s5                       lap2  max|CTE|    1.83 ft over   0.0%  steps 1179/1280  PASS

checkpoint                                      laps held  worst |CTE|  % of budget
S_mixed_depth_d5lr1_s5                              3/3          1.86ft          85%

  -> /home/za/ad-assurance--workspace/formal-verification--steering--code/results/town06/depth/drive_d5lr1_s5_fog.json
[2026-09-04 18:54:51]     worst 1.86 ft 
[2026-09-04 18:54:51]   drive d5lr1 s5 clear: 3 laps

STUDENT VARIANT COMPARISON -- clear, 3 lap(s) each, clean server before every lap
  budget 2.19 ft

  S_mixed_depth_d5lr1_s5                       lap0  max|CTE|    2.78 ft over   0.5%  steps 1179/1280  FAIL
  S_mixed_depth_d5lr1_s5                       lap1  max|CTE|    2.81 ft over   0.5%  steps 1179/1280  FAIL
  S_mixed_depth_d5lr1_s5                       lap2  max|CTE|    1.54 ft over   0.0%  steps 1179/1280  PASS

checkpoint                                      laps held  worst |CTE|  % of budget
S_mixed_depth_d5lr1_s5                              1/3          2.81ft         128%

  -> /home/za/ad-assurance--workspace/formal-verification--steering--code/results/town06/depth/drive_d5lr1_s5_clear.json
[2026-09-04 18:57:51]     worst 2.81 ft 
[2026-09-04 18:57:51] === sweep S_mixed_depth complete ===
