[2026-09-04 13:22:43] === E2 tail-sensitive loss: alphas [0.0 2.0 8.0], seeds [0 1 2 3 4 5],  deterministic=1, out=tail_loss_det ===
[2026-09-04 13:22:43] distil S_mixed_taildet_a0p0_s0  (alpha 0.0, seed 0)
[2026-09-04 13:24:33]   KD error: alpha 0.0 seed 0
S_mixed_taildet_a0p0_s0  (101,888 ReLU)  vs  teacher_mixed_t06lap_dagger_r03
52,180 frames, 67,468 cached teacher targets

condition   frames   KD RMSE      bias  teacher|s|  student|s|  p99 |err|
  --------------------------------------------------------------------------
clear        3,000    0.0296   +0.0028      0.0411      0.0388     0.1339
fog          3,000    0.0396   -0.0018      0.0515      0.0504     0.1773
night        3,000    0.0377   +0.0081      0.0426      0.0384     0.1673
low_sun      3,000    0.0323   +0.0060      0.0313      0.0279     0.1383
shadows      none

  steering tolerance delta_tol = 0.0120 (normalised units), for scale
  wrote /home/za/ad-assurance--workspace/formal-verification--steering--code/results/town06/tail_loss_det/kd_a0p0_s0.json
[2026-09-04 13:25:08]   drive a0.0 s0 fog: 3 laps

STUDENT VARIANT COMPARISON -- fog, 3 lap(s) each, clean server before every lap
  budget 2.19 ft

  S_mixed_taildet_a0p0_s0                      lap0  max|CTE|   12.08 ft over   6.4%  steps 1179/1280  FAIL
  S_mixed_taildet_a0p0_s0                      lap1  max|CTE|   12.08 ft over   6.4%  steps 1179/1280  FAIL
  S_mixed_taildet_a0p0_s0                      lap2  max|CTE|   12.08 ft over   6.4%  steps 1179/1280  FAIL

checkpoint                                      laps held  worst |CTE|  % of budget
S_mixed_taildet_a0p0_s0                             0/3         12.08ft         551%

  -> /home/za/ad-assurance--workspace/formal-verification--steering--code/results/town06/tail_loss_det/e2_a0p0_s0_fog.json
[2026-09-04 13:28:04]     worst 12.08 ft 
[2026-09-04 13:28:04]   drive a0.0 s0 clear: 3 laps

STUDENT VARIANT COMPARISON -- clear, 3 lap(s) each, clean server before every lap
  budget 2.19 ft

  S_mixed_taildet_a0p0_s0                      lap0  max|CTE|    2.32 ft over   0.2%  steps 1180/1280  FAIL
  S_mixed_taildet_a0p0_s0                      lap1  max|CTE|    1.21 ft over   0.0%  steps 1179/1280  PASS
  S_mixed_taildet_a0p0_s0                      lap2  max|CTE|    1.70 ft over   0.0%  steps 1179/1280  PASS

checkpoint                                      laps held  worst |CTE|  % of budget
S_mixed_taildet_a0p0_s0                             2/3          2.32ft         106%

  -> /home/za/ad-assurance--workspace/formal-verification--steering--code/results/town06/tail_loss_det/e2_a0p0_s0_clear.json
[2026-09-04 13:31:02]     worst 2.32 ft 
[2026-09-04 13:31:02] distil S_mixed_taildet_a0p0_s1  (alpha 0.0, seed 1)
[2026-09-04 13:34:44]   KD error: alpha 0.0 seed 1
S_mixed_taildet_a0p0_s1  (101,888 ReLU)  vs  teacher_mixed_t06lap_dagger_r03
52,180 frames, 67,468 cached teacher targets

condition   frames   KD RMSE      bias  teacher|s|  student|s|  p99 |err|
  --------------------------------------------------------------------------
clear        3,000    0.0180   -0.0012      0.0411      0.0396     0.0697
fog          3,000    0.0279   -0.0009      0.0515      0.0501     0.0914
night        3,000    0.0235   +0.0017      0.0426      0.0384     0.0783
low_sun      3,000    0.0230   -0.0001      0.0313      0.0295     0.0728
shadows      none

  steering tolerance delta_tol = 0.0120 (normalised units), for scale
  wrote /home/za/ad-assurance--workspace/formal-verification--steering--code/results/town06/tail_loss_det/kd_a0p0_s1.json
[2026-09-04 13:35:20]   drive a0.0 s1 fog: 3 laps

STUDENT VARIANT COMPARISON -- fog, 3 lap(s) each, clean server before every lap
  budget 2.19 ft

  S_mixed_taildet_a0p0_s1                      lap0  max|CTE|    1.34 ft over   0.0%  steps 1179/1280  PASS
  S_mixed_taildet_a0p0_s1                      lap1  max|CTE|    1.23 ft over   0.0%  steps 1179/1280  PASS
  S_mixed_taildet_a0p0_s1                      lap2  max|CTE|    1.14 ft over   0.0%  steps 1179/1280  PASS

checkpoint                                      laps held  worst |CTE|  % of budget
S_mixed_taildet_a0p0_s1                             3/3          1.34ft          61%

  -> /home/za/ad-assurance--workspace/formal-verification--steering--code/results/town06/tail_loss_det/e2_a0p0_s1_fog.json
[2026-09-04 13:38:16]     worst 1.34 ft 
[2026-09-04 13:38:16]   drive a0.0 s1 clear: 3 laps

STUDENT VARIANT COMPARISON -- clear, 3 lap(s) each, clean server before every lap
  budget 2.19 ft

  S_mixed_taildet_a0p0_s1                      lap0  max|CTE|    1.18 ft over   0.0%  steps 1179/1280  PASS
  S_mixed_taildet_a0p0_s1                      lap1  max|CTE|    1.15 ft over   0.0%  steps 1179/1280  PASS
  S_mixed_taildet_a0p0_s1                      lap2  max|CTE|    1.18 ft over   0.0%  steps 1179/1280  PASS

checkpoint                                      laps held  worst |CTE|  % of budget
S_mixed_taildet_a0p0_s1                             3/3          1.18ft          54%

  -> /home/za/ad-assurance--workspace/formal-verification--steering--code/results/town06/tail_loss_det/e2_a0p0_s1_clear.json
[2026-09-04 13:41:14]     worst 1.18 ft 
[2026-09-04 13:41:14] distil S_mixed_taildet_a0p0_s2  (alpha 0.0, seed 2)
[2026-09-04 13:44:59]   KD error: alpha 0.0 seed 2
S_mixed_taildet_a0p0_s2  (101,888 ReLU)  vs  teacher_mixed_t06lap_dagger_r03
52,180 frames, 67,468 cached teacher targets

condition   frames   KD RMSE      bias  teacher|s|  student|s|  p99 |err|
  --------------------------------------------------------------------------
clear        3,000    0.0136   +0.0023      0.0411      0.0399     0.0541
fog          3,000    0.0180   +0.0008      0.0515      0.0503     0.0656
night        3,000    0.0251   +0.0021      0.0426      0.0397     0.0672
low_sun      3,000    0.0133   +0.0022      0.0313      0.0298     0.0474
shadows      none

  steering tolerance delta_tol = 0.0120 (normalised units), for scale
  wrote /home/za/ad-assurance--workspace/formal-verification--steering--code/results/town06/tail_loss_det/kd_a0p0_s2.json
[2026-09-04 13:45:35]   drive a0.0 s2 fog: 3 laps

STUDENT VARIANT COMPARISON -- fog, 3 lap(s) each, clean server before every lap
  budget 2.19 ft

  S_mixed_taildet_a0p0_s2                      lap0  max|CTE|   11.86 ft over   2.2%  steps 1178/1280  FAIL
  S_mixed_taildet_a0p0_s2                      lap1  max|CTE|   11.86 ft over   2.2%  steps 1178/1280  FAIL
  S_mixed_taildet_a0p0_s2                      lap2  max|CTE|   11.86 ft over   2.2%  steps 1178/1280  FAIL

checkpoint                                      laps held  worst |CTE|  % of budget
S_mixed_taildet_a0p0_s2                             0/3         11.86ft         541%

  -> /home/za/ad-assurance--workspace/formal-verification--steering--code/results/town06/tail_loss_det/e2_a0p0_s2_fog.json
[2026-09-04 13:48:32]     worst 11.86 ft 
[2026-09-04 13:48:32]   drive a0.0 s2 clear: 3 laps

STUDENT VARIANT COMPARISON -- clear, 3 lap(s) each, clean server before every lap
  budget 2.19 ft

  S_mixed_taildet_a0p0_s2                      lap0  max|CTE|    1.22 ft over   0.0%  steps 1179/1280  PASS
  S_mixed_taildet_a0p0_s2                      lap1  max|CTE|    0.69 ft over   0.0%  steps 1179/1280  PASS
  S_mixed_taildet_a0p0_s2                      lap2  max|CTE|    0.63 ft over   0.0%  steps 1179/1280  PASS

checkpoint                                      laps held  worst |CTE|  % of budget
S_mixed_taildet_a0p0_s2                             3/3          1.22ft          56%

  -> /home/za/ad-assurance--workspace/formal-verification--steering--code/results/town06/tail_loss_det/e2_a0p0_s2_clear.json
[2026-09-04 13:51:30]     worst 1.22 ft 
[2026-09-04 13:51:30] distil S_mixed_taildet_a0p0_s3  (alpha 0.0, seed 3)
[2026-09-04 13:54:35]   KD error: alpha 0.0 seed 3
S_mixed_taildet_a0p0_s3  (101,888 ReLU)  vs  teacher_mixed_t06lap_dagger_r03
52,180 frames, 67,468 cached teacher targets

condition   frames   KD RMSE      bias  teacher|s|  student|s|  p99 |err|
  --------------------------------------------------------------------------
clear        3,000    0.0190   -0.0031      0.0411      0.0411     0.0732
fog          3,000    0.0253   -0.0036      0.0515      0.0511     0.1040
night        3,000    0.0272   -0.0024      0.0426      0.0386     0.0846
low_sun      3,000    0.0155   -0.0028      0.0313      0.0302     0.0576
shadows      none

  steering tolerance delta_tol = 0.0120 (normalised units), for scale
  wrote /home/za/ad-assurance--workspace/formal-verification--steering--code/results/town06/tail_loss_det/kd_a0p0_s3.json
[2026-09-04 13:55:11]   drive a0.0 s3 fog: 3 laps

STUDENT VARIANT COMPARISON -- fog, 3 lap(s) each, clean server before every lap
  budget 2.19 ft

  S_mixed_taildet_a0p0_s3                      lap0  max|CTE|   11.78 ft over   2.0%  steps 1178/1280  FAIL
  S_mixed_taildet_a0p0_s3                      lap1  max|CTE|   11.78 ft over   2.0%  steps 1178/1280  FAIL
  S_mixed_taildet_a0p0_s3                      lap2  max|CTE|   11.78 ft over   2.0%  steps 1178/1280  FAIL

checkpoint                                      laps held  worst |CTE|  % of budget
S_mixed_taildet_a0p0_s3                             0/3         11.78ft         538%

  -> /home/za/ad-assurance--workspace/formal-verification--steering--code/results/town06/tail_loss_det/e2_a0p0_s3_fog.json
[2026-09-04 13:58:07]     worst 11.78 ft 
[2026-09-04 13:58:07]   drive a0.0 s3 clear: 3 laps

STUDENT VARIANT COMPARISON -- clear, 3 lap(s) each, clean server before every lap
  budget 2.19 ft

  S_mixed_taildet_a0p0_s3                      lap0  max|CTE|    1.05 ft over   0.0%  steps 1179/1280  PASS
  S_mixed_taildet_a0p0_s3                      lap1  max|CTE|    1.06 ft over   0.0%  steps 1179/1280  PASS
  S_mixed_taildet_a0p0_s3                      lap2  max|CTE|    1.07 ft over   0.0%  steps 1179/1280  PASS

checkpoint                                      laps held  worst |CTE|  % of budget
S_mixed_taildet_a0p0_s3                             3/3          1.07ft          49%

  -> /home/za/ad-assurance--workspace/formal-verification--steering--code/results/town06/tail_loss_det/e2_a0p0_s3_clear.json
[2026-09-04 14:01:05]     worst 1.07 ft 
[2026-09-04 14:01:05] distil S_mixed_taildet_a0p0_s4  (alpha 0.0, seed 4)
[2026-09-04 14:05:34]   KD error: alpha 0.0 seed 4
S_mixed_taildet_a0p0_s4  (101,888 ReLU)  vs  teacher_mixed_t06lap_dagger_r03
52,180 frames, 67,468 cached teacher targets

condition   frames   KD RMSE      bias  teacher|s|  student|s|  p99 |err|
  --------------------------------------------------------------------------
clear        3,000    0.0142   +0.0009      0.0411      0.0401     0.0410
fog          3,000    0.0178   -0.0009      0.0515      0.0498     0.0564
night        3,000    0.0235   +0.0024      0.0426      0.0396     0.0617
low_sun      3,000    0.0170   +0.0022      0.0313      0.0298     0.0411
shadows      none

  steering tolerance delta_tol = 0.0120 (normalised units), for scale
  wrote /home/za/ad-assurance--workspace/formal-verification--steering--code/results/town06/tail_loss_det/kd_a0p0_s4.json
[2026-09-04 14:06:10]   drive a0.0 s4 fog: 3 laps

STUDENT VARIANT COMPARISON -- fog, 3 lap(s) each, clean server before every lap
  budget 2.19 ft

  S_mixed_taildet_a0p0_s4                      lap0  max|CTE|    1.23 ft over   0.0%  steps 1179/1280  PASS
  S_mixed_taildet_a0p0_s4                      lap1  max|CTE|    1.17 ft over   0.0%  steps 1179/1280  PASS
  S_mixed_taildet_a0p0_s4                      lap2  max|CTE|    1.70 ft over   0.0%  steps 1179/1280  PASS

checkpoint                                      laps held  worst |CTE|  % of budget
S_mixed_taildet_a0p0_s4                             3/3          1.70ft          78%

  -> /home/za/ad-assurance--workspace/formal-verification--steering--code/results/town06/tail_loss_det/e2_a0p0_s4_fog.json
[2026-09-04 14:09:06]     worst 1.70 ft 
[2026-09-04 14:09:06]   drive a0.0 s4 clear: 3 laps

STUDENT VARIANT COMPARISON -- clear, 3 lap(s) each, clean server before every lap
  budget 2.19 ft

  S_mixed_taildet_a0p0_s4                      lap0  max|CTE|    1.58 ft over   0.0%  steps 1180/1280  PASS
  S_mixed_taildet_a0p0_s4                      lap1  max|CTE|    1.79 ft over   0.0%  steps 1180/1280  PASS
  S_mixed_taildet_a0p0_s4                      lap2  max|CTE|    1.74 ft over   0.0%  steps 1180/1280  PASS

checkpoint                                      laps held  worst |CTE|  % of budget
S_mixed_taildet_a0p0_s4                             3/3          1.79ft          82%

  -> /home/za/ad-assurance--workspace/formal-verification--steering--code/results/town06/tail_loss_det/e2_a0p0_s4_clear.json
[2026-09-04 14:12:04]     worst 1.79 ft 
[2026-09-04 14:12:04] distil S_mixed_taildet_a0p0_s5  (alpha 0.0, seed 5)
[2026-09-04 14:15:45]   KD error: alpha 0.0 seed 5
S_mixed_taildet_a0p0_s5  (101,888 ReLU)  vs  teacher_mixed_t06lap_dagger_r03
52,180 frames, 67,468 cached teacher targets

condition   frames   KD RMSE      bias  teacher|s|  student|s|  p99 |err|
  --------------------------------------------------------------------------
clear        3,000    0.0174   +0.0008      0.0411      0.0407     0.0611
fog          3,000    0.0274   -0.0008      0.0515      0.0483     0.1116
night        3,000    0.0275   -0.0003      0.0426      0.0393     0.0821
low_sun      3,000    0.0192   +0.0012      0.0313      0.0295     0.0668
shadows      none

  steering tolerance delta_tol = 0.0120 (normalised units), for scale
  wrote /home/za/ad-assurance--workspace/formal-verification--steering--code/results/town06/tail_loss_det/kd_a0p0_s5.json
[2026-09-04 14:16:20]   drive a0.0 s5 fog: 3 laps

STUDENT VARIANT COMPARISON -- fog, 3 lap(s) each, clean server before every lap
  budget 2.19 ft

  S_mixed_taildet_a0p0_s5                      lap0  max|CTE|   11.79 ft over   1.9%  steps 1179/1280  FAIL
  S_mixed_taildet_a0p0_s5                      lap1  max|CTE|   11.79 ft over   2.0%  steps 1179/1280  FAIL
  S_mixed_taildet_a0p0_s5                      lap2  max|CTE|   11.79 ft over   1.8%  steps 1179/1280  FAIL

checkpoint                                      laps held  worst |CTE|  % of budget
S_mixed_taildet_a0p0_s5                             0/3         11.79ft         538%

  -> /home/za/ad-assurance--workspace/formal-verification--steering--code/results/town06/tail_loss_det/e2_a0p0_s5_fog.json
[2026-09-04 14:19:17]     worst 11.79 ft 
[2026-09-04 14:19:17]   drive a0.0 s5 clear: 3 laps

STUDENT VARIANT COMPARISON -- clear, 3 lap(s) each, clean server before every lap
  budget 2.19 ft

  S_mixed_taildet_a0p0_s5                      lap0  max|CTE|    1.09 ft over   0.0%  steps 1179/1280  PASS
  S_mixed_taildet_a0p0_s5                      lap1  max|CTE|    1.08 ft over   0.0%  steps 1179/1280  PASS
  S_mixed_taildet_a0p0_s5                      lap2  max|CTE|    1.08 ft over   0.0%  steps 1179/1280  PASS

checkpoint                                      laps held  worst |CTE|  % of budget
S_mixed_taildet_a0p0_s5                             3/3          1.09ft          50%

  -> /home/za/ad-assurance--workspace/formal-verification--steering--code/results/town06/tail_loss_det/e2_a0p0_s5_clear.json
[2026-09-04 14:22:15]     worst 1.09 ft 
[2026-09-04 14:22:15] distil S_mixed_taildet_a2p0_s0  (alpha 2.0, seed 0)
[2026-09-04 14:24:51]   KD error: alpha 2.0 seed 0
S_mixed_taildet_a2p0_s0  (101,888 ReLU)  vs  teacher_mixed_t06lap_dagger_r03
52,180 frames, 67,468 cached teacher targets

condition   frames   KD RMSE      bias  teacher|s|  student|s|  p99 |err|
  --------------------------------------------------------------------------
clear        3,000    0.0209   +0.0002      0.0411      0.0365     0.0848
fog          3,000    0.0297   +0.0025      0.0515      0.0463     0.1253
night        3,000    0.0341   +0.0041      0.0426      0.0391     0.1382
low_sun      3,000    0.0259   +0.0034      0.0313      0.0264     0.1099
shadows      none

  steering tolerance delta_tol = 0.0120 (normalised units), for scale
  wrote /home/za/ad-assurance--workspace/formal-verification--steering--code/results/town06/tail_loss_det/kd_a2p0_s0.json
[2026-09-04 14:25:27]   drive a2.0 s0 fog: 3 laps

STUDENT VARIANT COMPARISON -- fog, 3 lap(s) each, clean server before every lap
  budget 2.19 ft

  S_mixed_taildet_a2p0_s0                      lap0  max|CTE|   12.36 ft over   4.1%  steps 1178/1280  FAIL
  S_mixed_taildet_a2p0_s0                      lap1  max|CTE|   12.36 ft over   4.1%  steps 1178/1280  FAIL
  S_mixed_taildet_a2p0_s0                      lap2  max|CTE|   12.36 ft over   4.1%  steps 1178/1280  FAIL

checkpoint                                      laps held  worst |CTE|  % of budget
S_mixed_taildet_a2p0_s0                             0/3         12.36ft         564%

  -> /home/za/ad-assurance--workspace/formal-verification--steering--code/results/town06/tail_loss_det/e2_a2p0_s0_fog.json
[2026-09-04 14:28:23]     worst 12.36 ft 
[2026-09-04 14:28:23]   drive a2.0 s0 clear: 3 laps

STUDENT VARIANT COMPARISON -- clear, 3 lap(s) each, clean server before every lap
  budget 2.19 ft

  S_mixed_taildet_a2p0_s0                      lap0  max|CTE|    1.69 ft over   0.0%  steps 1180/1280  PASS
  S_mixed_taildet_a2p0_s0                      lap1  max|CTE|    1.71 ft over   0.0%  steps 1180/1280  PASS
  S_mixed_taildet_a2p0_s0                      lap2  max|CTE|    1.66 ft over   0.0%  steps 1180/1280  PASS

checkpoint                                      laps held  worst |CTE|  % of budget
S_mixed_taildet_a2p0_s0                             3/3          1.71ft          78%

  -> /home/za/ad-assurance--workspace/formal-verification--steering--code/results/town06/tail_loss_det/e2_a2p0_s0_clear.json
[2026-09-04 14:31:21]     worst 1.71 ft 
[2026-09-04 14:31:21] distil S_mixed_taildet_a2p0_s1  (alpha 2.0, seed 1)
[2026-09-04 14:35:14]   KD error: alpha 2.0 seed 1
S_mixed_taildet_a2p0_s1  (101,888 ReLU)  vs  teacher_mixed_t06lap_dagger_r03
52,180 frames, 67,468 cached teacher targets

condition   frames   KD RMSE      bias  teacher|s|  student|s|  p99 |err|
  --------------------------------------------------------------------------
clear        3,000    0.0225   -0.0001      0.0411      0.0392     0.0888
fog          3,000    0.0280   +0.0008      0.0515      0.0479     0.1052
night        3,000    0.0332   -0.0018      0.0426      0.0371     0.1180
low_sun      3,000    0.0262   +0.0022      0.0313      0.0288     0.0859
shadows      none

  steering tolerance delta_tol = 0.0120 (normalised units), for scale
  wrote /home/za/ad-assurance--workspace/formal-verification--steering--code/results/town06/tail_loss_det/kd_a2p0_s1.json
[2026-09-04 14:35:50]   drive a2.0 s1 fog: 3 laps

STUDENT VARIANT COMPARISON -- fog, 3 lap(s) each, clean server before every lap
  budget 2.19 ft

  S_mixed_taildet_a2p0_s1                      lap0  max|CTE|    2.51 ft over   0.3%  steps 1179/1280  FAIL
  S_mixed_taildet_a2p0_s1                      lap1  max|CTE|    2.51 ft over   0.3%  steps 1179/1280  FAIL
  S_mixed_taildet_a2p0_s1                      lap2  max|CTE|    2.51 ft over   0.3%  steps 1179/1280  FAIL

checkpoint                                      laps held  worst |CTE|  % of budget
S_mixed_taildet_a2p0_s1                             0/3          2.51ft         115%

  -> /home/za/ad-assurance--workspace/formal-verification--steering--code/results/town06/tail_loss_det/e2_a2p0_s1_fog.json
[2026-09-04 14:38:46]     worst 2.51 ft 
[2026-09-04 14:38:46]   drive a2.0 s1 clear: 3 laps

STUDENT VARIANT COMPARISON -- clear, 3 lap(s) each, clean server before every lap
  budget 2.19 ft

  S_mixed_taildet_a2p0_s1                      lap0  max|CTE|    0.92 ft over   0.0%  steps 1179/1280  PASS
  S_mixed_taildet_a2p0_s1                      lap1  max|CTE|    0.88 ft over   0.0%  steps 1179/1280  PASS
  S_mixed_taildet_a2p0_s1                      lap2  max|CTE|    0.98 ft over   0.0%  steps 1179/1280  PASS

checkpoint                                      laps held  worst |CTE|  % of budget
S_mixed_taildet_a2p0_s1                             3/3          0.98ft          45%

  -> /home/za/ad-assurance--workspace/formal-verification--steering--code/results/town06/tail_loss_det/e2_a2p0_s1_clear.json
[2026-09-04 14:41:44]     worst 0.98 ft 
[2026-09-04 14:41:44] distil S_mixed_taildet_a2p0_s2  (alpha 2.0, seed 2)
[2026-09-04 14:45:11]   KD error: alpha 2.0 seed 2
S_mixed_taildet_a2p0_s2  (101,888 ReLU)  vs  teacher_mixed_t06lap_dagger_r03
52,180 frames, 67,468 cached teacher targets

condition   frames   KD RMSE      bias  teacher|s|  student|s|  p99 |err|
  --------------------------------------------------------------------------
clear        3,000    0.0191   -0.0022      0.0411      0.0393     0.0782
fog          3,000    0.0298   +0.0040      0.0515      0.0505     0.1235
night        3,000    0.0289   +0.0009      0.0426      0.0391     0.0933
low_sun      3,000    0.0208   +0.0004      0.0313      0.0297     0.0760
shadows      none

  steering tolerance delta_tol = 0.0120 (normalised units), for scale
  wrote /home/za/ad-assurance--workspace/formal-verification--steering--code/results/town06/tail_loss_det/kd_a2p0_s2.json
[2026-09-04 14:45:47]   drive a2.0 s2 fog: 3 laps

STUDENT VARIANT COMPARISON -- fog, 3 lap(s) each, clean server before every lap
  budget 2.19 ft

  S_mixed_taildet_a2p0_s2                      lap0  max|CTE|    1.71 ft over   0.0%  steps 1179/1280  PASS
  S_mixed_taildet_a2p0_s2                      lap1  max|CTE|    1.68 ft over   0.0%  steps 1179/1280  PASS
  S_mixed_taildet_a2p0_s2                      lap2  max|CTE|    1.69 ft over   0.0%  steps 1179/1280  PASS

checkpoint                                      laps held  worst |CTE|  % of budget
S_mixed_taildet_a2p0_s2                             3/3          1.71ft          78%

  -> /home/za/ad-assurance--workspace/formal-verification--steering--code/results/town06/tail_loss_det/e2_a2p0_s2_fog.json
[2026-09-04 14:48:43]     worst 1.71 ft 
[2026-09-04 14:48:43]   drive a2.0 s2 clear: 3 laps

STUDENT VARIANT COMPARISON -- clear, 3 lap(s) each, clean server before every lap
  budget 2.19 ft

  S_mixed_taildet_a2p0_s2                      lap0  max|CTE|    0.73 ft over   0.0%  steps 1179/1280  PASS
  S_mixed_taildet_a2p0_s2                      lap1  max|CTE|    0.74 ft over   0.0%  steps 1179/1280  PASS
  S_mixed_taildet_a2p0_s2                      lap2  max|CTE|    0.75 ft over   0.0%  steps 1179/1280  PASS

checkpoint                                      laps held  worst |CTE|  % of budget
S_mixed_taildet_a2p0_s2                             3/3          0.75ft          34%

  -> /home/za/ad-assurance--workspace/formal-verification--steering--code/results/town06/tail_loss_det/e2_a2p0_s2_clear.json
[2026-09-04 14:51:41]     worst 0.75 ft 
[2026-09-04 14:51:41] distil S_mixed_taildet_a2p0_s3  (alpha 2.0, seed 3)
[2026-09-04 14:54:48]   KD error: alpha 2.0 seed 3
S_mixed_taildet_a2p0_s3  (101,888 ReLU)  vs  teacher_mixed_t06lap_dagger_r03
52,180 frames, 67,468 cached teacher targets

condition   frames   KD RMSE      bias  teacher|s|  student|s|  p99 |err|
  --------------------------------------------------------------------------
clear        3,000    0.0164   -0.0031      0.0411      0.0398     0.0679
fog          3,000    0.0249   -0.0035      0.0515      0.0516     0.0898
night        3,000    0.0265   -0.0046      0.0426      0.0390     0.0877
low_sun      3,000    0.0235   -0.0024      0.0313      0.0292     0.0600
shadows      none

  steering tolerance delta_tol = 0.0120 (normalised units), for scale
  wrote /home/za/ad-assurance--workspace/formal-verification--steering--code/results/town06/tail_loss_det/kd_a2p0_s3.json
[2026-09-04 14:55:24]   drive a2.0 s3 fog: 3 laps

STUDENT VARIANT COMPARISON -- fog, 3 lap(s) each, clean server before every lap
  budget 2.19 ft

  S_mixed_taildet_a2p0_s3                      lap0  max|CTE|    2.11 ft over   0.0%  steps 1179/1280  PASS
  S_mixed_taildet_a2p0_s3                      lap1  max|CTE|    1.50 ft over   0.0%  steps 1179/1280  PASS
  S_mixed_taildet_a2p0_s3                      lap2  max|CTE|    2.11 ft over   0.0%  steps 1179/1280  PASS

checkpoint                                      laps held  worst |CTE|  % of budget
S_mixed_taildet_a2p0_s3                             3/3          2.11ft          96%

  -> /home/za/ad-assurance--workspace/formal-verification--steering--code/results/town06/tail_loss_det/e2_a2p0_s3_fog.json
[2026-09-04 14:58:20]     worst 2.11 ft 
[2026-09-04 14:58:20]   drive a2.0 s3 clear: 3 laps

STUDENT VARIANT COMPARISON -- clear, 3 lap(s) each, clean server before every lap
  budget 2.19 ft

  S_mixed_taildet_a2p0_s3                      lap0  max|CTE|    1.37 ft over   0.0%  steps 1179/1280  PASS
  S_mixed_taildet_a2p0_s3                      lap1  max|CTE|    1.33 ft over   0.0%  steps 1179/1280  PASS
  S_mixed_taildet_a2p0_s3                      lap2  max|CTE|    1.42 ft over   0.0%  steps 1179/1280  PASS

checkpoint                                      laps held  worst |CTE|  % of budget
S_mixed_taildet_a2p0_s3                             3/3          1.42ft          65%

  -> /home/za/ad-assurance--workspace/formal-verification--steering--code/results/town06/tail_loss_det/e2_a2p0_s3_clear.json
[2026-09-04 15:01:19]     worst 1.42 ft 
[2026-09-04 15:01:19] distil S_mixed_taildet_a2p0_s4  (alpha 2.0, seed 4)
[2026-09-04 15:03:45]   KD error: alpha 2.0 seed 4
S_mixed_taildet_a2p0_s4  (101,888 ReLU)  vs  teacher_mixed_t06lap_dagger_r03
52,180 frames, 67,468 cached teacher targets

condition   frames   KD RMSE      bias  teacher|s|  student|s|  p99 |err|
  --------------------------------------------------------------------------
clear        3,000    0.0175   -0.0022      0.0411      0.0420     0.0658
fog          3,000    0.0287   +0.0001      0.0515      0.0487     0.1192
night        3,000    0.0290   -0.0032      0.0426      0.0396     0.0930
low_sun      3,000    0.0197   -0.0011      0.0313      0.0318     0.0790
shadows      none

  steering tolerance delta_tol = 0.0120 (normalised units), for scale
  wrote /home/za/ad-assurance--workspace/formal-verification--steering--code/results/town06/tail_loss_det/kd_a2p0_s4.json
[2026-09-04 15:04:21]   drive a2.0 s4 fog: 3 laps

STUDENT VARIANT COMPARISON -- fog, 3 lap(s) each, clean server before every lap
  budget 2.19 ft

  S_mixed_taildet_a2p0_s4                      lap0  max|CTE|    1.72 ft over   0.0%  steps 1179/1280  PASS
  S_mixed_taildet_a2p0_s4                      lap1  max|CTE|    1.72 ft over   0.0%  steps 1179/1280  PASS
  S_mixed_taildet_a2p0_s4                      lap2  max|CTE|    1.72 ft over   0.0%  steps 1179/1280  PASS

checkpoint                                      laps held  worst |CTE|  % of budget
S_mixed_taildet_a2p0_s4                             3/3          1.72ft          78%

  -> /home/za/ad-assurance--workspace/formal-verification--steering--code/results/town06/tail_loss_det/e2_a2p0_s4_fog.json
[2026-09-04 15:07:17]     worst 1.72 ft 
[2026-09-04 15:07:17]   drive a2.0 s4 clear: 3 laps

STUDENT VARIANT COMPARISON -- clear, 3 lap(s) each, clean server before every lap
  budget 2.19 ft

  S_mixed_taildet_a2p0_s4                      lap0  max|CTE|    0.92 ft over   0.0%  steps 1179/1280  PASS
  S_mixed_taildet_a2p0_s4                      lap1  max|CTE|    0.47 ft over   0.0%  steps 1179/1280  PASS
  S_mixed_taildet_a2p0_s4                      lap2  max|CTE|    1.11 ft over   0.0%  steps 1179/1280  PASS

checkpoint                                      laps held  worst |CTE|  % of budget
S_mixed_taildet_a2p0_s4                             3/3          1.11ft          51%

  -> /home/za/ad-assurance--workspace/formal-verification--steering--code/results/town06/tail_loss_det/e2_a2p0_s4_clear.json
[2026-09-04 15:10:15]     worst 1.11 ft 
[2026-09-04 15:10:15] distil S_mixed_taildet_a2p0_s5  (alpha 2.0, seed 5)
[2026-09-04 15:13:55]   KD error: alpha 2.0 seed 5
S_mixed_taildet_a2p0_s5  (101,888 ReLU)  vs  teacher_mixed_t06lap_dagger_r03
52,180 frames, 67,468 cached teacher targets

condition   frames   KD RMSE      bias  teacher|s|  student|s|  p99 |err|
  --------------------------------------------------------------------------
clear        3,000    0.0216   +0.0009      0.0411      0.0423     0.0755
fog          3,000    0.0299   +0.0050      0.0515      0.0517     0.1167
night        3,000    0.0318   +0.0096      0.0426      0.0422     0.1023
low_sun      3,000    0.0184   +0.0048      0.0313      0.0311     0.0679
shadows      none

  steering tolerance delta_tol = 0.0120 (normalised units), for scale
  wrote /home/za/ad-assurance--workspace/formal-verification--steering--code/results/town06/tail_loss_det/kd_a2p0_s5.json
[2026-09-04 15:14:31]   drive a2.0 s5 fog: 3 laps

STUDENT VARIANT COMPARISON -- fog, 3 lap(s) each, clean server before every lap
  budget 2.19 ft

  S_mixed_taildet_a2p0_s5                      lap0  max|CTE|    2.45 ft over   0.2%  steps 1180/1280  FAIL
  S_mixed_taildet_a2p0_s5                      lap1  max|CTE|    1.85 ft over   0.0%  steps 1180/1280  PASS
  S_mixed_taildet_a2p0_s5                      lap2  max|CTE|    1.95 ft over   0.0%  steps 1180/1280  PASS

checkpoint                                      laps held  worst |CTE|  % of budget
S_mixed_taildet_a2p0_s5                             2/3          2.45ft         112%

  -> /home/za/ad-assurance--workspace/formal-verification--steering--code/results/town06/tail_loss_det/e2_a2p0_s5_fog.json
[2026-09-04 15:17:27]     worst 2.45 ft 
[2026-09-04 15:17:27]   drive a2.0 s5 clear: 3 laps

STUDENT VARIANT COMPARISON -- clear, 3 lap(s) each, clean server before every lap
  budget 2.19 ft

  S_mixed_taildet_a2p0_s5                      lap0  max|CTE|    1.32 ft over   0.0%  steps 1179/1280  PASS
  S_mixed_taildet_a2p0_s5                      lap1  max|CTE|    1.43 ft over   0.0%  steps 1179/1280  PASS
  S_mixed_taildet_a2p0_s5                      lap2  max|CTE|    1.16 ft over   0.0%  steps 1179/1280  PASS

checkpoint                                      laps held  worst |CTE|  % of budget
S_mixed_taildet_a2p0_s5                             3/3          1.43ft          65%

  -> /home/za/ad-assurance--workspace/formal-verification--steering--code/results/town06/tail_loss_det/e2_a2p0_s5_clear.json
[2026-09-04 15:20:25]     worst 1.43 ft 
[2026-09-04 15:20:25] distil S_mixed_taildet_a8p0_s0  (alpha 8.0, seed 0)
[2026-09-04 15:22:15]   KD error: alpha 8.0 seed 0
S_mixed_taildet_a8p0_s0  (101,888 ReLU)  vs  teacher_mixed_t06lap_dagger_r03
52,180 frames, 67,468 cached teacher targets

condition   frames   KD RMSE      bias  teacher|s|  student|s|  p99 |err|
  --------------------------------------------------------------------------
clear        3,000    0.0229   -0.0015      0.0411      0.0405     0.0982
fog          3,000    0.0349   +0.0042      0.0515      0.0509     0.1421
night        3,000    0.0420   +0.0146      0.0426      0.0411     0.1745
low_sun      3,000    0.0248   +0.0052      0.0313      0.0302     0.0985
shadows      none

  steering tolerance delta_tol = 0.0120 (normalised units), for scale
  wrote /home/za/ad-assurance--workspace/formal-verification--steering--code/results/town06/tail_loss_det/kd_a8p0_s0.json
[2026-09-04 15:22:51]   drive a8.0 s0 fog: 3 laps

STUDENT VARIANT COMPARISON -- fog, 3 lap(s) each, clean server before every lap
  budget 2.19 ft

  S_mixed_taildet_a8p0_s0                      lap0  max|CTE|   10.68 ft over   2.8%  steps 1178/1280  FAIL
  S_mixed_taildet_a8p0_s0                      lap1  max|CTE|   10.68 ft over   2.8%  steps 1178/1280  FAIL
  S_mixed_taildet_a8p0_s0                      lap2  max|CTE|   10.68 ft over   2.8%  steps 1178/1280  FAIL

checkpoint                                      laps held  worst |CTE|  % of budget
S_mixed_taildet_a8p0_s0                             0/3         10.68ft         487%

  -> /home/za/ad-assurance--workspace/formal-verification--steering--code/results/town06/tail_loss_det/e2_a8p0_s0_fog.json
[2026-09-04 15:25:47]     worst 10.68 ft 
[2026-09-04 15:25:47]   drive a8.0 s0 clear: 3 laps

STUDENT VARIANT COMPARISON -- clear, 3 lap(s) each, clean server before every lap
  budget 2.19 ft

  S_mixed_taildet_a8p0_s0                      lap0  max|CTE|    2.27 ft over   0.3%  steps 1179/1280  FAIL
  S_mixed_taildet_a8p0_s0                      lap1  max|CTE|    2.27 ft over   0.3%  steps 1179/1280  FAIL
  S_mixed_taildet_a8p0_s0                      lap2  max|CTE|    2.27 ft over   0.3%  steps 1179/1280  FAIL

checkpoint                                      laps held  worst |CTE|  % of budget
S_mixed_taildet_a8p0_s0                             0/3          2.27ft         104%

  -> /home/za/ad-assurance--workspace/formal-verification--steering--code/results/town06/tail_loss_det/e2_a8p0_s0_clear.json
[2026-09-04 15:28:45]     worst 2.27 ft 
[2026-09-04 15:28:45] distil S_mixed_taildet_a8p0_s1  (alpha 8.0, seed 1)
[2026-09-04 15:30:01]   KD error: alpha 8.0 seed 1
S_mixed_taildet_a8p0_s1  (101,888 ReLU)  vs  teacher_mixed_t06lap_dagger_r03
52,180 frames, 67,468 cached teacher targets

condition   frames   KD RMSE      bias  teacher|s|  student|s|  p99 |err|
  --------------------------------------------------------------------------
clear        3,000    0.1125   -0.0044      0.0411      0.0198     0.5564
fog          3,000    0.1310   -0.0052      0.0515      0.0198     0.5589
night        3,000    0.0996   -0.0130      0.0426      0.0198     0.5021
low_sun      3,000    0.0856   -0.0155      0.0313      0.0198     0.4974
shadows      none

  steering tolerance delta_tol = 0.0120 (normalised units), for scale
  wrote /home/za/ad-assurance--workspace/formal-verification--steering--code/results/town06/tail_loss_det/kd_a8p0_s1.json
[2026-09-04 15:30:37]   drive a8.0 s1 fog: 3 laps

STUDENT VARIANT COMPARISON -- fog, 3 lap(s) each, clean server before every lap
  budget 2.19 ft

  S_mixed_taildet_a8p0_s1                      lap0  max|CTE|   35.40 ft over  69.2%  steps 26/1280  DEPARTED  FAIL
  S_mixed_taildet_a8p0_s1                      lap1  max|CTE|   35.40 ft over  69.2%  steps 26/1280  DEPARTED  FAIL
  S_mixed_taildet_a8p0_s1                      lap2  max|CTE|   35.40 ft over  69.2%  steps 26/1280  DEPARTED  FAIL

checkpoint                                      laps held  worst |CTE|  % of budget
S_mixed_taildet_a8p0_s1                             0/3         35.40ft        1615%

  -> /home/za/ad-assurance--workspace/formal-verification--steering--code/results/town06/tail_loss_det/e2_a8p0_s1_fog.json
[2026-09-04 15:33:11]     worst 35.40 ft 
[2026-09-04 15:33:11]   drive a8.0 s1 clear: 3 laps

STUDENT VARIANT COMPARISON -- clear, 3 lap(s) each, clean server before every lap
  budget 2.19 ft

  S_mixed_taildet_a8p0_s1                      lap0  max|CTE|   35.40 ft over  69.2%  steps 26/1280  DEPARTED  FAIL
  S_mixed_taildet_a8p0_s1                      lap1  max|CTE|   35.40 ft over  69.2%  steps 26/1280  DEPARTED  FAIL
  S_mixed_taildet_a8p0_s1                      lap2  max|CTE|   35.40 ft over  69.2%  steps 26/1280  DEPARTED  FAIL

checkpoint                                      laps held  worst |CTE|  % of budget
S_mixed_taildet_a8p0_s1                             0/3         35.40ft        1615%

  -> /home/za/ad-assurance--workspace/formal-verification--steering--code/results/town06/tail_loss_det/e2_a8p0_s1_clear.json
[2026-09-04 15:35:45]     worst 35.40 ft 
[2026-09-04 15:35:45] distil S_mixed_taildet_a8p0_s2  (alpha 8.0, seed 2)
[2026-09-04 15:39:46]   KD error: alpha 8.0 seed 2
S_mixed_taildet_a8p0_s2  (101,888 ReLU)  vs  teacher_mixed_t06lap_dagger_r03
52,180 frames, 67,468 cached teacher targets

condition   frames   KD RMSE      bias  teacher|s|  student|s|  p99 |err|
  --------------------------------------------------------------------------
clear        3,000    0.0140   +0.0005      0.0411      0.0396     0.0446
fog          3,000    0.0214   -0.0010      0.0515      0.0489     0.0692
night        3,000    0.0248   +0.0003      0.0426      0.0408     0.0631
low_sun      3,000    0.0168   +0.0012      0.0313      0.0297     0.0473
shadows      none

  steering tolerance delta_tol = 0.0120 (normalised units), for scale
  wrote /home/za/ad-assurance--workspace/formal-verification--steering--code/results/town06/tail_loss_det/kd_a8p0_s2.json
[2026-09-04 15:40:22]   drive a8.0 s2 fog: 3 laps

STUDENT VARIANT COMPARISON -- fog, 3 lap(s) each, clean server before every lap
  budget 2.19 ft

  S_mixed_taildet_a8p0_s2                      lap0  max|CTE|    8.55 ft over   1.4%  steps 1179/1280  FAIL
  S_mixed_taildet_a8p0_s2                      lap1  max|CTE|    8.55 ft over   1.9%  steps 1179/1280  FAIL
  S_mixed_taildet_a8p0_s2                      lap2  max|CTE|    8.55 ft over   2.0%  steps 1179/1280  FAIL

checkpoint                                      laps held  worst |CTE|  % of budget
S_mixed_taildet_a8p0_s2                             0/3          8.55ft         390%

  -> /home/za/ad-assurance--workspace/formal-verification--steering--code/results/town06/tail_loss_det/e2_a8p0_s2_fog.json
[2026-09-04 15:43:19]     worst 8.55 ft 
[2026-09-04 15:43:19]   drive a8.0 s2 clear: 3 laps

STUDENT VARIANT COMPARISON -- clear, 3 lap(s) each, clean server before every lap
  budget 2.19 ft

  S_mixed_taildet_a8p0_s2                      lap0  max|CTE|    1.16 ft over   0.0%  steps 1179/1280  PASS
  S_mixed_taildet_a8p0_s2                      lap1  max|CTE|    1.21 ft over   0.0%  steps 1179/1280  PASS
  S_mixed_taildet_a8p0_s2                      lap2  max|CTE|    1.25 ft over   0.0%  steps 1179/1280  PASS

checkpoint                                      laps held  worst |CTE|  % of budget
S_mixed_taildet_a8p0_s2                             3/3          1.25ft          57%

  -> /home/za/ad-assurance--workspace/formal-verification--steering--code/results/town06/tail_loss_det/e2_a8p0_s2_clear.json
[2026-09-04 15:46:17]     worst 1.25 ft 
[2026-09-04 15:46:17] distil S_mixed_taildet_a8p0_s3  (alpha 8.0, seed 3)
[2026-09-04 15:49:19]   KD error: alpha 8.0 seed 3
S_mixed_taildet_a8p0_s3  (101,888 ReLU)  vs  teacher_mixed_t06lap_dagger_r03
52,180 frames, 67,468 cached teacher targets

condition   frames   KD RMSE      bias  teacher|s|  student|s|  p99 |err|
  --------------------------------------------------------------------------
clear        3,000    0.0151   -0.0016      0.0411      0.0404     0.0565
fog          3,000    0.0229   -0.0032      0.0515      0.0497     0.0746
night        3,000    0.0237   -0.0023      0.0426      0.0408     0.0689
low_sun      3,000    0.0130   -0.0008      0.0313      0.0301     0.0437
shadows      none

  steering tolerance delta_tol = 0.0120 (normalised units), for scale
  wrote /home/za/ad-assurance--workspace/formal-verification--steering--code/results/town06/tail_loss_det/kd_a8p0_s3.json
[2026-09-04 15:49:56]   drive a8.0 s3 fog: 3 laps

STUDENT VARIANT COMPARISON -- fog, 3 lap(s) each, clean server before every lap
  budget 2.19 ft

  S_mixed_taildet_a8p0_s3                      lap0  max|CTE|   12.30 ft over   2.9%  steps 1178/1280  FAIL
  S_mixed_taildet_a8p0_s3                      lap1  max|CTE|   12.30 ft over   2.9%  steps 1178/1280  FAIL
  S_mixed_taildet_a8p0_s3                      lap2  max|CTE|   12.30 ft over   2.9%  steps 1178/1280  FAIL

checkpoint                                      laps held  worst |CTE|  % of budget
S_mixed_taildet_a8p0_s3                             0/3         12.30ft         561%

  -> /home/za/ad-assurance--workspace/formal-verification--steering--code/results/town06/tail_loss_det/e2_a8p0_s3_fog.json
[2026-09-04 15:52:52]     worst 12.30 ft 
[2026-09-04 15:52:52]   drive a8.0 s3 clear: 3 laps

STUDENT VARIANT COMPARISON -- clear, 3 lap(s) each, clean server before every lap
  budget 2.19 ft

  S_mixed_taildet_a8p0_s3                      lap0  max|CTE|    1.08 ft over   0.0%  steps 1179/1280  PASS
  S_mixed_taildet_a8p0_s3                      lap1  max|CTE|    1.16 ft over   0.0%  steps 1179/1280  PASS
  S_mixed_taildet_a8p0_s3                      lap2  max|CTE|    1.10 ft over   0.0%  steps 1179/1280  PASS

checkpoint                                      laps held  worst |CTE|  % of budget
S_mixed_taildet_a8p0_s3                             3/3          1.16ft          53%

  -> /home/za/ad-assurance--workspace/formal-verification--steering--code/results/town06/tail_loss_det/e2_a8p0_s3_clear.json
[2026-09-04 15:55:51]     worst 1.16 ft 
[2026-09-04 15:55:51] distil S_mixed_taildet_a8p0_s4  (alpha 8.0, seed 4)
[2026-09-04 15:58:11]   KD error: alpha 8.0 seed 4
S_mixed_taildet_a8p0_s4  (101,888 ReLU)  vs  teacher_mixed_t06lap_dagger_r03
52,180 frames, 67,468 cached teacher targets

condition   frames   KD RMSE      bias  teacher|s|  student|s|  p99 |err|
  --------------------------------------------------------------------------
clear        3,000    0.0214   +0.0048      0.0411      0.0413     0.0857
fog          3,000    0.0286   +0.0028      0.0515      0.0495     0.1170
night        3,000    0.0303   +0.0038      0.0426      0.0393     0.1095
low_sun      3,000    0.0224   +0.0065      0.0313      0.0301     0.0826
shadows      none

  steering tolerance delta_tol = 0.0120 (normalised units), for scale
  wrote /home/za/ad-assurance--workspace/formal-verification--steering--code/results/town06/tail_loss_det/kd_a8p0_s4.json
[2026-09-04 15:58:47]   drive a8.0 s4 fog: 3 laps

STUDENT VARIANT COMPARISON -- fog, 3 lap(s) each, clean server before every lap
  budget 2.19 ft

  S_mixed_taildet_a8p0_s4                      lap0  max|CTE|    1.88 ft over   0.0%  steps 1179/1280  PASS
  S_mixed_taildet_a8p0_s4                      lap1  max|CTE|    1.98 ft over   0.0%  steps 1180/1280  PASS
  S_mixed_taildet_a8p0_s4                      lap2  max|CTE|    1.62 ft over   0.0%  steps 1179/1280  PASS

checkpoint                                      laps held  worst |CTE|  % of budget
S_mixed_taildet_a8p0_s4                             3/3          1.98ft          90%

  -> /home/za/ad-assurance--workspace/formal-verification--steering--code/results/town06/tail_loss_det/e2_a8p0_s4_fog.json
[2026-09-04 16:01:44]     worst 1.98 ft 
[2026-09-04 16:01:44]   drive a8.0 s4 clear: 3 laps

STUDENT VARIANT COMPARISON -- clear, 3 lap(s) each, clean server before every lap
  budget 2.19 ft

  S_mixed_taildet_a8p0_s4                      lap0  max|CTE|    4.12 ft over   1.9%  steps 1180/1280  FAIL
  S_mixed_taildet_a8p0_s4                      lap1  max|CTE|    4.09 ft over   1.9%  steps 1180/1280  FAIL
  S_mixed_taildet_a8p0_s4                      lap2  max|CTE|    4.03 ft over   1.9%  steps 1180/1280  FAIL

checkpoint                                      laps held  worst |CTE|  % of budget
S_mixed_taildet_a8p0_s4                             0/3          4.12ft         188%

  -> /home/za/ad-assurance--workspace/formal-verification--steering--code/results/town06/tail_loss_det/e2_a8p0_s4_clear.json
[2026-09-04 16:04:44]     worst 4.12 ft 
[2026-09-04 16:04:44] distil S_mixed_taildet_a8p0_s5  (alpha 8.0, seed 5)
[2026-09-04 16:08:08]   KD error: alpha 8.0 seed 5
S_mixed_taildet_a8p0_s5  (101,888 ReLU)  vs  teacher_mixed_t06lap_dagger_r03
52,180 frames, 67,468 cached teacher targets

condition   frames   KD RMSE      bias  teacher|s|  student|s|  p99 |err|
  --------------------------------------------------------------------------
clear        3,000    0.0204   -0.0001      0.0411      0.0397     0.0779
fog          3,000    0.0333   -0.0006      0.0515      0.0497     0.1340
night        3,000    0.0298   +0.0006      0.0426      0.0384     0.1045
low_sun      3,000    0.0234   +0.0000      0.0313      0.0297     0.0772
shadows      none

  steering tolerance delta_tol = 0.0120 (normalised units), for scale
  wrote /home/za/ad-assurance--workspace/formal-verification--steering--code/results/town06/tail_loss_det/kd_a8p0_s5.json
[2026-09-04 16:08:43]   drive a8.0 s5 fog: 3 laps

STUDENT VARIANT COMPARISON -- fog, 3 lap(s) each, clean server before every lap
  budget 2.19 ft

  S_mixed_taildet_a8p0_s5                      lap0  max|CTE|   11.98 ft over   2.5%  steps 1178/1280  FAIL
  S_mixed_taildet_a8p0_s5                      lap1  max|CTE|   11.98 ft over   2.8%  steps 1178/1280  FAIL
  S_mixed_taildet_a8p0_s5                      lap2  max|CTE|   11.98 ft over   2.9%  steps 1178/1280  FAIL

checkpoint                                      laps held  worst |CTE|  % of budget
S_mixed_taildet_a8p0_s5                             0/3         11.98ft         547%

  -> /home/za/ad-assurance--workspace/formal-verification--steering--code/results/town06/tail_loss_det/e2_a8p0_s5_fog.json
[2026-09-04 16:11:41]     worst 11.98 ft 
[2026-09-04 16:11:41]   drive a8.0 s5 clear: 3 laps

STUDENT VARIANT COMPARISON -- clear, 3 lap(s) each, clean server before every lap
  budget 2.19 ft

  S_mixed_taildet_a8p0_s5                      lap0  max|CTE|    1.66 ft over   0.0%  steps 1179/1280  PASS
  S_mixed_taildet_a8p0_s5                      lap1  max|CTE|    1.59 ft over   0.0%  steps 1179/1280  PASS
  S_mixed_taildet_a8p0_s5                      lap2  max|CTE|    1.31 ft over   0.0%  steps 1179/1280  PASS

checkpoint                                      laps held  worst |CTE|  % of budget
S_mixed_taildet_a8p0_s5                             3/3          1.66ft          76%

  -> /home/za/ad-assurance--workspace/formal-verification--steering--code/results/town06/tail_loss_det/e2_a8p0_s5_clear.json
[2026-09-04 16:14:39]     worst 1.66 ft 
[2026-09-04 16:14:39] === E2 complete; summarise with scripts/e2_summarise.py ===
