[2026-09-02 14:31:02] student round attempt 1/12 (rounds on disk: 0)
[2026-09-02 14:37:44]   round exited rc=0
[2026-09-02 14:37:44]   round trained S_mixed_t06lap_168x28_w4_dagger_r00
[2026-09-02 14:37:44] student round attempt 2/12 (rounds on disk: 1)
[2026-09-02 14:38:42]   restart attempt 1/3 FAILED (round 2); FATAL: the server on 3000 renders at a different brightness (above).
[2026-09-02 14:40:00]   restart attempt 2/3 FAILED (round 2); Terminated
[2026-09-02 14:41:18]   restart attempt 3/3 FAILED (round 2); Terminated
[2026-09-02 14:41:38]   restart FAILED three times (round 2) -- that is not a slow boot
[2026-09-02 14:41:43] student round attempt 1/12 (rounds on disk: 1)
[2026-09-02 14:45:26] student round attempt 1/12 (rounds on disk: 1)
[2026-09-02 14:50:11]   round exited rc=0
[2026-09-02 14:50:11]   round trained S_mixed_t06lap_168x28_w4_dagger_r01
[2026-09-02 14:50:11] student round attempt 2/12 (rounds on disk: 2)
[2026-09-02 14:54:26]   round exited rc=0
[2026-09-02 14:54:26]   round trained S_mixed_t06lap_168x28_w4_dagger_r02
[2026-09-02 14:54:26] student round attempt 3/12 (rounds on disk: 3)
[2026-09-02 14:58:32]   restart attempt 1/3 FAILED (round 3);  That is not the intermittent launch defect; something has changed.
[2026-09-02 15:02:16]   restart succeeded on attempt 2 (round 3)
[2026-09-02 15:04:24]   round exited rc=0
[2026-09-02 15:04:24]   round trained S_mixed_t06lap_168x28_w4_dagger_r03
[2026-09-02 15:04:24] student round attempt 4/12 (rounds on disk: 4)
[2026-09-02 15:07:35]   round exited rc=0
[2026-09-02 15:07:35]   round trained S_mixed_t06lap_168x28_w4_dagger_r04
[2026-09-02 15:07:35] student round attempt 5/12 (rounds on disk: 5)
[2026-09-02 15:10:40]   round exited rc=0
[2026-09-02 15:10:40]   round trained S_mixed_t06lap_168x28_w4_dagger_r05
[2026-09-02 15:10:40] student round attempt 6/12 (rounds on disk: 6)
[2026-09-02 15:14:41]   round exited rc=0
[2026-09-02 15:14:41]   round trained S_mixed_t06lap_168x28_w4_dagger_r06
[2026-09-02 15:14:41] student round attempt 7/12 (rounds on disk: 7)
[2026-09-02 15:20:19]   round exited rc=0
[2026-09-02 15:20:19]   round trained S_mixed_t06lap_168x28_w4_dagger_r07
[2026-09-02 15:20:19] student round attempt 8/12 (rounds on disk: 8)
[2026-09-02 15:24:20]   round exited rc=0
[2026-09-02 15:24:20]   round trained S_mixed_t06lap_168x28_w4_dagger_r08
[2026-09-02 15:24:20] student round attempt 9/12 (rounds on disk: 9)
[2026-09-02 15:29:09]   round exited rc=0
[2026-09-02 15:29:09]   round trained S_mixed_t06lap_168x28_w4_dagger_r09
[2026-09-02 15:29:09] student round attempt 10/12 (rounds on disk: 10)
[2026-09-02 15:32:20]   round exited rc=0
[2026-09-02 15:32:20]   round trained S_mixed_t06lap_168x28_w4_dagger_r10
[2026-09-02 15:32:20] student round attempt 11/12 (rounds on disk: 11)
[2026-09-02 15:36:01]   round exited rc=0
[2026-09-02 15:36:01]   budget of 12 round(s) met (12 on disk)
[2026-09-02 15:36:01] S_mixed_t06lap_168x28_w4 student DAgger complete at S_mixed_t06lap_168x28_w4_dagger_r11 (12 round(s))
