[2026-09-04 19:29:46] === arm sweep S_mixed_bal: seeds [0 1 2 3 4 5], conds [fog clear], deterministic kernels ===
[2026-09-04 19:29:46] --- arm bal: channels 32,64,64, fc 128, env [none], flags [--lr 3e-4 --balance] ---
[2026-09-04 19:29:46] distil S_mixed_bal_bal_s0
[2026-09-04 19:31:57]   KD error: bal s0
S_mixed_bal_bal_s0  (101,888 ReLU)  vs  teacher_mixed_t06lap_dagger_r03
52,180 frames, 67,468 cached teacher targets

condition   frames   KD RMSE      bias  teacher|s|  student|s|  p99 |err|
  --------------------------------------------------------------------------
clear        3,000    0.0125   +0.0024      0.0411      0.0397     0.0419
fog          3,000    0.0161   +0.0008      0.0515      0.0521     0.0588
night        3,000    0.0240   +0.0011      0.0426      0.0414     0.0634
low_sun      3,000    0.0118   +0.0026      0.0313      0.0306     0.0361
shadows      none

  steering tolerance delta_tol = 0.0120 (normalised units), for scale
  wrote /home/za/ad-assurance--workspace/formal-verification--steering--code/results/town06/balancing/kd_bal_s0.json
[2026-09-04 19:32:33]   drive bal s0 fog: 3 laps

STUDENT VARIANT COMPARISON -- fog, 3 lap(s) each, clean server before every lap
  budget 2.19 ft

  S_mixed_bal_bal_s0                           lap0  max|CTE|    1.81 ft over   0.0%  steps 1179/1280  PASS
  S_mixed_bal_bal_s0                           lap1  max|CTE|    1.81 ft over   0.0%  steps 1179/1280  PASS
  S_mixed_bal_bal_s0                           lap2  max|CTE|    1.81 ft over   0.0%  steps 1179/1280  PASS

checkpoint                                      laps held  worst |CTE|  % of budget
S_mixed_bal_bal_s0                                  3/3          1.81ft          83%

  -> /home/za/ad-assurance--workspace/formal-verification--steering--code/results/town06/balancing/drive_bal_s0_fog.json
[2026-09-04 19:35:29]     worst 1.81 ft 
[2026-09-04 19:35:29]   drive bal s0 clear: 3 laps

STUDENT VARIANT COMPARISON -- clear, 3 lap(s) each, clean server before every lap
  budget 2.19 ft

  S_mixed_bal_bal_s0                           lap0  max|CTE|    1.66 ft over   0.0%  steps 1180/1280  PASS
  S_mixed_bal_bal_s0                           lap1  max|CTE|    1.65 ft over   0.0%  steps 1180/1280  PASS
  S_mixed_bal_bal_s0                           lap2  max|CTE|    1.69 ft over   0.0%  steps 1180/1280  PASS

checkpoint                                      laps held  worst |CTE|  % of budget
S_mixed_bal_bal_s0                                  3/3          1.69ft          77%

  -> /home/za/ad-assurance--workspace/formal-verification--steering--code/results/town06/balancing/drive_bal_s0_clear.json
[2026-09-04 19:38:28]     worst 1.69 ft 
[2026-09-04 19:38:28] distil S_mixed_bal_bal_s1
[2026-09-04 19:40:48]   KD error: bal s1
S_mixed_bal_bal_s1  (101,888 ReLU)  vs  teacher_mixed_t06lap_dagger_r03
52,180 frames, 67,468 cached teacher targets

condition   frames   KD RMSE      bias  teacher|s|  student|s|  p99 |err|
  --------------------------------------------------------------------------
clear        3,000    0.0127   -0.0037      0.0411      0.0413     0.0430
fog          3,000    0.0172   -0.0034      0.0515      0.0505     0.0506
night        3,000    0.0226   -0.0027      0.0426      0.0405     0.0499
low_sun      3,000    0.0175   -0.0018      0.0313      0.0304     0.0318
shadows      none

  steering tolerance delta_tol = 0.0120 (normalised units), for scale
  wrote /home/za/ad-assurance--workspace/formal-verification--steering--code/results/town06/balancing/kd_bal_s1.json
[2026-09-04 19:41:24]   drive bal s1 fog: 3 laps

STUDENT VARIANT COMPARISON -- fog, 3 lap(s) each, clean server before every lap
  budget 2.19 ft

  S_mixed_bal_bal_s1                           lap0  max|CTE|    1.25 ft over   0.0%  steps 1179/1280  PASS
  S_mixed_bal_bal_s1                           lap1  max|CTE|    1.27 ft over   0.0%  steps 1179/1280  PASS
  S_mixed_bal_bal_s1                           lap2  max|CTE|    1.25 ft over   0.0%  steps 1179/1280  PASS

checkpoint                                      laps held  worst |CTE|  % of budget
S_mixed_bal_bal_s1                                  3/3          1.27ft          58%

  -> /home/za/ad-assurance--workspace/formal-verification--steering--code/results/town06/balancing/drive_bal_s1_fog.json
[2026-09-04 19:44:21]     worst 1.27 ft 
[2026-09-04 19:44:21]   drive bal s1 clear: 3 laps

STUDENT VARIANT COMPARISON -- clear, 3 lap(s) each, clean server before every lap
  budget 2.19 ft

  S_mixed_bal_bal_s1                           lap0  max|CTE|    0.72 ft over   0.0%  steps 1179/1280  PASS
  S_mixed_bal_bal_s1                           lap1  max|CTE|    0.72 ft over   0.0%  steps 1179/1280  PASS
  S_mixed_bal_bal_s1                           lap2  max|CTE|    0.72 ft over   0.0%  steps 1179/1280  PASS

checkpoint                                      laps held  worst |CTE|  % of budget
S_mixed_bal_bal_s1                                  3/3          0.72ft          33%

  -> /home/za/ad-assurance--workspace/formal-verification--steering--code/results/town06/balancing/drive_bal_s1_clear.json
[2026-09-04 19:47:20]     worst 0.72 ft 
[2026-09-04 19:47:20] distil S_mixed_bal_bal_s2
[2026-09-04 19:50:10]   KD error: bal s2
S_mixed_bal_bal_s2  (101,888 ReLU)  vs  teacher_mixed_t06lap_dagger_r03
52,180 frames, 67,468 cached teacher targets

condition   frames   KD RMSE      bias  teacher|s|  student|s|  p99 |err|
  --------------------------------------------------------------------------
clear        3,000    0.0125   -0.0003      0.0411      0.0391     0.0471
fog          3,000    0.0168   +0.0004      0.0515      0.0489     0.0651
night        3,000    0.0225   +0.0007      0.0426      0.0396     0.0575
low_sun      3,000    0.0101   +0.0009      0.0313      0.0297     0.0336
shadows      none

  steering tolerance delta_tol = 0.0120 (normalised units), for scale
  wrote /home/za/ad-assurance--workspace/formal-verification--steering--code/results/town06/balancing/kd_bal_s2.json
[2026-09-04 19:50:46]   drive bal s2 fog: 3 laps

STUDENT VARIANT COMPARISON -- fog, 3 lap(s) each, clean server before every lap
  budget 2.19 ft

  S_mixed_bal_bal_s2                           lap0  max|CTE|    1.16 ft over   0.0%  steps 1179/1280  PASS
  S_mixed_bal_bal_s2                           lap1  max|CTE|    1.22 ft over   0.0%  steps 1179/1280  PASS
  S_mixed_bal_bal_s2                           lap2  max|CTE|    1.22 ft over   0.0%  steps 1179/1280  PASS

checkpoint                                      laps held  worst |CTE|  % of budget
S_mixed_bal_bal_s2                                  3/3          1.22ft          56%

  -> /home/za/ad-assurance--workspace/formal-verification--steering--code/results/town06/balancing/drive_bal_s2_fog.json
[2026-09-04 19:53:42]     worst 1.22 ft 
[2026-09-04 19:53:42]   drive bal s2 clear: 3 laps

STUDENT VARIANT COMPARISON -- clear, 3 lap(s) each, clean server before every lap
  budget 2.19 ft

  S_mixed_bal_bal_s2                           lap0  max|CTE|    0.93 ft over   0.0%  steps 1179/1280  PASS
  S_mixed_bal_bal_s2                           lap1  max|CTE|    0.99 ft over   0.0%  steps 1179/1280  PASS
  S_mixed_bal_bal_s2                           lap2  max|CTE|    1.01 ft over   0.0%  steps 1179/1280  PASS

checkpoint                                      laps held  worst |CTE|  % of budget
S_mixed_bal_bal_s2                                  3/3          1.01ft          46%

  -> /home/za/ad-assurance--workspace/formal-verification--steering--code/results/town06/balancing/drive_bal_s2_clear.json
[2026-09-04 19:56:43]     worst 1.01 ft 
[2026-09-04 19:56:43] distil S_mixed_bal_bal_s3
[2026-09-04 19:58:57]   KD error: bal s3
S_mixed_bal_bal_s3  (101,888 ReLU)  vs  teacher_mixed_t06lap_dagger_r03
52,180 frames, 67,468 cached teacher targets

condition   frames   KD RMSE      bias  teacher|s|  student|s|  p99 |err|
  --------------------------------------------------------------------------
clear        3,000    0.0145   +0.0030      0.0411      0.0413     0.0509
fog          3,000    0.0203   +0.0006      0.0515      0.0519     0.0769
night        3,000    0.0269   +0.0046      0.0426      0.0423     0.0771
low_sun      3,000    0.0139   +0.0039      0.0313      0.0311     0.0513
shadows      none

  steering tolerance delta_tol = 0.0120 (normalised units), for scale
  wrote /home/za/ad-assurance--workspace/formal-verification--steering--code/results/town06/balancing/kd_bal_s3.json
[2026-09-04 19:59:33]   drive bal s3 fog: 3 laps

STUDENT VARIANT COMPARISON -- fog, 3 lap(s) each, clean server before every lap
  budget 2.19 ft

  S_mixed_bal_bal_s3                           lap0  max|CTE|    2.04 ft over   0.0%  steps 1179/1280  PASS
  S_mixed_bal_bal_s3                           lap1  max|CTE|    2.04 ft over   0.0%  steps 1179/1280  PASS
  S_mixed_bal_bal_s3                           lap2  max|CTE|    1.95 ft over   0.0%  steps 1179/1280  PASS

checkpoint                                      laps held  worst |CTE|  % of budget
S_mixed_bal_bal_s3                                  3/3          2.04ft          93%

  -> /home/za/ad-assurance--workspace/formal-verification--steering--code/results/town06/balancing/drive_bal_s3_fog.json
[2026-09-04 20:02:30]     worst 2.04 ft 
[2026-09-04 20:02:30]   drive bal s3 clear: 3 laps

STUDENT VARIANT COMPARISON -- clear, 3 lap(s) each, clean server before every lap
  budget 2.19 ft

  S_mixed_bal_bal_s3                           lap0  max|CTE|    0.93 ft over   0.0%  steps 1179/1280  PASS
  S_mixed_bal_bal_s3                           lap1  max|CTE|    0.83 ft over   0.0%  steps 1179/1280  PASS
  S_mixed_bal_bal_s3                           lap2  max|CTE|    0.84 ft over   0.0%  steps 1179/1280  PASS

checkpoint                                      laps held  worst |CTE|  % of budget
S_mixed_bal_bal_s3                                  3/3          0.93ft          42%

  -> /home/za/ad-assurance--workspace/formal-verification--steering--code/results/town06/balancing/drive_bal_s3_clear.json
[2026-09-04 20:05:28]     worst 0.93 ft 
[2026-09-04 20:05:28] distil S_mixed_bal_bal_s4
[2026-09-04 20:07:36]   KD error: bal s4
S_mixed_bal_bal_s4  (101,888 ReLU)  vs  teacher_mixed_t06lap_dagger_r03
52,180 frames, 67,468 cached teacher targets

condition   frames   KD RMSE      bias  teacher|s|  student|s|  p99 |err|
  --------------------------------------------------------------------------
clear        3,000    0.0135   -0.0003      0.0411      0.0400     0.0547
fog          3,000    0.0210   -0.0004      0.0515      0.0491     0.0766
night        3,000    0.0243   -0.0020      0.0426      0.0409     0.0617
low_sun      3,000    0.0189   -0.0016      0.0313      0.0308     0.0392
shadows      none

  steering tolerance delta_tol = 0.0120 (normalised units), for scale
  wrote /home/za/ad-assurance--workspace/formal-verification--steering--code/results/town06/balancing/kd_bal_s4.json
[2026-09-04 20:08:12]   drive bal s4 fog: 3 laps

STUDENT VARIANT COMPARISON -- fog, 3 lap(s) each, clean server before every lap
  budget 2.19 ft

  S_mixed_bal_bal_s4                           lap0  max|CTE|    1.85 ft over   0.0%  steps 1179/1280  PASS
  S_mixed_bal_bal_s4                           lap1  max|CTE|    1.57 ft over   0.0%  steps 1179/1280  PASS
  S_mixed_bal_bal_s4                           lap2  max|CTE|    1.97 ft over   0.0%  steps 1179/1280  PASS

checkpoint                                      laps held  worst |CTE|  % of budget
S_mixed_bal_bal_s4                                  3/3          1.97ft          90%

  -> /home/za/ad-assurance--workspace/formal-verification--steering--code/results/town06/balancing/drive_bal_s4_fog.json
[2026-09-04 20:11:08]     worst 1.97 ft 
[2026-09-04 20:11:08]   drive bal s4 clear: 3 laps

STUDENT VARIANT COMPARISON -- clear, 3 lap(s) each, clean server before every lap
  budget 2.19 ft

  S_mixed_bal_bal_s4                           lap0  max|CTE|    0.99 ft over   0.0%  steps 1179/1280  PASS
  S_mixed_bal_bal_s4                           lap1  max|CTE|    1.22 ft over   0.0%  steps 1179/1280  PASS
  S_mixed_bal_bal_s4                           lap2  max|CTE|    0.71 ft over   0.0%  steps 1179/1280  PASS

checkpoint                                      laps held  worst |CTE|  % of budget
S_mixed_bal_bal_s4                                  3/3          1.22ft          56%

  -> /home/za/ad-assurance--workspace/formal-verification--steering--code/results/town06/balancing/drive_bal_s4_clear.json
[2026-09-04 20:14:07]     worst 1.22 ft 
[2026-09-04 20:14:07] distil S_mixed_bal_bal_s5
[2026-09-04 20:16:39]   KD error: bal s5
S_mixed_bal_bal_s5  (101,888 ReLU)  vs  teacher_mixed_t06lap_dagger_r03
52,180 frames, 67,468 cached teacher targets

condition   frames   KD RMSE      bias  teacher|s|  student|s|  p99 |err|
  --------------------------------------------------------------------------
clear        3,000    0.0143   -0.0008      0.0411      0.0392     0.0414
fog          3,000    0.0183   +0.0012      0.0515      0.0514     0.0752
night        3,000    0.0246   +0.0001      0.0426      0.0402     0.0675
low_sun      3,000    0.0127   +0.0006      0.0313      0.0299     0.0407
shadows      none

  steering tolerance delta_tol = 0.0120 (normalised units), for scale
  wrote /home/za/ad-assurance--workspace/formal-verification--steering--code/results/town06/balancing/kd_bal_s5.json
[2026-09-04 20:17:15]   drive bal s5 fog: 3 laps

STUDENT VARIANT COMPARISON -- fog, 3 lap(s) each, clean server before every lap
  budget 2.19 ft

  S_mixed_bal_bal_s5                           lap0  max|CTE|   29.42 ft over   4.7%  steps 300/1280  DEPARTED  FAIL
  S_mixed_bal_bal_s5                           lap1  max|CTE|   26.24 ft over   4.7%  steps 300/1280  DEPARTED  FAIL
  S_mixed_bal_bal_s5                           lap2  max|CTE|   37.89 ft over   5.0%  steps 301/1280  DEPARTED  FAIL

checkpoint                                      laps held  worst |CTE|  % of budget
S_mixed_bal_bal_s5                                  0/3         37.89ft        1729%

  -> /home/za/ad-assurance--workspace/formal-verification--steering--code/results/town06/balancing/drive_bal_s5_fog.json
[2026-09-04 20:19:55]     worst 37.89 ft 
[2026-09-04 20:19:55]   drive bal s5 clear: 3 laps

STUDENT VARIANT COMPARISON -- clear, 3 lap(s) each, clean server before every lap
  budget 2.19 ft

  S_mixed_bal_bal_s5                           lap0  max|CTE|    0.83 ft over   0.0%  steps 1179/1280  PASS
  S_mixed_bal_bal_s5                           lap1  max|CTE|    0.88 ft over   0.0%  steps 1179/1280  PASS
  S_mixed_bal_bal_s5                           lap2  max|CTE|    0.75 ft over   0.0%  steps 1179/1280  PASS

checkpoint                                      laps held  worst |CTE|  % of budget
S_mixed_bal_bal_s5                                  3/3          0.88ft          40%

  -> /home/za/ad-assurance--workspace/formal-verification--steering--code/results/town06/balancing/drive_bal_s5_clear.json
[2026-09-04 20:22:54]     worst 0.88 ft 
[2026-09-04 20:22:54] --- arm curv: channels 32,64,64, fc 128, env [DISTILL_CURV_BETA=4.0], flags [--lr 3e-4] ---
[2026-09-04 20:22:54] distil S_mixed_bal_curv_s0
[2026-09-04 20:28:12]   KD error: curv s0
S_mixed_bal_curv_s0  (101,888 ReLU)  vs  teacher_mixed_t06lap_dagger_r03
52,180 frames, 67,468 cached teacher targets

condition   frames   KD RMSE      bias  teacher|s|  student|s|  p99 |err|
  --------------------------------------------------------------------------
clear        3,000    0.0105   +0.0013      0.0411      0.0422     0.0337
fog          3,000    0.0175   -0.0011      0.0515      0.0520     0.0492
night        3,000    0.0216   -0.0007      0.0426      0.0440     0.0506
low_sun      3,000    0.0137   +0.0033      0.0313      0.0323     0.0321
shadows      none

  steering tolerance delta_tol = 0.0120 (normalised units), for scale
  wrote /home/za/ad-assurance--workspace/formal-verification--steering--code/results/town06/balancing/kd_curv_s0.json
[2026-09-04 20:28:48]   drive curv s0 fog: 3 laps

STUDENT VARIANT COMPARISON -- fog, 3 lap(s) each, clean server before every lap
  budget 2.19 ft

  S_mixed_bal_curv_s0                          lap0  max|CTE|    2.44 ft over   0.3%  steps 1179/1280  FAIL
  S_mixed_bal_curv_s0                          lap1  max|CTE|    1.69 ft over   0.0%  steps 1179/1280  PASS
  S_mixed_bal_curv_s0                          lap2  max|CTE|    1.52 ft over   0.0%  steps 1179/1280  PASS

checkpoint                                      laps held  worst |CTE|  % of budget
S_mixed_bal_curv_s0                                 2/3          2.44ft         111%

  -> /home/za/ad-assurance--workspace/formal-verification--steering--code/results/town06/balancing/drive_curv_s0_fog.json
[2026-09-04 20:31:44]     worst 2.44 ft 
[2026-09-04 20:31:44]   drive curv s0 clear: 3 laps

STUDENT VARIANT COMPARISON -- clear, 3 lap(s) each, clean server before every lap
  budget 2.19 ft

  S_mixed_bal_curv_s0                          lap0  max|CTE|    1.06 ft over   0.0%  steps 1179/1280  PASS
  S_mixed_bal_curv_s0                          lap1  max|CTE|    0.52 ft over   0.0%  steps 1179/1280  PASS
  S_mixed_bal_curv_s0                          lap2  max|CTE|    0.95 ft over   0.0%  steps 1179/1280  PASS

checkpoint                                      laps held  worst |CTE|  % of budget
S_mixed_bal_curv_s0                                 3/3          1.06ft          48%

  -> /home/za/ad-assurance--workspace/formal-verification--steering--code/results/town06/balancing/drive_curv_s0_clear.json
[2026-09-04 20:34:42]     worst 1.06 ft 
[2026-09-04 20:34:42] distil S_mixed_bal_curv_s1
[2026-09-04 20:40:04]   KD error: curv s1
S_mixed_bal_curv_s1  (101,888 ReLU)  vs  teacher_mixed_t06lap_dagger_r03
52,180 frames, 67,468 cached teacher targets

condition   frames   KD RMSE      bias  teacher|s|  student|s|  p99 |err|
  --------------------------------------------------------------------------
clear        3,000    0.0140   +0.0006      0.0411      0.0428     0.0426
fog          3,000    0.0194   -0.0020      0.0515      0.0542     0.0584
night        3,000    0.0250   -0.0000      0.0426      0.0449     0.0575
low_sun      3,000    0.0150   +0.0001      0.0313      0.0334     0.0431
shadows      none

  steering tolerance delta_tol = 0.0120 (normalised units), for scale
  wrote /home/za/ad-assurance--workspace/formal-verification--steering--code/results/town06/balancing/kd_curv_s1.json
[2026-09-04 20:40:39]   drive curv s1 fog: 3 laps

STUDENT VARIANT COMPARISON -- fog, 3 lap(s) each, clean server before every lap
  budget 2.19 ft

  S_mixed_bal_curv_s1                          lap0  max|CTE|    1.57 ft over   0.0%  steps 1179/1280  PASS
  S_mixed_bal_curv_s1                          lap1  max|CTE|    1.59 ft over   0.0%  steps 1179/1280  PASS
  S_mixed_bal_curv_s1                          lap2  max|CTE|    1.57 ft over   0.0%  steps 1179/1280  PASS

checkpoint                                      laps held  worst |CTE|  % of budget
S_mixed_bal_curv_s1                                 3/3          1.59ft          73%

  -> /home/za/ad-assurance--workspace/formal-verification--steering--code/results/town06/balancing/drive_curv_s1_fog.json
[2026-09-04 20:43:35]     worst 1.59 ft 
[2026-09-04 20:43:35]   drive curv s1 clear: 3 laps

STUDENT VARIANT COMPARISON -- clear, 3 lap(s) each, clean server before every lap
  budget 2.19 ft

  S_mixed_bal_curv_s1                          lap0  max|CTE|    1.59 ft over   0.0%  steps 1180/1280  PASS
  S_mixed_bal_curv_s1                          lap1  max|CTE|    1.55 ft over   0.0%  steps 1180/1280  PASS
  S_mixed_bal_curv_s1                          lap2  max|CTE|    1.59 ft over   0.0%  steps 1180/1280  PASS

checkpoint                                      laps held  worst |CTE|  % of budget
S_mixed_bal_curv_s1                                 3/3          1.59ft          73%

  -> /home/za/ad-assurance--workspace/formal-verification--steering--code/results/town06/balancing/drive_curv_s1_clear.json
[2026-09-04 20:46:33]     worst 1.59 ft 
[2026-09-04 20:46:33] distil S_mixed_bal_curv_s2
[2026-09-04 20:51:51]   KD error: curv s2
S_mixed_bal_curv_s2  (101,888 ReLU)  vs  teacher_mixed_t06lap_dagger_r03
52,180 frames, 67,468 cached teacher targets

condition   frames   KD RMSE      bias  teacher|s|  student|s|  p99 |err|
  --------------------------------------------------------------------------
clear        3,000    0.0109   +0.0001      0.0411      0.0413     0.0302
fog          3,000    0.0189   -0.0009      0.0515      0.0523     0.0436
night        3,000    0.0212   +0.0013      0.0426      0.0426     0.0419
low_sun      3,000    0.0110   +0.0004      0.0313      0.0314     0.0272
shadows      none

  steering tolerance delta_tol = 0.0120 (normalised units), for scale
  wrote /home/za/ad-assurance--workspace/formal-verification--steering--code/results/town06/balancing/kd_curv_s2.json
[2026-09-04 20:52:27]   drive curv s2 fog: 3 laps

STUDENT VARIANT COMPARISON -- fog, 3 lap(s) each, clean server before every lap
  budget 2.19 ft

  S_mixed_bal_curv_s2                          lap0  max|CTE|    1.96 ft over   0.0%  steps 1179/1280  PASS
  S_mixed_bal_curv_s2                          lap1  max|CTE|    2.25 ft over   0.1%  steps 1179/1280  FAIL
  S_mixed_bal_curv_s2                          lap2  max|CTE|    1.99 ft over   0.0%  steps 1179/1280  PASS

checkpoint                                      laps held  worst |CTE|  % of budget
S_mixed_bal_curv_s2                                 2/3          2.25ft         103%

  -> /home/za/ad-assurance--workspace/formal-verification--steering--code/results/town06/balancing/drive_curv_s2_fog.json
[2026-09-04 20:55:24]     worst 2.25 ft 
[2026-09-04 20:55:24]   drive curv s2 clear: 3 laps

STUDENT VARIANT COMPARISON -- clear, 3 lap(s) each, clean server before every lap
  budget 2.19 ft

  S_mixed_bal_curv_s2                          lap0  max|CTE|    0.97 ft over   0.0%  steps 1179/1280  PASS
  S_mixed_bal_curv_s2                          lap1  max|CTE|    0.95 ft over   0.0%  steps 1179/1280  PASS
  S_mixed_bal_curv_s2                          lap2  max|CTE|    1.05 ft over   0.0%  steps 1179/1280  PASS

checkpoint                                      laps held  worst |CTE|  % of budget
S_mixed_bal_curv_s2                                 3/3          1.05ft          48%

  -> /home/za/ad-assurance--workspace/formal-verification--steering--code/results/town06/balancing/drive_curv_s2_clear.json
[2026-09-04 20:58:22]     worst 1.05 ft 
[2026-09-04 20:58:22] distil S_mixed_bal_curv_s3
[2026-09-04 21:03:45]   KD error: curv s3
S_mixed_bal_curv_s3  (101,888 ReLU)  vs  teacher_mixed_t06lap_dagger_r03
52,180 frames, 67,468 cached teacher targets

condition   frames   KD RMSE      bias  teacher|s|  student|s|  p99 |err|
  --------------------------------------------------------------------------
clear        3,000    0.0111   -0.0004      0.0411      0.0415     0.0332
fog          3,000    0.0204   -0.0013      0.0515      0.0511     0.0597
night        3,000    0.0222   +0.0002      0.0426      0.0422     0.0469
low_sun      3,000    0.0135   +0.0008      0.0313      0.0313     0.0274
shadows      none

  steering tolerance delta_tol = 0.0120 (normalised units), for scale
  wrote /home/za/ad-assurance--workspace/formal-verification--steering--code/results/town06/balancing/kd_curv_s3.json
[2026-09-04 21:04:21]   drive curv s3 fog: 3 laps

STUDENT VARIANT COMPARISON -- fog, 3 lap(s) each, clean server before every lap
  budget 2.19 ft

  S_mixed_bal_curv_s3                          lap0  max|CTE|    1.53 ft over   0.0%  steps 1179/1280  PASS
  S_mixed_bal_curv_s3                          lap1  max|CTE|    1.53 ft over   0.0%  steps 1179/1280  PASS
  S_mixed_bal_curv_s3                          lap2  max|CTE|    1.53 ft over   0.0%  steps 1179/1280  PASS

checkpoint                                      laps held  worst |CTE|  % of budget
S_mixed_bal_curv_s3                                 3/3          1.53ft          70%

  -> /home/za/ad-assurance--workspace/formal-verification--steering--code/results/town06/balancing/drive_curv_s3_fog.json
[2026-09-04 21:07:18]     worst 1.53 ft 
[2026-09-04 21:07:18]   drive curv s3 clear: 3 laps

STUDENT VARIANT COMPARISON -- clear, 3 lap(s) each, clean server before every lap
  budget 2.19 ft

  S_mixed_bal_curv_s3                          lap0  max|CTE|    0.98 ft over   0.0%  steps 1179/1280  PASS
  S_mixed_bal_curv_s3                          lap1  max|CTE|    0.97 ft over   0.0%  steps 1179/1280  PASS
  S_mixed_bal_curv_s3                          lap2  max|CTE|    0.95 ft over   0.0%  steps 1179/1280  PASS

checkpoint                                      laps held  worst |CTE|  % of budget
S_mixed_bal_curv_s3                                 3/3          0.98ft          45%

  -> /home/za/ad-assurance--workspace/formal-verification--steering--code/results/town06/balancing/drive_curv_s3_clear.json
[2026-09-04 21:10:16]     worst 0.98 ft 
[2026-09-04 21:10:16] distil S_mixed_bal_curv_s4
[2026-09-04 21:15:16]   KD error: curv s4
S_mixed_bal_curv_s4  (101,888 ReLU)  vs  teacher_mixed_t06lap_dagger_r03
52,180 frames, 67,468 cached teacher targets

condition   frames   KD RMSE      bias  teacher|s|  student|s|  p99 |err|
  --------------------------------------------------------------------------
clear        3,000    0.0129   -0.0003      0.0411      0.0413     0.0343
fog          3,000    0.0164   +0.0001      0.0515      0.0521     0.0464
night        3,000    0.0239   -0.0007      0.0426      0.0433     0.0500
low_sun      3,000    0.0144   +0.0002      0.0313      0.0312     0.0381
shadows      none

  steering tolerance delta_tol = 0.0120 (normalised units), for scale
  wrote /home/za/ad-assurance--workspace/formal-verification--steering--code/results/town06/balancing/kd_curv_s4.json
[2026-09-04 21:15:52]   drive curv s4 fog: 3 laps

STUDENT VARIANT COMPARISON -- fog, 3 lap(s) each, clean server before every lap
  budget 2.19 ft

  S_mixed_bal_curv_s4                          lap0  max|CTE|    1.22 ft over   0.0%  steps 1179/1280  PASS
  S_mixed_bal_curv_s4                          lap1  max|CTE|    1.10 ft over   0.0%  steps 1179/1280  PASS
  S_mixed_bal_curv_s4                          lap2  max|CTE|    1.29 ft over   0.0%  steps 1179/1280  PASS

checkpoint                                      laps held  worst |CTE|  % of budget
S_mixed_bal_curv_s4                                 3/3          1.29ft          59%

  -> /home/za/ad-assurance--workspace/formal-verification--steering--code/results/town06/balancing/drive_curv_s4_fog.json
[2026-09-04 21:18:48]     worst 1.29 ft 
[2026-09-04 21:18:48]   drive curv s4 clear: 3 laps

STUDENT VARIANT COMPARISON -- clear, 3 lap(s) each, clean server before every lap
  budget 2.19 ft

  S_mixed_bal_curv_s4                          lap0  max|CTE|    1.18 ft over   0.0%  steps 1179/1280  PASS
  S_mixed_bal_curv_s4                          lap1  max|CTE|    1.23 ft over   0.0%  steps 1179/1280  PASS
  S_mixed_bal_curv_s4                          lap2  max|CTE|    1.28 ft over   0.0%  steps 1179/1280  PASS

checkpoint                                      laps held  worst |CTE|  % of budget
S_mixed_bal_curv_s4                                 3/3          1.28ft          58%

  -> /home/za/ad-assurance--workspace/formal-verification--steering--code/results/town06/balancing/drive_curv_s4_clear.json
[2026-09-04 21:21:47]     worst 1.28 ft 
[2026-09-04 21:21:47] distil S_mixed_bal_curv_s5
[2026-09-04 21:25:28]   KD error: curv s5
S_mixed_bal_curv_s5  (101,888 ReLU)  vs  teacher_mixed_t06lap_dagger_r03
52,180 frames, 67,468 cached teacher targets

condition   frames   KD RMSE      bias  teacher|s|  student|s|  p99 |err|
  --------------------------------------------------------------------------
clear        3,000    0.0147   +0.0025      0.0411      0.0430     0.0396
fog          3,000    0.0214   +0.0073      0.0515      0.0571     0.0634
night        3,000    0.0267   +0.0040      0.0426      0.0451     0.0578
low_sun      3,000    0.0141   +0.0043      0.0313      0.0336     0.0418
shadows      none

  steering tolerance delta_tol = 0.0120 (normalised units), for scale
  wrote /home/za/ad-assurance--workspace/formal-verification--steering--code/results/town06/balancing/kd_curv_s5.json
[2026-09-04 21:26:03]   drive curv s5 fog: 3 laps

STUDENT VARIANT COMPARISON -- fog, 3 lap(s) each, clean server before every lap
  budget 2.19 ft

  S_mixed_bal_curv_s5                          lap0  max|CTE|   15.73 ft over   2.4%  steps 1181/1280  FAIL
  S_mixed_bal_curv_s5                          lap1  max|CTE|    8.06 ft over   1.8%  steps 1180/1280  FAIL
  S_mixed_bal_curv_s5                          lap2  max|CTE|    2.81 ft over   0.4%  steps 1179/1280  FAIL

checkpoint                                      laps held  worst |CTE|  % of budget
S_mixed_bal_curv_s5                                 0/3         15.73ft         718%

  -> /home/za/ad-assurance--workspace/formal-verification--steering--code/results/town06/balancing/drive_curv_s5_fog.json
[2026-09-04 21:29:00]     worst 15.73 ft 
[2026-09-04 21:29:00]   drive curv s5 clear: 3 laps

STUDENT VARIANT COMPARISON -- clear, 3 lap(s) each, clean server before every lap
  budget 2.19 ft

  S_mixed_bal_curv_s5                          lap0  max|CTE|   10.22 ft over   3.3%  steps 1180/1280  FAIL
  S_mixed_bal_curv_s5                          lap1  max|CTE|    4.79 ft over   2.0%  steps 1180/1280  FAIL
  S_mixed_bal_curv_s5                          lap2  max|CTE|    5.92 ft over   2.5%  steps 1180/1280  FAIL

checkpoint                                      laps held  worst |CTE|  % of budget
S_mixed_bal_curv_s5                                 0/3         10.22ft         466%

  -> /home/za/ad-assurance--workspace/formal-verification--steering--code/results/town06/balancing/drive_curv_s5_clear.json
[2026-09-04 21:31:59]     worst 10.22 ft 
[2026-09-04 21:31:59] === sweep S_mixed_bal complete ===
