S_mixed_84x28_w3_v2 under 'fog' (exposure shutter=800)
budget 0.668 m (2.19 ft), 6 reps x 2 sections = 12 runs

  rep 0 eastbound  max|CTE|=  2.45 ft over=  0.1%  FAIL
  rep 0 westbound  max|CTE|=  2.44 ft over=  0.3%  FAIL
  rep 1 eastbound  max|CTE|=  3.04 ft over=  0.2%  FAIL
  rep 1 westbound  max|CTE|=  2.71 ft over=  0.5%  FAIL
  rep 2 eastbound  max|CTE|=  3.02 ft over=  0.1%  FAIL
  rep 2 westbound  max|CTE|=  2.70 ft over=  0.6%  FAIL
  rep 3 eastbound  max|CTE|=  3.01 ft over=  0.1%  FAIL
  rep 3 westbound  max|CTE|=  2.89 ft over=  0.4%  FAIL
  rep 4 eastbound  max|CTE|=  1.51 ft over=  0.0%  PASS
  rep 4 westbound  max|CTE|=  2.68 ft over=  0.6%  FAIL
  rep 5 eastbound  max|CTE|=  1.74 ft over=  0.0%  PASS
  rep 5 westbound  max|CTE|=  2.55 ft over=  0.5%  FAIL

================================================================
  failure rate 10/12 = 83.3%   95% Wilson [55.2%, 95.3%]
  verdict: FAIL
  (FAIL when the interval excludes zero -- a rate consistent with zero is
   not evidence of failure, and one bad lap out of ten is not a pass either)
================================================================

wrote /home/za/ad-assurance--workspace/formal-verification--steering--code/results/town04_v2/ledger/fog__S_mixed_84x28_w3_v2__closed_loop.json
  student 'S_mixed_84x28_w3_v2' resolves to 'S_mixed_84x28_w3_v2_dagger_r00' (student DAgger is part of this study's procedure)
  server is 58s old: world is already fresh, skipping reload
S_mixed_84x28_w3_v2 under 'fog' (exposure shutter=800)
budget 0.668 m (2.19 ft), 10 reps x 2 sections = 20 runs

  eastbound rep 0 max|CTE|=  2.19 ft PASS
wrote /home/za/ad-assurance--workspace/formal-verification--steering--code/results/town04_v2/ledger/runs/fog__S_mixed_84x28_w3_v2__eastbound__rep00.json
  student 'S_mixed_84x28_w3_v2' resolves to 'S_mixed_84x28_w3_v2_dagger_r00' (student DAgger is part of this study's procedure)
  server is 57s old: world is already fresh, skipping reload
S_mixed_84x28_w3_v2 under 'fog' (exposure shutter=800)
budget 0.668 m (2.19 ft), 10 reps x 2 sections = 20 runs

  westbound rep 0 max|CTE|=  1.35 ft PASS
wrote /home/za/ad-assurance--workspace/formal-verification--steering--code/results/town04_v2/ledger/runs/fog__S_mixed_84x28_w3_v2__westbound__rep00.json
  student 'S_mixed_84x28_w3_v2' resolves to 'S_mixed_84x28_w3_v2_dagger_r00' (student DAgger is part of this study's procedure)
  server is 59s old: world is already fresh, skipping reload
S_mixed_84x28_w3_v2 under 'fog' (exposure shutter=800)
budget 0.668 m (2.19 ft), 10 reps x 2 sections = 20 runs

  eastbound rep 1 max|CTE|=  2.17 ft PASS
wrote /home/za/ad-assurance--workspace/formal-verification--steering--code/results/town04_v2/ledger/runs/fog__S_mixed_84x28_w3_v2__eastbound__rep01.json
  student 'S_mixed_84x28_w3_v2' resolves to 'S_mixed_84x28_w3_v2_dagger_r00' (student DAgger is part of this study's procedure)
  server is 58s old: world is already fresh, skipping reload
S_mixed_84x28_w3_v2 under 'fog' (exposure shutter=800)
budget 0.668 m (2.19 ft), 10 reps x 2 sections = 20 runs

  westbound rep 1 max|CTE|=  1.29 ft PASS
wrote /home/za/ad-assurance--workspace/formal-verification--steering--code/results/town04_v2/ledger/runs/fog__S_mixed_84x28_w3_v2__westbound__rep01.json
  student 'S_mixed_84x28_w3_v2' resolves to 'S_mixed_84x28_w3_v2_dagger_r00' (student DAgger is part of this study's procedure)
  server is 58s old: world is already fresh, skipping reload
S_mixed_84x28_w3_v2 under 'fog' (exposure shutter=800)
budget 0.668 m (2.19 ft), 10 reps x 2 sections = 20 runs

  eastbound rep 2 max|CTE|=  2.18 ft PASS
wrote /home/za/ad-assurance--workspace/formal-verification--steering--code/results/town04_v2/ledger/runs/fog__S_mixed_84x28_w3_v2__eastbound__rep02.json
  student 'S_mixed_84x28_w3_v2' resolves to 'S_mixed_84x28_w3_v2_dagger_r00' (student DAgger is part of this study's procedure)
  server is 57s old: world is already fresh, skipping reload
S_mixed_84x28_w3_v2 under 'fog' (exposure shutter=800)
budget 0.668 m (2.19 ft), 10 reps x 2 sections = 20 runs

  westbound rep 2 max|CTE|=  1.29 ft PASS
wrote /home/za/ad-assurance--workspace/formal-verification--steering--code/results/town04_v2/ledger/runs/fog__S_mixed_84x28_w3_v2__westbound__rep02.json
  student 'S_mixed_84x28_w3_v2' resolves to 'S_mixed_84x28_w3_v2_dagger_r00' (student DAgger is part of this study's procedure)
  server is 56s old: world is already fresh, skipping reload
S_mixed_84x28_w3_v2 under 'fog' (exposure shutter=800)
budget 0.668 m (2.19 ft), 10 reps x 2 sections = 20 runs

  eastbound rep 3 max|CTE|=  2.19 ft FAIL
wrote /home/za/ad-assurance--workspace/formal-verification--steering--code/results/town04_v2/ledger/runs/fog__S_mixed_84x28_w3_v2__eastbound__rep03.json
  student 'S_mixed_84x28_w3_v2' resolves to 'S_mixed_84x28_w3_v2_dagger_r00' (student DAgger is part of this study's procedure)
  server is 58s old: world is already fresh, skipping reload
S_mixed_84x28_w3_v2 under 'fog' (exposure shutter=800)
budget 0.668 m (2.19 ft), 10 reps x 2 sections = 20 runs

  westbound rep 3 max|CTE|=  1.28 ft PASS
wrote /home/za/ad-assurance--workspace/formal-verification--steering--code/results/town04_v2/ledger/runs/fog__S_mixed_84x28_w3_v2__westbound__rep03.json
  student 'S_mixed_84x28_w3_v2' resolves to 'S_mixed_84x28_w3_v2_dagger_r00' (student DAgger is part of this study's procedure)
  server is 57s old: world is already fresh, skipping reload
S_mixed_84x28_w3_v2 under 'fog' (exposure shutter=800)
budget 0.668 m (2.19 ft), 10 reps x 2 sections = 20 runs

  eastbound rep 4 max|CTE|=  2.15 ft PASS
wrote /home/za/ad-assurance--workspace/formal-verification--steering--code/results/town04_v2/ledger/runs/fog__S_mixed_84x28_w3_v2__eastbound__rep04.json
  student 'S_mixed_84x28_w3_v2' resolves to 'S_mixed_84x28_w3_v2_dagger_r00' (student DAgger is part of this study's procedure)
Traceback (most recent call last):
  File "/home/za/ad-assurance--workspace/formal-verification--steering--code/scripts/closed_loop_ledger.py", line 474, in <module>
    sys.exit(main())
  File "/home/za/ad-assurance--workspace/formal-verification--steering--code/scripts/closed_loop_ledger.py", line 353, in main
    world = env.load_town04(client)
  File "/home/za/ad-assurance--workspace/formal-verification--steering--code/pipeline/carla_env.py", line 74, in load_study_map
    world = client.get_world()
RuntimeError: time-out of 120000ms while waiting for the simulator, make sure the simulator is ready and connected to 127.0.0.1:3000
  student 'S_mixed_84x28_w3_v2' resolves to 'S_mixed_84x28_w3_v2_dagger_r00' (student DAgger is part of this study's procedure)
  server is 53s old: world is already fresh, skipping reload
S_mixed_84x28_w3_v2 under 'fog' (exposure shutter=800)
budget 0.668 m (2.19 ft), 10 reps x 2 sections = 20 runs

  westbound rep 4 max|CTE|=  1.29 ft PASS
wrote /home/za/ad-assurance--workspace/formal-verification--steering--code/results/town04_v2/ledger/runs/fog__S_mixed_84x28_w3_v2__westbound__rep04.json
  student 'S_mixed_84x28_w3_v2' resolves to 'S_mixed_84x28_w3_v2_dagger_r00' (student DAgger is part of this study's procedure)
  server is 51s old: world is already fresh, skipping reload
S_mixed_84x28_w3_v2 under 'fog' (exposure shutter=800)
budget 0.668 m (2.19 ft), 10 reps x 2 sections = 20 runs

  eastbound rep 5 max|CTE|=  2.12 ft PASS
wrote /home/za/ad-assurance--workspace/formal-verification--steering--code/results/town04_v2/ledger/runs/fog__S_mixed_84x28_w3_v2__eastbound__rep05.json
  student 'S_mixed_84x28_w3_v2' resolves to 'S_mixed_84x28_w3_v2_dagger_r00' (student DAgger is part of this study's procedure)
  server is 52s old: world is already fresh, skipping reload
S_mixed_84x28_w3_v2 under 'fog' (exposure shutter=800)
budget 0.668 m (2.19 ft), 10 reps x 2 sections = 20 runs

  westbound rep 5 max|CTE|=  1.25 ft PASS
wrote /home/za/ad-assurance--workspace/formal-verification--steering--code/results/town04_v2/ledger/runs/fog__S_mixed_84x28_w3_v2__westbound__rep05.json
  fog/S_mixed_84x28_w3_v2: 1/12 = 8.3% Wilson [1.5%, 35.4%] -> FAIL
  wrote /home/za/ad-assurance--workspace/formal-verification--steering--code/results/town04_v2/ledger/fog__S_mixed_84x28_w3_v2__closed_loop.json
  student 'S_mixed_84x28_w3_v2' resolves to 'S_mixed_84x28_w3_v2_dagger_r00' (student DAgger is part of this study's procedure)
  server is 52s old: world is already fresh, skipping reload
S_mixed_84x28_w3_v2 under 'fog' (exposure shutter=800)
budget 0.668 m (2.19 ft), 10 reps x 2 sections = 20 runs

  eastbound rep 0 max|CTE|=  0.40 ft PASS
wrote /home/za/ad-assurance--workspace/formal-verification--steering--code/results/town04_v2/ledger/runs/fog__S_mixed_84x28_w3_v2__eastbound__rep00.json
  student 'S_mixed_84x28_w3_v2' resolves to 'S_mixed_84x28_w3_v2_dagger_r00' (student DAgger is part of this study's procedure)
  server is 52s old: world is already fresh, skipping reload
S_mixed_84x28_w3_v2 under 'fog' (exposure shutter=800)
budget 0.668 m (2.19 ft), 10 reps x 2 sections = 20 runs

  westbound rep 0 max|CTE|=  0.28 ft PASS
wrote /home/za/ad-assurance--workspace/formal-verification--steering--code/results/town04_v2/ledger/runs/fog__S_mixed_84x28_w3_v2__westbound__rep00.json
  student 'S_mixed_84x28_w3_v2' resolves to 'S_mixed_84x28_w3_v2_dagger_r00' (student DAgger is part of this study's procedure)
  server is 52s old: world is already fresh, skipping reload
S_mixed_84x28_w3_v2 under 'fog' (exposure shutter=800)
budget 0.668 m (2.19 ft), 10 reps x 2 sections = 20 runs

  eastbound rep 1 max|CTE|=  0.39 ft PASS
wrote /home/za/ad-assurance--workspace/formal-verification--steering--code/results/town04_v2/ledger/runs/fog__S_mixed_84x28_w3_v2__eastbound__rep01.json
  student 'S_mixed_84x28_w3_v2' resolves to 'S_mixed_84x28_w3_v2_dagger_r00' (student DAgger is part of this study's procedure)
  server is 52s old: world is already fresh, skipping reload
S_mixed_84x28_w3_v2 under 'fog' (exposure shutter=800)
budget 0.668 m (2.19 ft), 10 reps x 2 sections = 20 runs

  westbound rep 1 max|CTE|=  0.27 ft PASS
wrote /home/za/ad-assurance--workspace/formal-verification--steering--code/results/town04_v2/ledger/runs/fog__S_mixed_84x28_w3_v2__westbound__rep01.json
  student 'S_mixed_84x28_w3_v2' resolves to 'S_mixed_84x28_w3_v2_dagger_r00' (student DAgger is part of this study's procedure)
  server is 53s old: world is already fresh, skipping reload
S_mixed_84x28_w3_v2 under 'fog' (exposure shutter=800)
budget 0.668 m (2.19 ft), 10 reps x 2 sections = 20 runs

  eastbound rep 2 max|CTE|=  0.40 ft PASS
wrote /home/za/ad-assurance--workspace/formal-verification--steering--code/results/town04_v2/ledger/runs/fog__S_mixed_84x28_w3_v2__eastbound__rep02.json
  student 'S_mixed_84x28_w3_v2' resolves to 'S_mixed_84x28_w3_v2_dagger_r00' (student DAgger is part of this study's procedure)
  server is 52s old: world is already fresh, skipping reload
S_mixed_84x28_w3_v2 under 'fog' (exposure shutter=800)
budget 0.668 m (2.19 ft), 10 reps x 2 sections = 20 runs

  westbound rep 2 max|CTE|=  0.26 ft PASS
wrote /home/za/ad-assurance--workspace/formal-verification--steering--code/results/town04_v2/ledger/runs/fog__S_mixed_84x28_w3_v2__westbound__rep02.json
  fog/S_mixed_84x28_w3_v2: 0/6 = 0.0% Wilson [0.0%, 39.0%] -> PASS
  wrote /home/za/ad-assurance--workspace/formal-verification--steering--code/results/town04_v2/ledger/fog__S_mixed_84x28_w3_v2__closed_loop.json
