[2026-09-05 12:13:00] === Q6 variance decomposition: arms [init data both f50 f25], seeds [0 1 2 3 4 5 6 7], lr 3e-4, no CARLA ===
[2026-09-05 12:13:00] --- arm init ---
S_q6_init_s0  (101,888 ReLU)  vs  teacher_mixed_t06lap_dagger_r03
52,180 frames, 67,468 cached teacher targets

condition   frames   KD RMSE      bias  teacher|s|  student|s|  p99 |err|
  --------------------------------------------------------------------------
clear        3,000    0.0146   -0.0018      0.0411      0.0395     0.0570
fog          3,000    0.0228   -0.0009      0.0515      0.0464     0.1064
night        3,000    0.0259   +0.0012      0.0426      0.0391     0.0889
low_sun      3,000    0.0169   -0.0024      0.0313      0.0291     0.0509
shadows      none

  steering tolerance delta_tol = 0.0120 (normalised units), for scale
  wrote /home/za/ad-assurance--workspace/formal-verification--steering--code/results/town06/variance/kd_init_s0.json
[2026-09-05 12:13:34]   init s0 fog p99 0.1064
[2026-09-05 12:13:34] distil S_q6_init_s1  [DISTILL_INIT_SEED=1 DISTILL_DATA_SEED=0 DISTILL_TRAIN_FRAC=1.0]
S_q6_init_s1  (101,888 ReLU)  vs  teacher_mixed_t06lap_dagger_r03
52,180 frames, 67,468 cached teacher targets

condition   frames   KD RMSE      bias  teacher|s|  student|s|  p99 |err|
  --------------------------------------------------------------------------
clear        3,000    0.0161   -0.0014      0.0411      0.0383     0.0615
fog          3,000    0.0243   +0.0008      0.0515      0.0467     0.1012
night        3,000    0.0273   +0.0021      0.0426      0.0378     0.1096
low_sun      3,000    0.0179   -0.0004      0.0313      0.0282     0.0610
shadows      none

  steering tolerance delta_tol = 0.0120 (normalised units), for scale
  wrote /home/za/ad-assurance--workspace/formal-verification--steering--code/results/town06/variance/kd_init_s1.json
[2026-09-05 12:15:46]   init s1 fog p99 0.1012
[2026-09-05 12:15:46] distil S_q6_init_s2  [DISTILL_INIT_SEED=2 DISTILL_DATA_SEED=0 DISTILL_TRAIN_FRAC=1.0]
S_q6_init_s2  (101,888 ReLU)  vs  teacher_mixed_t06lap_dagger_r03
52,180 frames, 67,468 cached teacher targets

condition   frames   KD RMSE      bias  teacher|s|  student|s|  p99 |err|
  --------------------------------------------------------------------------
clear        3,000    0.0127   -0.0008      0.0411      0.0382     0.0532
fog          3,000    0.0161   +0.0011      0.0515      0.0498     0.0636
night        3,000    0.0243   -0.0044      0.0426      0.0396     0.0650
low_sun      3,000    0.0118   -0.0010      0.0313      0.0297     0.0418
shadows      none

  steering tolerance delta_tol = 0.0120 (normalised units), for scale
  wrote /home/za/ad-assurance--workspace/formal-verification--steering--code/results/town06/variance/kd_init_s2.json
[2026-09-05 12:18:30]   init s2 fog p99 0.0636
[2026-09-05 12:18:30] distil S_q6_init_s3  [DISTILL_INIT_SEED=3 DISTILL_DATA_SEED=0 DISTILL_TRAIN_FRAC=1.0]
S_q6_init_s3  (101,888 ReLU)  vs  teacher_mixed_t06lap_dagger_r03
52,180 frames, 67,468 cached teacher targets

condition   frames   KD RMSE      bias  teacher|s|  student|s|  p99 |err|
  --------------------------------------------------------------------------
clear        3,000    0.0154   -0.0004      0.0411      0.0409     0.0672
fog          3,000    0.0217   +0.0002      0.0515      0.0498     0.0839
night        3,000    0.0273   +0.0043      0.0426      0.0413     0.1067
low_sun      3,000    0.0175   +0.0001      0.0313      0.0307     0.0580
shadows      none

  steering tolerance delta_tol = 0.0120 (normalised units), for scale
  wrote /home/za/ad-assurance--workspace/formal-verification--steering--code/results/town06/variance/kd_init_s3.json
[2026-09-05 12:20:31]   init s3 fog p99 0.0839
[2026-09-05 12:20:31] distil S_q6_init_s4  [DISTILL_INIT_SEED=4 DISTILL_DATA_SEED=0 DISTILL_TRAIN_FRAC=1.0]
S_q6_init_s4  (101,888 ReLU)  vs  teacher_mixed_t06lap_dagger_r03
52,180 frames, 67,468 cached teacher targets

condition   frames   KD RMSE      bias  teacher|s|  student|s|  p99 |err|
  --------------------------------------------------------------------------
clear        3,000    0.0145   +0.0003      0.0411      0.0404     0.0527
fog          3,000    0.0199   +0.0028      0.0515      0.0508     0.0716
night        3,000    0.0231   +0.0015      0.0426      0.0396     0.0703
low_sun      3,000    0.0178   +0.0016      0.0313      0.0297     0.0549
shadows      none

  steering tolerance delta_tol = 0.0120 (normalised units), for scale
  wrote /home/za/ad-assurance--workspace/formal-verification--steering--code/results/town06/variance/kd_init_s4.json
[2026-09-05 12:22:57]   init s4 fog p99 0.0716
[2026-09-05 12:22:57] distil S_q6_init_s5  [DISTILL_INIT_SEED=5 DISTILL_DATA_SEED=0 DISTILL_TRAIN_FRAC=1.0]
S_q6_init_s5  (101,888 ReLU)  vs  teacher_mixed_t06lap_dagger_r03
52,180 frames, 67,468 cached teacher targets

condition   frames   KD RMSE      bias  teacher|s|  student|s|  p99 |err|
  --------------------------------------------------------------------------
clear        3,000    0.0159   +0.0019      0.0411      0.0427     0.0584
fog          3,000    0.0228   -0.0015      0.0515      0.0502     0.0953
night        3,000    0.0262   +0.0024      0.0426      0.0425     0.0849
low_sun      3,000    0.0142   +0.0019      0.0313      0.0327     0.0487
shadows      none

  steering tolerance delta_tol = 0.0120 (normalised units), for scale
  wrote /home/za/ad-assurance--workspace/formal-verification--steering--code/results/town06/variance/kd_init_s5.json
[2026-09-05 12:25:42]   init s5 fog p99 0.0953
[2026-09-05 12:25:42] distil S_q6_init_s6  [DISTILL_INIT_SEED=6 DISTILL_DATA_SEED=0 DISTILL_TRAIN_FRAC=1.0]
S_q6_init_s6  (101,888 ReLU)  vs  teacher_mixed_t06lap_dagger_r03
52,180 frames, 67,468 cached teacher targets

condition   frames   KD RMSE      bias  teacher|s|  student|s|  p99 |err|
  --------------------------------------------------------------------------
clear        3,000    0.0106   +0.0002      0.0411      0.0403     0.0335
fog          3,000    0.0190   -0.0024      0.0515      0.0498     0.0699
night        3,000    0.0203   -0.0006      0.0426      0.0403     0.0521
low_sun      3,000    0.0130   +0.0011      0.0313      0.0298     0.0361
shadows      none

  steering tolerance delta_tol = 0.0120 (normalised units), for scale
  wrote /home/za/ad-assurance--workspace/formal-verification--steering--code/results/town06/variance/kd_init_s6.json
[2026-09-05 12:28:12]   init s6 fog p99 0.0699
[2026-09-05 12:28:12] distil S_q6_init_s7  [DISTILL_INIT_SEED=7 DISTILL_DATA_SEED=0 DISTILL_TRAIN_FRAC=1.0]
S_q6_init_s7  (101,888 ReLU)  vs  teacher_mixed_t06lap_dagger_r03
52,180 frames, 67,468 cached teacher targets

condition   frames   KD RMSE      bias  teacher|s|  student|s|  p99 |err|
  --------------------------------------------------------------------------
clear        3,000    0.0125   -0.0011      0.0411      0.0398     0.0342
fog          3,000    0.0171   +0.0003      0.0515      0.0493     0.0581
night        3,000    0.0215   +0.0002      0.0426      0.0401     0.0503
low_sun      3,000    0.0157   -0.0002      0.0313      0.0294     0.0326
shadows      none

  steering tolerance delta_tol = 0.0120 (normalised units), for scale
  wrote /home/za/ad-assurance--workspace/formal-verification--steering--code/results/town06/variance/kd_init_s7.json
[2026-09-05 12:30:53]   init s7 fog p99 0.0581
[2026-09-05 12:30:53] --- arm data ---
[2026-09-05 12:30:53] distil S_q6_data_s0  [DISTILL_INIT_SEED=0 DISTILL_DATA_SEED=0 DISTILL_TRAIN_FRAC=1.0]
S_q6_data_s0  (101,888 ReLU)  vs  teacher_mixed_t06lap_dagger_r03
52,180 frames, 67,468 cached teacher targets

condition   frames   KD RMSE      bias  teacher|s|  student|s|  p99 |err|
  --------------------------------------------------------------------------
clear        3,000    0.0146   -0.0018      0.0411      0.0395     0.0570
fog          3,000    0.0228   -0.0009      0.0515      0.0464     0.1064
night        3,000    0.0259   +0.0012      0.0426      0.0391     0.0889
low_sun      3,000    0.0169   -0.0024      0.0313      0.0291     0.0509
shadows      none

  steering tolerance delta_tol = 0.0120 (normalised units), for scale
  wrote /home/za/ad-assurance--workspace/formal-verification--steering--code/results/town06/variance/kd_data_s0.json
[2026-09-05 12:33:03]   data s0 fog p99 0.1064
[2026-09-05 12:33:03] distil S_q6_data_s1  [DISTILL_INIT_SEED=0 DISTILL_DATA_SEED=1 DISTILL_TRAIN_FRAC=1.0]
S_q6_data_s1  (101,888 ReLU)  vs  teacher_mixed_t06lap_dagger_r03
52,180 frames, 67,468 cached teacher targets

condition   frames   KD RMSE      bias  teacher|s|  student|s|  p99 |err|
  --------------------------------------------------------------------------
clear        3,000    0.0115   +0.0005      0.0411      0.0400     0.0353
fog          3,000    0.0147   +0.0012      0.0515      0.0492     0.0559
night        3,000    0.0223   +0.0008      0.0426      0.0395     0.0512
low_sun      3,000    0.0142   +0.0013      0.0313      0.0295     0.0329
shadows      none

  steering tolerance delta_tol = 0.0120 (normalised units), for scale
  wrote /home/za/ad-assurance--workspace/formal-verification--steering--code/results/town06/variance/kd_data_s1.json
[2026-09-05 12:35:33]   data s1 fog p99 0.0559
[2026-09-05 12:35:33] distil S_q6_data_s2  [DISTILL_INIT_SEED=0 DISTILL_DATA_SEED=2 DISTILL_TRAIN_FRAC=1.0]
S_q6_data_s2  (101,888 ReLU)  vs  teacher_mixed_t06lap_dagger_r03
52,180 frames, 67,468 cached teacher targets

condition   frames   KD RMSE      bias  teacher|s|  student|s|  p99 |err|
  --------------------------------------------------------------------------
clear        3,000    0.0131   -0.0002      0.0411      0.0402     0.0514
fog          3,000    0.0203   -0.0019      0.0515      0.0493     0.0775
night        3,000    0.0257   -0.0026      0.0426      0.0403     0.0604
low_sun      3,000    0.0164   -0.0017      0.0313      0.0303     0.0512
shadows      none

  steering tolerance delta_tol = 0.0120 (normalised units), for scale
  wrote /home/za/ad-assurance--workspace/formal-verification--steering--code/results/town06/variance/kd_data_s2.json
[2026-09-05 12:37:40]   data s2 fog p99 0.0775
[2026-09-05 12:37:40] distil S_q6_data_s3  [DISTILL_INIT_SEED=0 DISTILL_DATA_SEED=3 DISTILL_TRAIN_FRAC=1.0]
S_q6_data_s3  (101,888 ReLU)  vs  teacher_mixed_t06lap_dagger_r03
52,180 frames, 67,468 cached teacher targets

condition   frames   KD RMSE      bias  teacher|s|  student|s|  p99 |err|
  --------------------------------------------------------------------------
clear        3,000    0.0137   +0.0016      0.0411      0.0396     0.0568
fog          3,000    0.0209   +0.0027      0.0515      0.0498     0.0797
night        3,000    0.0230   +0.0015      0.0426      0.0409     0.0699
low_sun      3,000    0.0157   +0.0016      0.0313      0.0306     0.0455
shadows      none

  steering tolerance delta_tol = 0.0120 (normalised units), for scale
  wrote /home/za/ad-assurance--workspace/formal-verification--steering--code/results/town06/variance/kd_data_s3.json
[2026-09-05 12:39:54]   data s3 fog p99 0.0797
[2026-09-05 12:39:54] distil S_q6_data_s4  [DISTILL_INIT_SEED=0 DISTILL_DATA_SEED=4 DISTILL_TRAIN_FRAC=1.0]
S_q6_data_s4  (101,888 ReLU)  vs  teacher_mixed_t06lap_dagger_r03
52,180 frames, 67,468 cached teacher targets

condition   frames   KD RMSE      bias  teacher|s|  student|s|  p99 |err|
  --------------------------------------------------------------------------
clear        3,000    0.0187   +0.0013      0.0411      0.0419     0.0837
fog          3,000    0.0225   +0.0042      0.0515      0.0498     0.1015
night        3,000    0.0280   +0.0053      0.0426      0.0415     0.1050
low_sun      3,000    0.0195   +0.0036      0.0313      0.0306     0.0844
shadows      none

  steering tolerance delta_tol = 0.0120 (normalised units), for scale
  wrote /home/za/ad-assurance--workspace/formal-verification--steering--code/results/town06/variance/kd_data_s4.json
[2026-09-05 12:41:59]   data s4 fog p99 0.1015
[2026-09-05 12:41:59] distil S_q6_data_s5  [DISTILL_INIT_SEED=0 DISTILL_DATA_SEED=5 DISTILL_TRAIN_FRAC=1.0]
S_q6_data_s5  (101,888 ReLU)  vs  teacher_mixed_t06lap_dagger_r03
52,180 frames, 67,468 cached teacher targets

condition   frames   KD RMSE      bias  teacher|s|  student|s|  p99 |err|
  --------------------------------------------------------------------------
clear        3,000    0.0106   -0.0008      0.0411      0.0396     0.0356
fog          3,000    0.0133   +0.0001      0.0515      0.0504     0.0535
night        3,000    0.0217   -0.0022      0.0426      0.0406     0.0520
low_sun      3,000    0.0105   -0.0009      0.0313      0.0300     0.0278
shadows      none

  steering tolerance delta_tol = 0.0120 (normalised units), for scale
  wrote /home/za/ad-assurance--workspace/formal-verification--steering--code/results/town06/variance/kd_data_s5.json
[2026-09-05 12:44:57]   data s5 fog p99 0.0535
[2026-09-05 12:44:57] distil S_q6_data_s6  [DISTILL_INIT_SEED=0 DISTILL_DATA_SEED=6 DISTILL_TRAIN_FRAC=1.0]
S_q6_data_s6  (101,888 ReLU)  vs  teacher_mixed_t06lap_dagger_r03
52,180 frames, 67,468 cached teacher targets

condition   frames   KD RMSE      bias  teacher|s|  student|s|  p99 |err|
  --------------------------------------------------------------------------
clear        3,000    0.0120   -0.0010      0.0411      0.0408     0.0419
fog          3,000    0.0178   +0.0023      0.0515      0.0516     0.0721
night        3,000    0.0228   -0.0021      0.0426      0.0403     0.0612
low_sun      3,000    0.0130   -0.0007      0.0313      0.0304     0.0346
shadows      none

  steering tolerance delta_tol = 0.0120 (normalised units), for scale
  wrote /home/za/ad-assurance--workspace/formal-verification--steering--code/results/town06/variance/kd_data_s6.json
[2026-09-05 12:47:16]   data s6 fog p99 0.0721
[2026-09-05 12:47:16] distil S_q6_data_s7  [DISTILL_INIT_SEED=0 DISTILL_DATA_SEED=7 DISTILL_TRAIN_FRAC=1.0]
S_q6_data_s7  (101,888 ReLU)  vs  teacher_mixed_t06lap_dagger_r03
52,180 frames, 67,468 cached teacher targets

condition   frames   KD RMSE      bias  teacher|s|  student|s|  p99 |err|
  --------------------------------------------------------------------------
clear        3,000    0.0166   -0.0036      0.0411      0.0390     0.0634
fog          3,000    0.0231   -0.0040      0.0515      0.0497     0.0946
night        3,000    0.0250   -0.0027      0.0426      0.0410     0.0808
low_sun      3,000    0.0168   -0.0016      0.0313      0.0292     0.0609
shadows      none

  steering tolerance delta_tol = 0.0120 (normalised units), for scale
  wrote /home/za/ad-assurance--workspace/formal-verification--steering--code/results/town06/variance/kd_data_s7.json
[2026-09-05 12:49:24]   data s7 fog p99 0.0946
[2026-09-05 12:49:24] --- arm both ---
[2026-09-05 12:49:24] distil S_q6_both_s0  [DISTILL_INIT_SEED=0 DISTILL_DATA_SEED=0 DISTILL_TRAIN_FRAC=1.0]
S_q6_both_s0  (101,888 ReLU)  vs  teacher_mixed_t06lap_dagger_r03
52,180 frames, 67,468 cached teacher targets

condition   frames   KD RMSE      bias  teacher|s|  student|s|  p99 |err|
  --------------------------------------------------------------------------
clear        3,000    0.0146   -0.0018      0.0411      0.0395     0.0570
fog          3,000    0.0228   -0.0009      0.0515      0.0464     0.1064
night        3,000    0.0259   +0.0012      0.0426      0.0391     0.0889
low_sun      3,000    0.0169   -0.0024      0.0313      0.0291     0.0509
shadows      none

  steering tolerance delta_tol = 0.0120 (normalised units), for scale
  wrote /home/za/ad-assurance--workspace/formal-verification--steering--code/results/town06/variance/kd_both_s0.json
[2026-09-05 12:51:34]   both s0 fog p99 0.1064
[2026-09-05 12:51:34] distil S_q6_both_s1  [DISTILL_INIT_SEED=1 DISTILL_DATA_SEED=1 DISTILL_TRAIN_FRAC=1.0]
S_q6_both_s1  (101,888 ReLU)  vs  teacher_mixed_t06lap_dagger_r03
52,180 frames, 67,468 cached teacher targets

condition   frames   KD RMSE      bias  teacher|s|  student|s|  p99 |err|
  --------------------------------------------------------------------------
clear        3,000    0.0134   -0.0018      0.0411      0.0409     0.0496
fog          3,000    0.0203   +0.0001      0.0515      0.0489     0.0831
night        3,000    0.0251   -0.0018      0.0426      0.0400     0.0754
low_sun      3,000    0.0152   -0.0009      0.0313      0.0303     0.0456
shadows      none

  steering tolerance delta_tol = 0.0120 (normalised units), for scale
  wrote /home/za/ad-assurance--workspace/formal-verification--steering--code/results/town06/variance/kd_both_s1.json
[2026-09-05 12:53:41]   both s1 fog p99 0.0831
[2026-09-05 12:53:41] distil S_q6_both_s2  [DISTILL_INIT_SEED=2 DISTILL_DATA_SEED=2 DISTILL_TRAIN_FRAC=1.0]
S_q6_both_s2  (101,888 ReLU)  vs  teacher_mixed_t06lap_dagger_r03
52,180 frames, 67,468 cached teacher targets

condition   frames   KD RMSE      bias  teacher|s|  student|s|  p99 |err|
  --------------------------------------------------------------------------
clear        3,000    0.0120   -0.0003      0.0411      0.0395     0.0432
fog          3,000    0.0174   -0.0014      0.0515      0.0496     0.0651
night        3,000    0.0253   +0.0028      0.0426      0.0411     0.0667
low_sun      3,000    0.0113   -0.0003      0.0313      0.0299     0.0397
shadows      none

  steering tolerance delta_tol = 0.0120 (normalised units), for scale
  wrote /home/za/ad-assurance--workspace/formal-verification--steering--code/results/town06/variance/kd_both_s2.json
[2026-09-05 12:56:08]   both s2 fog p99 0.0651
[2026-09-05 12:56:08] distil S_q6_both_s3  [DISTILL_INIT_SEED=3 DISTILL_DATA_SEED=3 DISTILL_TRAIN_FRAC=1.0]
S_q6_both_s3  (101,888 ReLU)  vs  teacher_mixed_t06lap_dagger_r03
52,180 frames, 67,468 cached teacher targets

condition   frames   KD RMSE      bias  teacher|s|  student|s|  p99 |err|
  --------------------------------------------------------------------------
clear        3,000    0.0118   -0.0011      0.0411      0.0398     0.0334
fog          3,000    0.0125   -0.0004      0.0515      0.0501     0.0469
night        3,000    0.0226   -0.0018      0.0426      0.0399     0.0473
low_sun      3,000    0.0098   -0.0018      0.0313      0.0299     0.0275
shadows      none

  steering tolerance delta_tol = 0.0120 (normalised units), for scale
  wrote /home/za/ad-assurance--workspace/formal-verification--steering--code/results/town06/variance/kd_both_s3.json
[2026-09-05 12:59:39]   both s3 fog p99 0.0469
[2026-09-05 12:59:39] distil S_q6_both_s4  [DISTILL_INIT_SEED=4 DISTILL_DATA_SEED=4 DISTILL_TRAIN_FRAC=1.0]
S_q6_both_s4  (101,888 ReLU)  vs  teacher_mixed_t06lap_dagger_r03
52,180 frames, 67,468 cached teacher targets

condition   frames   KD RMSE      bias  teacher|s|  student|s|  p99 |err|
  --------------------------------------------------------------------------
clear        3,000    0.0202   -0.0042      0.0411      0.0449     0.0771
fog          3,000    0.0280   +0.0051      0.0515      0.0520     0.1088
night        3,000    0.0288   +0.0018      0.0426      0.0393     0.1010
low_sun      3,000    0.0209   -0.0010      0.0313      0.0326     0.0730
shadows      none

  steering tolerance delta_tol = 0.0120 (normalised units), for scale
  wrote /home/za/ad-assurance--workspace/formal-verification--steering--code/results/town06/variance/kd_both_s4.json
[2026-09-05 13:02:02]   both s4 fog p99 0.1088
[2026-09-05 13:02:02] distil S_q6_both_s5  [DISTILL_INIT_SEED=5 DISTILL_DATA_SEED=5 DISTILL_TRAIN_FRAC=1.0]
S_q6_both_s5  (101,888 ReLU)  vs  teacher_mixed_t06lap_dagger_r03
52,180 frames, 67,468 cached teacher targets

condition   frames   KD RMSE      bias  teacher|s|  student|s|  p99 |err|
  --------------------------------------------------------------------------
clear        3,000    0.0125   -0.0010      0.0411      0.0410     0.0394
fog          3,000    0.0157   -0.0028      0.0515      0.0505     0.0572
night        3,000    0.0221   +0.0009      0.0426      0.0412     0.0557
low_sun      3,000    0.0096   -0.0012      0.0313      0.0314     0.0319
shadows      none

  steering tolerance delta_tol = 0.0120 (normalised units), for scale
  wrote /home/za/ad-assurance--workspace/formal-verification--steering--code/results/town06/variance/kd_both_s5.json
[2026-09-05 13:05:38]   both s5 fog p99 0.0572
[2026-09-05 13:05:38] distil S_q6_both_s6  [DISTILL_INIT_SEED=6 DISTILL_DATA_SEED=6 DISTILL_TRAIN_FRAC=1.0]
S_q6_both_s6  (101,888 ReLU)  vs  teacher_mixed_t06lap_dagger_r03
52,180 frames, 67,468 cached teacher targets

condition   frames   KD RMSE      bias  teacher|s|  student|s|  p99 |err|
  --------------------------------------------------------------------------
clear        3,000    0.0132   +0.0021      0.0411      0.0404     0.0494
fog          3,000    0.0195   +0.0004      0.0515      0.0490     0.0754
night        3,000    0.0230   +0.0001      0.0426      0.0400     0.0769
low_sun      3,000    0.0126   +0.0025      0.0313      0.0291     0.0450
shadows      none

  steering tolerance delta_tol = 0.0120 (normalised units), for scale
  wrote /home/za/ad-assurance--workspace/formal-verification--steering--code/results/town06/variance/kd_both_s6.json
[2026-09-05 13:07:54]   both s6 fog p99 0.0754
[2026-09-05 13:07:54] distil S_q6_both_s7  [DISTILL_INIT_SEED=7 DISTILL_DATA_SEED=7 DISTILL_TRAIN_FRAC=1.0]
S_q6_both_s7  (101,888 ReLU)  vs  teacher_mixed_t06lap_dagger_r03
52,180 frames, 67,468 cached teacher targets

condition   frames   KD RMSE      bias  teacher|s|  student|s|  p99 |err|
  --------------------------------------------------------------------------
clear        3,000    0.0167   +0.0010      0.0411      0.0418     0.0661
fog          3,000    0.0225   +0.0021      0.0515      0.0500     0.0872
night        3,000    0.0260   +0.0043      0.0426      0.0411     0.0870
low_sun      3,000    0.0180   +0.0048      0.0313      0.0311     0.0679
shadows      none

  steering tolerance delta_tol = 0.0120 (normalised units), for scale
  wrote /home/za/ad-assurance--workspace/formal-verification--steering--code/results/town06/variance/kd_both_s7.json
[2026-09-05 13:10:22]   both s7 fog p99 0.0872
[2026-09-05 13:10:22] --- arm f50 ---
[2026-09-05 13:10:22] distil S_q6_f50_s0  [DISTILL_INIT_SEED=0 DISTILL_DATA_SEED=0 DISTILL_TRAIN_FRAC=0.5]
S_q6_f50_s0  (101,888 ReLU)  vs  teacher_mixed_t06lap_dagger_r03
52,180 frames, 67,468 cached teacher targets

condition   frames   KD RMSE      bias  teacher|s|  student|s|  p99 |err|
  --------------------------------------------------------------------------
clear        3,000    0.0185   -0.0002      0.0411      0.0404     0.0873
fog          3,000    0.0290   +0.0004      0.0515      0.0507     0.1394
night        3,000    0.0311   -0.0006      0.0426      0.0389     0.1121
low_sun      3,000    0.0201   +0.0007      0.0313      0.0299     0.0770
shadows      none

  steering tolerance delta_tol = 0.0120 (normalised units), for scale
  wrote /home/za/ad-assurance--workspace/formal-verification--steering--code/results/town06/variance/kd_f50_s0.json
[2026-09-05 13:12:14]   f50 s0 fog p99 0.1394
[2026-09-05 13:12:14] distil S_q6_f50_s1  [DISTILL_INIT_SEED=1 DISTILL_DATA_SEED=1 DISTILL_TRAIN_FRAC=0.5]
S_q6_f50_s1  (101,888 ReLU)  vs  teacher_mixed_t06lap_dagger_r03
52,180 frames, 67,468 cached teacher targets

condition   frames   KD RMSE      bias  teacher|s|  student|s|  p99 |err|
  --------------------------------------------------------------------------
clear        3,000    0.0191   +0.0025      0.0411      0.0398     0.0800
fog          3,000    0.0315   +0.0023      0.0515      0.0480     0.1424
night        3,000    0.0327   +0.0027      0.0426      0.0396     0.1357
low_sun      3,000    0.0250   +0.0035      0.0313      0.0297     0.0794
shadows      none

  steering tolerance delta_tol = 0.0120 (normalised units), for scale
  wrote /home/za/ad-assurance--workspace/formal-verification--steering--code/results/town06/variance/kd_f50_s1.json
[2026-09-05 13:14:06]   f50 s1 fog p99 0.1424
[2026-09-05 13:14:06] distil S_q6_f50_s2  [DISTILL_INIT_SEED=2 DISTILL_DATA_SEED=2 DISTILL_TRAIN_FRAC=0.5]
S_q6_f50_s2  (101,888 ReLU)  vs  teacher_mixed_t06lap_dagger_r03
52,180 frames, 67,468 cached teacher targets

condition   frames   KD RMSE      bias  teacher|s|  student|s|  p99 |err|
  --------------------------------------------------------------------------
clear        3,000    0.0210   +0.0049      0.0411      0.0412     0.0784
fog          3,000    0.0280   +0.0047      0.0515      0.0509     0.1248
night        3,000    0.0306   +0.0064      0.0426      0.0417     0.1236
low_sun      3,000    0.0218   +0.0062      0.0313      0.0314     0.0762
shadows      none

  steering tolerance delta_tol = 0.0120 (normalised units), for scale
  wrote /home/za/ad-assurance--workspace/formal-verification--steering--code/results/town06/variance/kd_f50_s2.json
[2026-09-05 13:16:01]   f50 s2 fog p99 0.1248
[2026-09-05 13:16:01] distil S_q6_f50_s3  [DISTILL_INIT_SEED=3 DISTILL_DATA_SEED=3 DISTILL_TRAIN_FRAC=0.5]
S_q6_f50_s3  (101,888 ReLU)  vs  teacher_mixed_t06lap_dagger_r03
52,180 frames, 67,468 cached teacher targets

condition   frames   KD RMSE      bias  teacher|s|  student|s|  p99 |err|
  --------------------------------------------------------------------------
clear        3,000    0.0197   +0.0003      0.0411      0.0421     0.0739
fog          3,000    0.0291   +0.0013      0.0515      0.0524     0.1233
night        3,000    0.0319   +0.0014      0.0426      0.0434     0.1172
low_sun      3,000    0.0186   +0.0010      0.0313      0.0330     0.0720
shadows      none

  steering tolerance delta_tol = 0.0120 (normalised units), for scale
  wrote /home/za/ad-assurance--workspace/formal-verification--steering--code/results/town06/variance/kd_f50_s3.json
[2026-09-05 13:18:04]   f50 s3 fog p99 0.1233
[2026-09-05 13:18:04] distil S_q6_f50_s4  [DISTILL_INIT_SEED=4 DISTILL_DATA_SEED=4 DISTILL_TRAIN_FRAC=0.5]
S_q6_f50_s4  (101,888 ReLU)  vs  teacher_mixed_t06lap_dagger_r03
52,180 frames, 67,468 cached teacher targets

condition   frames   KD RMSE      bias  teacher|s|  student|s|  p99 |err|
  --------------------------------------------------------------------------
clear        3,000    0.0208   -0.0048      0.0411      0.0405     0.0849
fog          3,000    0.0350   -0.0060      0.0515      0.0490     0.1635
night        3,000    0.0347   -0.0052      0.0426      0.0379     0.1246
low_sun      3,000    0.0236   -0.0034      0.0313      0.0298     0.0750
shadows      none

  steering tolerance delta_tol = 0.0120 (normalised units), for scale
  wrote /home/za/ad-assurance--workspace/formal-verification--steering--code/results/town06/variance/kd_f50_s4.json
[2026-09-05 13:19:30]   f50 s4 fog p99 0.1635
[2026-09-05 13:19:30] distil S_q6_f50_s5  [DISTILL_INIT_SEED=5 DISTILL_DATA_SEED=5 DISTILL_TRAIN_FRAC=0.5]
S_q6_f50_s5  (101,888 ReLU)  vs  teacher_mixed_t06lap_dagger_r03
52,180 frames, 67,468 cached teacher targets

condition   frames   KD RMSE      bias  teacher|s|  student|s|  p99 |err|
  --------------------------------------------------------------------------
clear        3,000    0.0195   -0.0006      0.0411      0.0408     0.0874
fog          3,000    0.0294   +0.0020      0.0515      0.0509     0.1415
night        3,000    0.0306   +0.0016      0.0426      0.0407     0.1159
low_sun      3,000    0.0196   +0.0002      0.0313      0.0310     0.0712
shadows      none

  steering tolerance delta_tol = 0.0120 (normalised units), for scale
  wrote /home/za/ad-assurance--workspace/formal-verification--steering--code/results/town06/variance/kd_f50_s5.json
[2026-09-05 13:21:15]   f50 s5 fog p99 0.1415
[2026-09-05 13:21:15] distil S_q6_f50_s6  [DISTILL_INIT_SEED=6 DISTILL_DATA_SEED=6 DISTILL_TRAIN_FRAC=0.5]
S_q6_f50_s6  (101,888 ReLU)  vs  teacher_mixed_t06lap_dagger_r03
52,180 frames, 67,468 cached teacher targets

condition   frames   KD RMSE      bias  teacher|s|  student|s|  p99 |err|
  --------------------------------------------------------------------------
clear        3,000    0.0181   +0.0003      0.0411      0.0395     0.0581
fog          3,000    0.0289   -0.0004      0.0515      0.0488     0.1447
night        3,000    0.0301   +0.0015      0.0426      0.0389     0.1292
low_sun      3,000    0.0194   +0.0015      0.0313      0.0300     0.0665
shadows      none

  steering tolerance delta_tol = 0.0120 (normalised units), for scale
  wrote /home/za/ad-assurance--workspace/formal-verification--steering--code/results/town06/variance/kd_f50_s6.json
[2026-09-05 13:23:00]   f50 s6 fog p99 0.1447
[2026-09-05 13:23:00] distil S_q6_f50_s7  [DISTILL_INIT_SEED=7 DISTILL_DATA_SEED=7 DISTILL_TRAIN_FRAC=0.5]
S_q6_f50_s7  (101,888 ReLU)  vs  teacher_mixed_t06lap_dagger_r03
52,180 frames, 67,468 cached teacher targets

condition   frames   KD RMSE      bias  teacher|s|  student|s|  p99 |err|
  --------------------------------------------------------------------------
clear        3,000    0.0217   -0.0006      0.0411      0.0401     0.0791
fog          3,000    0.0322   +0.0030      0.0515      0.0488     0.1525
night        3,000    0.0315   +0.0036      0.0426      0.0389     0.1351
low_sun      3,000    0.0240   +0.0006      0.0313      0.0292     0.0761
shadows      none

  steering tolerance delta_tol = 0.0120 (normalised units), for scale
  wrote /home/za/ad-assurance--workspace/formal-verification--steering--code/results/town06/variance/kd_f50_s7.json
[2026-09-05 13:24:53]   f50 s7 fog p99 0.1525
[2026-09-05 13:24:53] --- arm f25 ---
[2026-09-05 13:24:53] distil S_q6_f25_s0  [DISTILL_INIT_SEED=0 DISTILL_DATA_SEED=0 DISTILL_TRAIN_FRAC=0.25]
S_q6_f25_s0  (101,888 ReLU)  vs  teacher_mixed_t06lap_dagger_r03
52,180 frames, 67,468 cached teacher targets

condition   frames   KD RMSE      bias  teacher|s|  student|s|  p99 |err|
  --------------------------------------------------------------------------
clear        3,000    0.0294   -0.0012      0.0411      0.0393     0.1124
fog          3,000    0.0507   +0.0076      0.0515      0.0480     0.2404
night        3,000    0.0442   +0.0006      0.0426      0.0377     0.2147
low_sun      3,000    0.0337   +0.0007      0.0313      0.0307     0.1489
shadows      none

  steering tolerance delta_tol = 0.0120 (normalised units), for scale
  wrote /home/za/ad-assurance--workspace/formal-verification--steering--code/results/town06/variance/kd_f25_s0.json
[2026-09-05 13:26:09]   f25 s0 fog p99 0.2404
[2026-09-05 13:26:09] distil S_q6_f25_s1  [DISTILL_INIT_SEED=1 DISTILL_DATA_SEED=1 DISTILL_TRAIN_FRAC=0.25]
S_q6_f25_s1  (101,888 ReLU)  vs  teacher_mixed_t06lap_dagger_r03
52,180 frames, 67,468 cached teacher targets

condition   frames   KD RMSE      bias  teacher|s|  student|s|  p99 |err|
  --------------------------------------------------------------------------
clear        3,000    0.0287   +0.0003      0.0411      0.0394     0.1045
fog          3,000    0.0480   +0.0005      0.0515      0.0450     0.2341
night        3,000    0.0434   -0.0036      0.0426      0.0384     0.2170
low_sun      3,000    0.0280   -0.0005      0.0313      0.0292     0.1344
shadows      none

  steering tolerance delta_tol = 0.0120 (normalised units), for scale
  wrote /home/za/ad-assurance--workspace/formal-verification--steering--code/results/town06/variance/kd_f25_s1.json
[2026-09-05 13:27:29]   f25 s1 fog p99 0.2341
[2026-09-05 13:27:29] distil S_q6_f25_s2  [DISTILL_INIT_SEED=2 DISTILL_DATA_SEED=2 DISTILL_TRAIN_FRAC=0.25]
S_q6_f25_s2  (101,888 ReLU)  vs  teacher_mixed_t06lap_dagger_r03
52,180 frames, 67,468 cached teacher targets

condition   frames   KD RMSE      bias  teacher|s|  student|s|  p99 |err|
  --------------------------------------------------------------------------
clear        3,000    0.0256   +0.0007      0.0411      0.0397     0.1008
fog          3,000    0.0433   -0.0039      0.0515      0.0486     0.1841
night        3,000    0.0393   +0.0013      0.0426      0.0389     0.1902
low_sun      3,000    0.0237   +0.0005      0.0313      0.0307     0.1070
shadows      none

  steering tolerance delta_tol = 0.0120 (normalised units), for scale
  wrote /home/za/ad-assurance--workspace/formal-verification--steering--code/results/town06/variance/kd_f25_s2.json
[2026-09-05 13:28:43]   f25 s2 fog p99 0.1841
[2026-09-05 13:28:43] distil S_q6_f25_s3  [DISTILL_INIT_SEED=3 DISTILL_DATA_SEED=3 DISTILL_TRAIN_FRAC=0.25]
S_q6_f25_s3  (101,888 ReLU)  vs  teacher_mixed_t06lap_dagger_r03
52,180 frames, 67,468 cached teacher targets

condition   frames   KD RMSE      bias  teacher|s|  student|s|  p99 |err|
  --------------------------------------------------------------------------
clear        3,000    0.0246   +0.0002      0.0411      0.0396     0.1040
fog          3,000    0.0414   +0.0000      0.0515      0.0484     0.1783
night        3,000    0.0378   -0.0005      0.0426      0.0382     0.1650
low_sun      3,000    0.0232   +0.0001      0.0313      0.0302     0.0989
shadows      none

  steering tolerance delta_tol = 0.0120 (normalised units), for scale
  wrote /home/za/ad-assurance--workspace/formal-verification--steering--code/results/town06/variance/kd_f25_s3.json
[2026-09-05 13:30:27]   f25 s3 fog p99 0.1783
[2026-09-05 13:30:27] distil S_q6_f25_s4  [DISTILL_INIT_SEED=4 DISTILL_DATA_SEED=4 DISTILL_TRAIN_FRAC=0.25]
S_q6_f25_s4  (101,888 ReLU)  vs  teacher_mixed_t06lap_dagger_r03
52,180 frames, 67,468 cached teacher targets

condition   frames   KD RMSE      bias  teacher|s|  student|s|  p99 |err|
  --------------------------------------------------------------------------
clear        3,000    0.0266   -0.0006      0.0411      0.0391     0.1104
fog          3,000    0.0446   -0.0009      0.0515      0.0453     0.2260
night        3,000    0.0435   -0.0033      0.0426      0.0374     0.2073
low_sun      3,000    0.0275   -0.0012      0.0313      0.0282     0.1103
shadows      none

  steering tolerance delta_tol = 0.0120 (normalised units), for scale
  wrote /home/za/ad-assurance--workspace/formal-verification--steering--code/results/town06/variance/kd_f25_s4.json
[2026-09-05 13:31:53]   f25 s4 fog p99 0.2260
[2026-09-05 13:31:53] distil S_q6_f25_s5  [DISTILL_INIT_SEED=5 DISTILL_DATA_SEED=5 DISTILL_TRAIN_FRAC=0.25]
S_q6_f25_s5  (101,888 ReLU)  vs  teacher_mixed_t06lap_dagger_r03
52,180 frames, 67,468 cached teacher targets

condition   frames   KD RMSE      bias  teacher|s|  student|s|  p99 |err|
  --------------------------------------------------------------------------
clear        3,000    0.0253   -0.0023      0.0411      0.0399     0.1092
fog          3,000    0.0429   -0.0033      0.0515      0.0504     0.1977
night        3,000    0.0387   -0.0048      0.0426      0.0404     0.1683
low_sun      3,000    0.0231   -0.0039      0.0313      0.0317     0.0983
shadows      none

  steering tolerance delta_tol = 0.0120 (normalised units), for scale
  wrote /home/za/ad-assurance--workspace/formal-verification--steering--code/results/town06/variance/kd_f25_s5.json
[2026-09-05 13:33:30]   f25 s5 fog p99 0.1977
[2026-09-05 13:33:30] distil S_q6_f25_s6  [DISTILL_INIT_SEED=6 DISTILL_DATA_SEED=6 DISTILL_TRAIN_FRAC=0.25]
S_q6_f25_s6  (101,888 ReLU)  vs  teacher_mixed_t06lap_dagger_r03
52,180 frames, 67,468 cached teacher targets

condition   frames   KD RMSE      bias  teacher|s|  student|s|  p99 |err|
  --------------------------------------------------------------------------
clear        3,000    0.0304   -0.0004      0.0411      0.0393     0.1277
fog          3,000    0.0455   -0.0053      0.0515      0.0491     0.2143
night        3,000    0.0393   -0.0027      0.0426      0.0380     0.2025
low_sun      3,000    0.0269   -0.0009      0.0313      0.0299     0.1227
shadows      none

  steering tolerance delta_tol = 0.0120 (normalised units), for scale
  wrote /home/za/ad-assurance--workspace/formal-verification--steering--code/results/town06/variance/kd_f25_s6.json
[2026-09-05 13:34:44]   f25 s6 fog p99 0.2143
[2026-09-05 13:34:44] distil S_q6_f25_s7  [DISTILL_INIT_SEED=7 DISTILL_DATA_SEED=7 DISTILL_TRAIN_FRAC=0.25]
S_q6_f25_s7  (101,888 ReLU)  vs  teacher_mixed_t06lap_dagger_r03
52,180 frames, 67,468 cached teacher targets

condition   frames   KD RMSE      bias  teacher|s|  student|s|  p99 |err|
  --------------------------------------------------------------------------
clear        3,000    0.0297   +0.0015      0.0411      0.0392     0.1270
fog          3,000    0.0456   +0.0048      0.0515      0.0469     0.2254
night        3,000    0.0417   +0.0030      0.0426      0.0377     0.2230
low_sun      3,000    0.0278   +0.0028      0.0313      0.0286     0.1302
shadows      none

  steering tolerance delta_tol = 0.0120 (normalised units), for scale
  wrote /home/za/ad-assurance--workspace/formal-verification--steering--code/results/town06/variance/kd_f25_s7.json
[2026-09-05 13:36:13]   f25 s7 fog p99 0.2254
[2026-09-05 13:36:13] === Q6 complete; summarise with scripts/q6_summarise.py ===
