  launching CARLA WINDOWED on DISPLAY=:0 (quality=Epic, extra=[-notexturestreaming])
loading Town06 (server is on Carla/Maps/Town10HD_Opt)
CARLA ready on 3000 after 43s (map Carla/Maps/Town06)
  determinism preflight OK (lock intact; D-3/D-5 verified on the live server)
  D-7 floor remains: closed-loop numbers are still RATES over >=10 repetitions
  launching CARLA WINDOWED on DISPLAY=:0 (quality=Epic, extra=[-notexturestreaming])
loading Town06 (server is on Carla/Maps/Town10HD_Opt)
CARLA ready on 3000 after 44s (map Carla/Maps/Town06)
  DETERMINISM PREFLIGHT FAILED:
    - D-3/D-5: no CarlaUE4 server found serving rpc-port 3000; cannot verify its launch flags
FATAL: the server on 3000 violates the determinism rules (above).
  launching CARLA WINDOWED on DISPLAY=:0 (quality=Epic, extra=[-notexturestreaming])
loading Town06 (server is on Carla/Maps/Town10HD_Opt)
CARLA ready on 3000 after 43s (map Carla/Maps/Town06)
  determinism preflight OK (lock intact; D-3/D-5 verified on the live server)
  D-7 floor remains: closed-loop numbers are still RATES over >=10 repetitions
  launching CARLA WINDOWED on DISPLAY=:0 (quality=Epic, extra=[-notexturestreaming])
CARLA ready on 3000 after 0s (map Carla/Maps/Town06)
  determinism preflight OK (lock intact; D-3/D-5 verified on the live server)
  D-7 floor remains: closed-loop numbers are still RATES over >=10 repetitions
Terminated
  launching CARLA WINDOWED on DISPLAY=:0 (quality=Epic, extra=[-notexturestreaming])
loading Town06 (server is on Carla/Maps/Town10HD_Opt)
CARLA ready on 3000 after 44s (map Carla/Maps/Town06)
  determinism preflight OK (lock intact; D-3/D-5 verified on the live server)
  D-7 floor remains: closed-loop numbers are still RATES over >=10 repetitions
Terminated
  launching CARLA WINDOWED on DISPLAY=:0 (quality=Epic, extra=[-notexturestreaming])
loading Town06 (server is on Carla/Maps/Town10HD_Opt)
CARLA ready on 3000 after 45s (map Carla/Maps/Town06)
  determinism preflight OK (lock intact; D-3/D-5 verified on the live server)
  D-7 floor remains: closed-loop numbers are still RATES over >=10 repetitions
Terminated
  launching CARLA WINDOWED on DISPLAY=:0 (quality=Epic, extra=[-notexturestreaming])
loading Town06 (server is on Carla/Maps/Town10HD_Opt)
CARLA ready on 3000 after 43s (map Carla/Maps/Town06)
  determinism preflight OK (lock intact; D-3/D-5 verified on the live server)
  D-7 floor remains: closed-loop numbers are still RATES over >=10 repetitions
Terminated
  launching CARLA WINDOWED on DISPLAY=:0 (quality=Epic, extra=[-notexturestreaming])
loading Town06 (server is on Carla/Maps/Town10HD_Opt)
CARLA ready on 3000 after 46s (map Carla/Maps/Town06)
  determinism preflight OK (lock intact; D-3/D-5 verified on the live server)
  D-7 floor remains: closed-loop numbers are still RATES over >=10 repetitions
Terminated
  launching CARLA WINDOWED on DISPLAY=:0 (quality=Epic, extra=[-notexturestreaming])
loading Town06 (server is on Carla/Maps/Town10HD_Opt)
CARLA ready on 3000 after 42s (map Carla/Maps/Town06)
  determinism preflight OK (lock intact; D-3/D-5 verified on the live server)
  D-7 floor remains: closed-loop numbers are still RATES over >=10 repetitions
Terminated
  launching CARLA WINDOWED on DISPLAY=:0 (quality=Epic, extra=[-notexturestreaming])
loading Town06 (server is on Carla/Maps/Town10HD_Opt)
CARLA ready on 3000 after 43s (map Carla/Maps/Town06)
  determinism preflight OK (lock intact; D-3/D-5 verified on the live server)
  D-7 floor remains: closed-loop numbers are still RATES over >=10 repetitions
Terminated
  launching CARLA WINDOWED on DISPLAY=:0 (quality=Epic, extra=[-notexturestreaming])
loading Town06 (server is on Carla/Maps/Town10HD_Opt)
CARLA ready on 3000 after 43s (map Carla/Maps/Town06)
  determinism preflight OK (lock intact; D-3/D-5 verified on the live server)
  D-7 floor remains: closed-loop numbers are still RATES over >=10 repetitions
Terminated
  launching CARLA WINDOWED on DISPLAY=:0 (quality=Epic, extra=[-notexturestreaming])
loading Town06 (server is on Carla/Maps/Town10HD_Opt)
CARLA ready on 3000 after 44s (map Carla/Maps/Town06)
  DETERMINISM PREFLIGHT FAILED:
    - D-3/D-5: no CarlaUE4 server found serving rpc-port 3000; cannot verify its launch flags
FATAL: the server on 3000 violates the determinism rules (above).
  launching CARLA WINDOWED on DISPLAY=:0 (quality=Epic, extra=[-notexturestreaming])
loading Town06 (server is on Carla/Maps/Town10HD_Opt)
CARLA ready on 3000 after 44s (map Carla/Maps/Town06)
  determinism preflight OK (lock intact; D-3/D-5 verified on the live server)
  D-7 floor remains: closed-loop numbers are still RATES over >=10 repetitions
  launching CARLA WINDOWED on DISPLAY=:0 (quality=Epic, extra=[-notexturestreaming])
loading Town06 (server is on Carla/Maps/Town10HD_Opt)
CARLA ready on 3000 after 43s (map Carla/Maps/Town06)
  determinism preflight OK (lock intact; D-3/D-5 verified on the live server)
  D-7 floor remains: closed-loop numbers are still RATES over >=10 repetitions
Terminated
  launching CARLA WINDOWED on DISPLAY=:0 (quality=Epic, extra=[-notexturestreaming])
loading Town06 (server is on Carla/Maps/Town10HD_Opt)
CARLA ready on 3000 after 45s (map Carla/Maps/Town06)
  determinism preflight OK (lock intact; D-3/D-5 verified on the live server)
  D-7 floor remains: closed-loop numbers are still RATES over >=10 repetitions
Terminated
  launching CARLA WINDOWED on DISPLAY=:0 (quality=Epic, extra=[-notexturestreaming])
loading Town06 (server is on Carla/Maps/Town10HD_Opt)
CARLA ready on 3000 after 43s (map Carla/Maps/Town06)
  determinism preflight OK (lock intact; D-3/D-5 verified on the live server)
  D-7 floor remains: closed-loop numbers are still RATES over >=10 repetitions
Terminated
  launching CARLA WINDOWED on DISPLAY=:0 (quality=Epic, extra=[-notexturestreaming])
loading Town06 (server is on Carla/Maps/Town10HD_Opt)
CARLA ready on 3000 after 43s (map Carla/Maps/Town06)
  determinism preflight OK (lock intact; D-3/D-5 verified on the live server)
  D-7 floor remains: closed-loop numbers are still RATES over >=10 repetitions
Terminated
  launching CARLA WINDOWED on DISPLAY=:0 (quality=Epic, extra=[-notexturestreaming])
loading Town06 (server is on Carla/Maps/Town10HD_Opt)
CARLA ready on 3000 after 44s (map Carla/Maps/Town06)
  determinism preflight OK (lock intact; D-3/D-5 verified on the live server)
  D-7 floor remains: closed-loop numbers are still RATES over >=10 repetitions
Terminated
  launching CARLA WINDOWED on DISPLAY=:0 (quality=Epic, extra=[-notexturestreaming])
loading Town06 (server is on Carla/Maps/Town10HD_Opt)
CARLA ready on 3000 after 43s (map Carla/Maps/Town06)
  determinism preflight OK (lock intact; D-3/D-5 verified on the live server)
  D-7 floor remains: closed-loop numbers are still RATES over >=10 repetitions
Terminated
